Archive member included because of file (symbol)

c:/winavr-20081205/bin/../lib/gcc/avr/4.3.2/../../../../avr/lib/avr5\libm.a(addsf3.o)
                              lbRTOS.o (__subsf3)
c:/winavr-20081205/bin/../lib/gcc/avr/4.3.2/../../../../avr/lib/avr5\libm.a(addsf3x.o)
                              c:/winavr-20081205/bin/../lib/gcc/avr/4.3.2/../../../../avr/lib/avr5\libm.a(addsf3.o) (__addsf3x)
c:/winavr-20081205/bin/../lib/gcc/avr/4.3.2/../../../../avr/lib/avr5\libm.a(atan2.o)
                              lbRTOS.o (atan2)
c:/winavr-20081205/bin/../lib/gcc/avr/4.3.2/../../../../avr/lib/avr5\libm.a(atan.o)
                              c:/winavr-20081205/bin/../lib/gcc/avr/4.3.2/../../../../avr/lib/avr5\libm.a(atan2.o) (atan)
c:/winavr-20081205/bin/../lib/gcc/avr/4.3.2/../../../../avr/lib/avr5\libm.a(cmpsf2.o)
                              rprintf.o (__eqsf2)
c:/winavr-20081205/bin/../lib/gcc/avr/4.3.2/../../../../avr/lib/avr5\libm.a(divsf3.o)
                              lbRTOS.o (__divsf3)
c:/winavr-20081205/bin/../lib/gcc/avr/4.3.2/../../../../avr/lib/avr5\libm.a(divsf3x.o)
                              c:/winavr-20081205/bin/../lib/gcc/avr/4.3.2/../../../../avr/lib/avr5\libm.a(divsf3.o) (__divsf3x)
c:/winavr-20081205/bin/../lib/gcc/avr/4.3.2/../../../../avr/lib/avr5\libm.a(fixsfsi.o)
                              lbRTOS.o (__fixsfsi)
c:/winavr-20081205/bin/../lib/gcc/avr/4.3.2/../../../../avr/lib/avr5\libm.a(fixunssfsi.o)
                              timer640.o (__fixunssfsi)
c:/winavr-20081205/bin/../lib/gcc/avr/4.3.2/../../../../avr/lib/avr5\libm.a(floatsisf.o)
                              lbRTOS.o (__floatunsisf)
c:/winavr-20081205/bin/../lib/gcc/avr/4.3.2/../../../../avr/lib/avr5\libm.a(floor.o)
                              lbRTOS.o (floor)
c:/winavr-20081205/bin/../lib/gcc/avr/4.3.2/../../../../avr/lib/avr5\libm.a(fp_cmp.o)
                              c:/winavr-20081205/bin/../lib/gcc/avr/4.3.2/../../../../avr/lib/avr5\libm.a(cmpsf2.o) (__fp_cmp)
c:/winavr-20081205/bin/../lib/gcc/avr/4.3.2/../../../../avr/lib/avr5\libm.a(fp_inf.o)
                              c:/winavr-20081205/bin/../lib/gcc/avr/4.3.2/../../../../avr/lib/avr5\libm.a(addsf3x.o) (__fp_inf)
c:/winavr-20081205/bin/../lib/gcc/avr/4.3.2/../../../../avr/lib/avr5\libm.a(fp_mintl.o)
                              c:/winavr-20081205/bin/../lib/gcc/avr/4.3.2/../../../../avr/lib/avr5\libm.a(floor.o) (__fp_mintl)
c:/winavr-20081205/bin/../lib/gcc/avr/4.3.2/../../../../avr/lib/avr5\libm.a(fp_mpack.o)
                              c:/winavr-20081205/bin/../lib/gcc/avr/4.3.2/../../../../avr/lib/avr5\libm.a(floor.o) (__fp_mpack)
c:/winavr-20081205/bin/../lib/gcc/avr/4.3.2/../../../../avr/lib/avr5\libm.a(fp_nan.o)
                              c:/winavr-20081205/bin/../lib/gcc/avr/4.3.2/../../../../avr/lib/avr5\libm.a(addsf3x.o) (__fp_nan)
c:/winavr-20081205/bin/../lib/gcc/avr/4.3.2/../../../../avr/lib/avr5\libm.a(fp_powser.o)
                              c:/winavr-20081205/bin/../lib/gcc/avr/4.3.2/../../../../avr/lib/avr5\libm.a(atan.o) (__fp_powser)
c:/winavr-20081205/bin/../lib/gcc/avr/4.3.2/../../../../avr/lib/avr5\libm.a(fp_pscA.o)
                              c:/winavr-20081205/bin/../lib/gcc/avr/4.3.2/../../../../avr/lib/avr5\libm.a(addsf3x.o) (__fp_pscA)
c:/winavr-20081205/bin/../lib/gcc/avr/4.3.2/../../../../avr/lib/avr5\libm.a(fp_pscB.o)
                              c:/winavr-20081205/bin/../lib/gcc/avr/4.3.2/../../../../avr/lib/avr5\libm.a(addsf3x.o) (__fp_pscB)
c:/winavr-20081205/bin/../lib/gcc/avr/4.3.2/../../../../avr/lib/avr5\libm.a(fp_round.o)
                              c:/winavr-20081205/bin/../lib/gcc/avr/4.3.2/../../../../avr/lib/avr5\libm.a(addsf3.o) (__fp_round)
c:/winavr-20081205/bin/../lib/gcc/avr/4.3.2/../../../../avr/lib/avr5\libm.a(fp_split3.o)
                              c:/winavr-20081205/bin/../lib/gcc/avr/4.3.2/../../../../avr/lib/avr5\libm.a(addsf3x.o) (__fp_split3)
c:/winavr-20081205/bin/../lib/gcc/avr/4.3.2/../../../../avr/lib/avr5\libm.a(fp_trunc.o)
                              c:/winavr-20081205/bin/../lib/gcc/avr/4.3.2/../../../../avr/lib/avr5\libm.a(floor.o) (__fp_trunc)
c:/winavr-20081205/bin/../lib/gcc/avr/4.3.2/../../../../avr/lib/avr5\libm.a(fp_zero.o)
                              c:/winavr-20081205/bin/../lib/gcc/avr/4.3.2/../../../../avr/lib/avr5\libm.a(addsf3x.o) (__fp_zero)
c:/winavr-20081205/bin/../lib/gcc/avr/4.3.2/../../../../avr/lib/avr5\libm.a(gesf2.o)
                              lbRTOS.o (__gtsf2)
c:/winavr-20081205/bin/../lib/gcc/avr/4.3.2/../../../../avr/lib/avr5\libm.a(inverse.o)
                              c:/winavr-20081205/bin/../lib/gcc/avr/4.3.2/../../../../avr/lib/avr5\libm.a(atan.o) (inverse)
c:/winavr-20081205/bin/../lib/gcc/avr/4.3.2/../../../../avr/lib/avr5\libm.a(mulsf3.o)
                              lbRTOS.o (__mulsf3)
c:/winavr-20081205/bin/../lib/gcc/avr/4.3.2/../../../../avr/lib/avr5\libm.a(mulsf3x.o)
                              c:/winavr-20081205/bin/../lib/gcc/avr/4.3.2/../../../../avr/lib/avr5\libm.a(atan.o) (__mulsf3x)
c:/winavr-20081205/bin/../lib/gcc/avr/4.3.2/../../../../avr/lib/avr5\libm.a(square.o)
                              c:/winavr-20081205/bin/../lib/gcc/avr/4.3.2/../../../../avr/lib/avr5\libm.a(atan.o) (square)
c:/winavr-20081205/bin/../lib/gcc/avr/4.3.2/../../../../avr/lib/avr5\libc.a(exit.o)
                              c:/winavr-20081205/bin/../lib/gcc/avr/4.3.2/../../../../avr/lib/avr5/crtm640.o (exit)
c:/winavr-20081205/bin/../lib/gcc/avr/4.3.2/../../../../avr/lib/avr5\libc.a(memcpy.o)
                              queue.o (memcpy)
c:/winavr-20081205/bin/../lib/gcc/avr/4.3.2/../../../../avr/lib/avr5\libc.a(memset.o)
                              tasks.o (memset)
c:/winavr-20081205/bin/../lib/gcc/avr/4.3.2/../../../../avr/lib/avr5\libc.a(strncpy.o)
                              tasks.o (strncpy)
c:/winavr-20081205/bin/../lib/gcc/avr/4.3.2/avr5\libgcc.a(_mulsi3.o)
                              lbRTOS.o (__mulsi3)
c:/winavr-20081205/bin/../lib/gcc/avr/4.3.2/avr5\libgcc.a(_udivmodhi4.o)
                              buffer.o (__udivmodhi4)
c:/winavr-20081205/bin/../lib/gcc/avr/4.3.2/avr5\libgcc.a(_divmodhi4.o)
                              lbRTOS.o (__divmodhi4)
c:/winavr-20081205/bin/../lib/gcc/avr/4.3.2/avr5\libgcc.a(_udivmodsi4.o)
                              uart4.o (__udivmodsi4)
c:/winavr-20081205/bin/../lib/gcc/avr/4.3.2/avr5\libgcc.a(_divmodsi4.o)
                              lbRTOS.o (__divmodsi4)
c:/winavr-20081205/bin/../lib/gcc/avr/4.3.2/avr5\libgcc.a(_exit.o)
                              c:/winavr-20081205/bin/../lib/gcc/avr/4.3.2/../../../../avr/lib/avr5\libc.a(exit.o) (_exit)
c:/winavr-20081205/bin/../lib/gcc/avr/4.3.2/avr5\libgcc.a(_copy_data.o)
                              lbRTOS.o (__do_copy_data)
c:/winavr-20081205/bin/../lib/gcc/avr/4.3.2/avr5\libgcc.a(_clear_bss.o)
                              lbRTOS.o (__do_clear_bss)

Allocating common symbols
Common symbol       size              file

uartReadyTx         0x4               uart4.o
elapsed_time        0x4               lbRTOS.o
timer4_ovrflow_cnt  0x4               timer640.o
timer1_ovrflow_cnt  0x4               timer640.o
timer0_ovrflow_cnt  0x4               timer640.o
uartRxBuffer        0x20              uart4.o
timer2_ovrflow_cnt  0x4               timer640.o
timer_sleep_cnt     0x4               timer640.o
uartBufferedTx      0x4               uart4.o
robot               0xc               lbRTOS.o
key                 0x1               lbRTOS.o
a2dCompleteFlag     0x1               a2d.o
dRL                 0x2               lbRTOS.o
timer3_ovrflow_cnt  0x4               timer640.o
uartTxBuffer        0x20              uart4.o
timer5_ovrflow_cnt  0x4               timer640.o
uartRxOverflow      0x8               uart4.o
lds_buffer          0x400             lbRTOS.o
dis_enc_heading     0x4               lbRTOS.o

Memory Configuration

Name             Origin             Length             Attributes
text             0x00000000         0x00020000         xr
data             0x00800060         0x0000ffa0         rw !x
eeprom           0x00810000         0x00010000         rw !x
fuse             0x00820000         0x00000400         rw !x
lock             0x00830000         0x00000400         rw !x
signature        0x00840000         0x00000400         rw !x
*default*        0x00000000         0xffffffff

Linker script and memory map

Address of section .data set to 0x800200
LOAD c:/winavr-20081205/bin/../lib/gcc/avr/4.3.2/../../../../avr/lib/avr5/crtm640.o
LOAD lbRTOS.o
LOAD list.o
LOAD queue.o
LOAD tasks.o
LOAD port.o
LOAD croutine.o
LOAD heap_1.o
LOAD timer640.o
LOAD uart4.o
LOAD buffer.o
LOAD a2d.o
LOAD rprintf.o
LOAD i2c.o
LOAD c:/winavr-20081205/bin/../lib/gcc/avr/4.3.2/../../../../avr/lib/avr5\libm.a
LOAD c:/winavr-20081205/bin/../lib/gcc/avr/4.3.2/../../../../avr/lib/avr5\libc.a
LOAD c:/winavr-20081205/bin/../lib/gcc/avr/4.3.2/avr5\libgcc.a
LOAD c:/winavr-20081205/bin/../lib/gcc/avr/4.3.2/../../../../avr/lib/avr5\libc.a
LOAD c:/winavr-20081205/bin/../lib/gcc/avr/4.3.2/avr5\libgcc.a

.hash
 *(.hash)

.dynsym
 *(.dynsym)

.dynstr
 *(.dynstr)

.gnu.version
 *(.gnu.version)

.gnu.version_d
 *(.gnu.version_d)

.gnu.version_r
 *(.gnu.version_r)

.rel.init
 *(.rel.init)

.rela.init
 *(.rela.init)

.rel.text
 *(.rel.text)
 *(.rel.text.*)
 *(.rel.gnu.linkonce.t*)

.rela.text
 *(.rela.text)
 *(.rela.text.*)
 *(.rela.gnu.linkonce.t*)

.rel.fini
 *(.rel.fini)

.rela.fini
 *(.rela.fini)

.rel.rodata
 *(.rel.rodata)
 *(.rel.rodata.*)
 *(.rel.gnu.linkonce.r*)

.rela.rodata
 *(.rela.rodata)
 *(.rela.rodata.*)
 *(.rela.gnu.linkonce.r*)

.rel.data
 *(.rel.data)
 *(.rel.data.*)
 *(.rel.gnu.linkonce.d*)

.rela.data
 *(.rela.data)
 *(.rela.data.*)
 *(.rela.gnu.linkonce.d*)

.rel.ctors
 *(.rel.ctors)

.rela.ctors
 *(.rela.ctors)

.rel.dtors
 *(.rel.dtors)

.rela.dtors
 *(.rela.dtors)

.rel.got
 *(.rel.got)

.rela.got
 *(.rela.got)

.rel.bss
 *(.rel.bss)

.rela.bss
 *(.rela.bss)

.rel.plt
 *(.rel.plt)

.rela.plt
 *(.rela.plt)

.text           0x00000000     0x5ca4
 *(.vectors)
 .vectors       0x00000000       0xe4 c:/winavr-20081205/bin/../lib/gcc/avr/4.3.2/../../../../avr/lib/avr5/crtm640.o
                0x00000000                __vectors
 *(.vectors)
 *(.progmem.gcc*)
 .progmem.gcc_fplib
                0x000000e4       0x2d c:/winavr-20081205/bin/../lib/gcc/avr/4.3.2/../../../../avr/lib/avr5\libm.a(atan.o)
 *(.progmem*)
 .progmem.data  0x00000111       0x60 lbRTOS.o
 .progmem.data  0x00000171       0x2d timer640.o
                0x00000171                TimerPrescaleFactor
                0x0000017d                Timer2PrescaleFactor
 .progmem.data  0x0000019e       0x11 rprintf.o
                0x000001b0                . = ALIGN (0x2)
 *fill*         0x000001af        0x1 00
                0x000001b0                __trampolines_start = .
 *(.trampolines)
 .trampolines   0x000001b0        0x0 linker stubs
 *(.trampolines*)
                0x000001b0                __trampolines_end = .
 *(.jumptables)
 *(.jumptables*)
 *(.lowtext)
 *(.lowtext*)
                0x000001b0                __ctors_start = .
 *(.ctors)
                0x000001b0                __ctors_end = .
                0x000001b0                __dtors_start = .
 *(.dtors)
                0x000001b0                __dtors_end = .
 SORT(*)(.ctors)
 SORT(*)(.dtors)
 *(.init0)
 .init0         0x000001b0        0x0 c:/winavr-20081205/bin/../lib/gcc/avr/4.3.2/../../../../avr/lib/avr5/crtm640.o
                0x000001b0                __init
 *(.init0)
 *(.init1)
 *(.init1)
 *(.init2)
 .init2         0x000001b0        0xc c:/winavr-20081205/bin/../lib/gcc/avr/4.3.2/../../../../avr/lib/avr5/crtm640.o
 *(.init2)
 *(.init3)
 *(.init3)
 *(.init4)
 .init4         0x000001bc       0x16 c:/winavr-20081205/bin/../lib/gcc/avr/4.3.2/avr5\libgcc.a(_copy_data.o)
                0x000001bc                __do_copy_data
 .init4         0x000001d2       0x10 c:/winavr-20081205/bin/../lib/gcc/avr/4.3.2/avr5\libgcc.a(_clear_bss.o)
                0x000001d2                __do_clear_bss
 *(.init4)
 *(.init5)
 *(.init5)
 *(.init6)
 *(.init6)
 *(.init7)
 *(.init7)
 *(.init8)
 *(.init8)
 *(.init9)
 .init9         0x000001e2        0x8 c:/winavr-20081205/bin/../lib/gcc/avr/4.3.2/../../../../avr/lib/avr5/crtm640.o
 *(.init9)
 *(.text)
 .text          0x000001ea        0x4 c:/winavr-20081205/bin/../lib/gcc/avr/4.3.2/../../../../avr/lib/avr5/crtm640.o
                0x000001ea                __vector_28
                0x000001ea                __vector_1
                0x000001ea                __vector_24
                0x000001ea                __vector_12
                0x000001ea                __vector_55
                0x000001ea                __bad_interrupt
                0x000001ea                __vector_6
                0x000001ea                __vector_3
                0x000001ea                __vector_30
                0x000001ea                __vector_11
                0x000001ea                __vector_7
                0x000001ea                __vector_5
                0x000001ea                __vector_52
                0x000001ea                __vector_37
                0x000001ea                __vector_4
                0x000001ea                __vector_9
                0x000001ea                __vector_2
                0x000001ea                __vector_40
                0x000001ea                __vector_8
                0x000001ea                __vector_26
                0x000001ea                __vector_10
 .text          0x000001ee     0x1980 lbRTOS.o
                0x000011b4                vLight1On
                0x0000060c                PWM_timer3_Off_All
                0x00001452                vPID
                0x00000576                PWM_timer3_Off_E4
                0x00000b3e                wheel_L
                0x00000d0e                vServoTm
                0x0000076e                sin_SoR
                0x0000026a                PWM_Init_timer3_E3
                0x00000e98                fwdSer_R
                0x0000032a                PWM_Init_timer4_H3
                0x0000139a                send_frame
                0x00000ae2                LDSRcv
                0x0000050a                PWM_timer4_On_H3
                0x000005ee                PWM_timer2_Off_All
                0x000006b0                PWM_timer4_Set_H4
                0x000006f4                delay_cycles
                0x00000c6a                num2char
                0x00000692                PWM_timer3_Set_E4
                0x00000642                PWM_timer4_Off_All
                0x00001804                ubRcv
                0x0000087e                char2hex
                0x000006fa                LED_on
                0x00000678                PWM_timer1_Set_LED
                0x00000688                PWM_timer3_Set_E3
                0x00000fb8                vScript
                0x00000682                PWM_timer2_Set_H6
                0x0000022e                PWM_Init_timer2_H6
                0x00001210                vEnc_UpdatePose
                0x000006ba                PWM_timer4_Set_H5
                0x000003ea                timer1PWMInitICR
                0x00001958                prvSetupHardware
                0x000004c2                PWM_timer2_On_H6
                0x00000864                prvPWMSetup
                0x00000552                PWM_timer2_Off_H6
                0x000001ee                PWM_Init_timer1_LED
                0x0000046e                timer4PWMInitICR
                0x00000718                cos_SoR
                0x000006f6                LED_off
                0x0000051c                PWM_timer4_On_H4
                0x000004d4                PWM_timer3_On_E3
                0x00000bd4                wheel_R
                0x0000042c                timer3PWMInitICR
                0x00000896                retConv_s16
                0x0000059a                PWM_timer4_Off_H3
                0x00000d78                fwdSer_L
                0x00001a84                main
                0x000006fe                button_pressed
                0x000010be                vServoOsc
                0x00000564                PWM_timer3_Off_E3
                0x000006a6                PWM_timer4_Set_H3
                0x00000c80                vUpdatePose
                0x000005ac                PWM_timer4_Off_H4
                0x000002aa                PWM_Init_timer3_E4
                0x000006c4                configure_ports
                0x00000934                retConv_s32
                0x000011e2                vLight0On
                0x000007cc                tan_SoR
                0x0000036a                PWM_Init_timer4_H4
                0x000004b0                PWM_timer1_On_LED
                0x0000052e                PWM_timer4_On_H5
                0x00000b0e                read_LDS
                0x000002ea                PWM_Init_timer3_E5
                0x000005be                PWM_timer4_Off_H5
                0x000004e6                PWM_timer3_On_E4
                0x000004f8                PWM_timer3_On_E5
                0x00000540                PWM_timer1_Off_LED
                0x00000588                PWM_timer3_Off_E5
                0x000003aa                PWM_Init_timer4_H5
                0x000005d0                PWM_timer1_Off_All
                0x0000069c                PWM_timer3_Set_E5
 .text          0x00001b6e      0x134 list.o
                0x00001b96                vListInsertEnd
                0x00001c52                vListRemove
                0x00001b8e                vListInitialiseItem
                0x00001b6e                vListInitialise
                0x00001be8                vListInsert
 .text          0x00001ca2      0x5ca queue.o
                0x00001df6                xQueueGenericSendFromISR
                0x000021a6                xQueueCreate
                0x00001cda                vQueueDelete
                0x0000205e                xQueueGenericSend
                0x00001cf6                xQueueReceiveFromISR
                0x00001cc8                xQueueIsQueueFullFromISR
                0x00001ec6                xQueueGenericReceive
                0x00001ca2                uxQueueMessagesWaiting
                0x00001cb2                uxQueueMessagesWaitingFromISR
                0x00001cb8                xQueueIsQueueEmptyFromISR
 .text          0x0000226c      0x918 tasks.o
                0x0000285a                vTaskEndScheduler
                0x00002528                vTaskPlaceOnEventList
                0x000028e6                xTaskGenericCreate
                0x00002278                xTaskGetTickCount
                0x000023b6                xTaskRemoveFromEventList
                0x000027c0                vTaskDelete
                0x0000233a                xTaskCheckForTimeOut
                0x0000226c                vTaskSuspendAll
                0x0000228e                xTaskGetTickCountFromISR
                0x000022a0                vTaskSwitchContext
                0x0000229a                uxTaskGetNumberOfTasks
                0x0000243c                vTaskIncrementTick
                0x00002712                vTaskDelayUntil
                0x0000259a                xTaskResumeAll
                0x00002b2e                vTaskStartScheduler
                0x000023ae                vTaskMissedYield
                0x00002696                vTaskDelay
                0x00002324                vTaskSetTimeOutState
 .text          0x00002b84      0x274 port.o
                0x00002c14                xPortStartScheduler
                0x00002c8a                vPortYieldFromTick
                0x00002c88                vPortEndScheduler
                0x00002d40                __vector_17
                0x00002d46                vPortYield
                0x00002b84                pxPortInitialiseStack
 .text          0x00002df8      0x394 croutine.o
                0x00002df8                xCoRoutineRemoveFromEventList
                0x00003098                xCoRoutineCreate
                0x00002e4e                vCoRoutineSchedule
                0x0000301e                vCoRoutineAddToDelayedList
 .text          0x0000318c       0x6e heap_1.o
                0x00003198                xPortGetFreeHeapSize
                0x0000318c                vPortFree
                0x000031ac                pvPortMalloc
                0x0000318e                vPortInitialiseBlocks
 .text          0x000031fa      0xdfa timer640.o
                0x0000393e                __vector_22
                0x0000327c                get_timer3_prescaler
                0x0000338e                reset_timer0
                0x00003422                init_timer0
                0x00003244                get_timer1_prescaler
                0x00003bb4                __vector_32
                0x00003312                get_timer3_overflow
                0x00003328                get_timer4_overflow
                0x00003382                get_timer5_counter
                0x00003c68                __vector_34
                0x00003376                get_timer4_counter
                0x00003482                init_timer3
                0x00003e2a                __vector_46
                0x00003b5a                __vector_31
                0x00003518                sleep
                0x00003500                timer_detach
                0x000034a6                init_timer4
                0x00003764                __vector_35
                0x00003406                reset_timer5
                0x000035be                __vector_23
                0x000037e4                __vector_45
                0x00003260                get_timer2_prescaler
                0x00003212                prescaler_hex_to_value_for_timer2
                0x00003aa6                __vector_13
                0x00003354                get_timer0_counter
                0x00003a4c                __vector_19
                0x00003364                get_timer2_counter
                0x00003f38                __vector_49
                0x00003cc2                __vector_41
                0x000031fa                prescaler_hex_to_value
                0x00003d76                __vector_43
                0x000032e6                get_timer1_overflow
                0x00003f92                __vector_default
                0x00003c0e                __vector_33
                0x000033d2                reset_timer3
                0x00003e84                __vector_47
                0x000032d0                get_timer0_overflow
                0x00003420                delay_us
                0x00003298                get_timer4_prescaler
                0x000032fc                get_timer2_overflow
                0x000033ec                reset_timer4
                0x00003dd0                __vector_44
                0x000034ca                init_timer5
                0x000038e4                __vector_21
                0x000036e4                __vector_15
                0x0000336a                get_timer3_counter
                0x00003512                _delay_loop_2
                0x0000343e                init_timer1
                0x000032b4                get_timer5_prescaler
                0x00003ede                __vector_48
                0x0000333e                get_timer5_overflow
                0x000033a2                reset_timer1
                0x00003b00                __vector_14
                0x00003358                get_timer1_counter
                0x000034ee                timer_attach
                0x0000322a                get_timer0_prescaler
                0x00003864                __vector_50
                0x00003998                __vector_16
                0x000039f2                __vector_18
                0x000033bc                reset_timer2
                0x00003664                __vector_20
                0x00003462                init_timer2
                0x00003d1c                __vector_42
 .text          0x00003ff4      0x874 uart4.o
                0x00004502                __vector_38
                0x00004596                uartSendTxBuffer
                0x0000413c                uartReceiveService
                0x000043c8                uart2AddToTxBuffer
                0x000040a4                uartSendByte
                0x000047fe                uart0InitBuffers
                0x00004106                uart2SendByte
                0x00004680                uart1GetByte
                0x000045c4                uartReceiveByte
                0x000042dc                uartSendBuffer
                0x00004292                __vector_25
                0x000046b0                uart0GetByte
                0x000043a6                uartAddToTxBuffer
                0x000041b4                __vector_54
                0x00004110                uart3SendByte
                0x000043ec                uartTransmitService
                0x00003ff4                uartSetRxHandler
                0x0000446e                __vector_56
                0x00004820                uart0Init
                0x000047c8                uart1Init
                0x000046e0                uartFlushReceiveBuffer
                0x0000454c                __vector_27
                0x00004856                uartInit
                0x000040f2                uart0SendByte
                0x0000411a                uartReceiveBufferIsEmpty
                0x00004718                uart3Init
                0x0000400a                uartSetBaudRate
                0x000043bc                uart3AddToTxBuffer
                0x000046f6                uart3InitBuffers
                0x000040fc                uart1SendByte
                0x0000408e                uartGetTxBuffer
                0x000041fe                __vector_51
                0x00004078                uartGetRxBuffer
                0x00004770                uart2Init
                0x00004248                __vector_36
                0x000047a6                uart1InitBuffers
                0x000043e0                uart0AddToTxBuffer
                0x0000474e                uart2InitBuffers
                0x00004650                uart2GetByte
                0x000044b8                __vector_53
                0x00004620                uart3GetByte
                0x000043d4                uart1AddToTxBuffer
 .text          0x00004868      0x160 buffer.o
                0x000049a2                bufferIsNotFull
                0x00004882                bufferGetFromFront
                0x0000492c                bufferGetAtIndex
                0x000048e8                bufferDumpFromFront
                0x00004868                bufferInit
                0x00004954                bufferAddToEnd
                0x000049ba                bufferFlush
 .text          0x000049c8      0x116 a2d.o
                0x00004a58                a2dIsComplete
                0x00004ab2                a2dConvert8bit
                0x00004a00                a2dOff
                0x00004a12                a2dSetPrescaler
                0x00004a60                a2dConvert10bit
                0x000049c8                a2dInit
                0x00004a20                a2dSetReference
                0x00004ac0                __vector_29
                0x00004a36                a2dSetChannel
                0x00004a46                a2dStartConvert
 .text          0x00004ade      0x570 rprintf.o
                0x00004f26                rprintf1RamRom
                0x00004bc4                rprintfu08
                0x00004bee                rprintfu32
                0x00004b0c                rprintfStr
                0x00004d94                rprintfFloat
                0x00004b2a                rprintfStrLen
                0x00004b86                rprintfProgStr
                0x00004bda                rprintfu16
                0x00004ade                rprintfInit
                0x00004ae8                rprintfChar
                0x00004ba6                rprintfCRLF
                0x00004bae                rprintfu04
                0x00004c14                rprintfNum
 .text          0x0000504e      0x506 i2c.o
                0x0000508a                i2cInit
                0x000050e8                i2cSendStart
                0x00005104                i2cWaitForComplete
                0x0000513c                i2cGetReceivedByte
                0x00005148                i2cMasterSend
                0x000052fc                __vector_39
                0x00005188                i2cMasterReceive
                0x000051d0                i2cMasterSendNI
                0x000050d4                i2cSetSlaveReceiveHandler
                0x0000554e                i2cGetState
                0x00005142                i2cGetStatus
                0x0000510e                i2cSendByte
                0x000050de                i2cSetSlaveTransmitHandler
                0x000050c4                i2cSetLocalDeviceAddr
                0x0000525e                i2cMasterReceiveNI
                0x00005120                i2cReceiveByte
                0x0000504e                i2cSetBitrate
                0x000050f6                i2cSendStop
 .text          0x00005554        0x0 c:/winavr-20081205/bin/../lib/gcc/avr/4.3.2/../../../../avr/lib/avr5\libm.a(addsf3.o)
 .text          0x00005554        0x0 c:/winavr-20081205/bin/../lib/gcc/avr/4.3.2/../../../../avr/lib/avr5\libm.a(addsf3x.o)
 .text          0x00005554        0x0 c:/winavr-20081205/bin/../lib/gcc/avr/4.3.2/../../../../avr/lib/avr5\libm.a(atan2.o)
 .text          0x00005554        0x0 c:/winavr-20081205/bin/../lib/gcc/avr/4.3.2/../../../../avr/lib/avr5\libm.a(atan.o)
 .text          0x00005554        0x0 c:/winavr-20081205/bin/../lib/gcc/avr/4.3.2/../../../../avr/lib/avr5\libm.a(cmpsf2.o)
 .text          0x00005554        0x0 c:/winavr-20081205/bin/../lib/gcc/avr/4.3.2/../../../../avr/lib/avr5\libm.a(divsf3.o)
 .text          0x00005554        0x0 c:/winavr-20081205/bin/../lib/gcc/avr/4.3.2/../../../../avr/lib/avr5\libm.a(divsf3x.o)
 .text          0x00005554        0x0 c:/winavr-20081205/bin/../lib/gcc/avr/4.3.2/../../../../avr/lib/avr5\libm.a(fixsfsi.o)
 .text          0x00005554        0x0 c:/winavr-20081205/bin/../lib/gcc/avr/4.3.2/../../../../avr/lib/avr5\libm.a(fixunssfsi.o)
 .text          0x00005554        0x0 c:/winavr-20081205/bin/../lib/gcc/avr/4.3.2/../../../../avr/lib/avr5\libm.a(floatsisf.o)
 .text          0x00005554        0x0 c:/winavr-20081205/bin/../lib/gcc/avr/4.3.2/../../../../avr/lib/avr5\libm.a(floor.o)
 .text          0x00005554        0x0 c:/winavr-20081205/bin/../lib/gcc/avr/4.3.2/../../../../avr/lib/avr5\libm.a(fp_cmp.o)
 .text          0x00005554        0x0 c:/winavr-20081205/bin/../lib/gcc/avr/4.3.2/../../../../avr/lib/avr5\libm.a(fp_inf.o)
 .text          0x00005554        0x0 c:/winavr-20081205/bin/../lib/gcc/avr/4.3.2/../../../../avr/lib/avr5\libm.a(fp_mintl.o)
 .text          0x00005554        0x0 c:/winavr-20081205/bin/../lib/gcc/avr/4.3.2/../../../../avr/lib/avr5\libm.a(fp_mpack.o)
 .text          0x00005554        0x0 c:/winavr-20081205/bin/../lib/gcc/avr/4.3.2/../../../../avr/lib/avr5\libm.a(fp_nan.o)
 .text          0x00005554        0x0 c:/winavr-20081205/bin/../lib/gcc/avr/4.3.2/../../../../avr/lib/avr5\libm.a(fp_powser.o)
 .text          0x00005554        0x0 c:/winavr-20081205/bin/../lib/gcc/avr/4.3.2/../../../../avr/lib/avr5\libm.a(fp_pscA.o)
 .text          0x00005554        0x0 c:/winavr-20081205/bin/../lib/gcc/avr/4.3.2/../../../../avr/lib/avr5\libm.a(fp_pscB.o)
 .text          0x00005554        0x0 c:/winavr-20081205/bin/../lib/gcc/avr/4.3.2/../../../../avr/lib/avr5\libm.a(fp_round.o)
 .text          0x00005554        0x0 c:/winavr-20081205/bin/../lib/gcc/avr/4.3.2/../../../../avr/lib/avr5\libm.a(fp_split3.o)
 .text          0x00005554        0x0 c:/winavr-20081205/bin/../lib/gcc/avr/4.3.2/../../../../avr/lib/avr5\libm.a(fp_trunc.o)
 .text          0x00005554        0x0 c:/winavr-20081205/bin/../lib/gcc/avr/4.3.2/../../../../avr/lib/avr5\libm.a(fp_zero.o)
 .text          0x00005554        0x0 c:/winavr-20081205/bin/../lib/gcc/avr/4.3.2/../../../../avr/lib/avr5\libm.a(gesf2.o)
 .text          0x00005554        0x0 c:/winavr-20081205/bin/../lib/gcc/avr/4.3.2/../../../../avr/lib/avr5\libm.a(inverse.o)
 .text          0x00005554        0x0 c:/winavr-20081205/bin/../lib/gcc/avr/4.3.2/../../../../avr/lib/avr5\libm.a(mulsf3.o)
 .text          0x00005554        0x0 c:/winavr-20081205/bin/../lib/gcc/avr/4.3.2/../../../../avr/lib/avr5\libm.a(mulsf3x.o)
 .text          0x00005554        0x0 c:/winavr-20081205/bin/../lib/gcc/avr/4.3.2/../../../../avr/lib/avr5\libm.a(square.o)
 .text          0x00005554        0x6 c:/winavr-20081205/bin/../lib/gcc/avr/4.3.2/../../../../avr/lib/avr5\libc.a(exit.o)
                0x00005554                exit
 .text          0x0000555a       0x12 c:/winavr-20081205/bin/../lib/gcc/avr/4.3.2/../../../../avr/lib/avr5\libc.a(memcpy.o)
                0x0000555a                memcpy
 .text          0x0000556c        0xe c:/winavr-20081205/bin/../lib/gcc/avr/4.3.2/../../../../avr/lib/avr5\libc.a(memset.o)
                0x0000556c                memset
 .text          0x0000557a       0x1e c:/winavr-20081205/bin/../lib/gcc/avr/4.3.2/../../../../avr/lib/avr5\libc.a(strncpy.o)
                0x0000557a                strncpy
 .text          0x00005598        0x0 c:/winavr-20081205/bin/../lib/gcc/avr/4.3.2/avr5\libgcc.a(_mulsi3.o)
 .text          0x00005598        0x0 c:/winavr-20081205/bin/../lib/gcc/avr/4.3.2/avr5\libgcc.a(_udivmodhi4.o)
 .text          0x00005598        0x0 c:/winavr-20081205/bin/../lib/gcc/avr/4.3.2/avr5\libgcc.a(_divmodhi4.o)
 .text          0x00005598        0x0 c:/winavr-20081205/bin/../lib/gcc/avr/4.3.2/avr5\libgcc.a(_udivmodsi4.o)
 .text          0x00005598        0x0 c:/winavr-20081205/bin/../lib/gcc/avr/4.3.2/avr5\libgcc.a(_divmodsi4.o)
 .text          0x00005598        0x0 c:/winavr-20081205/bin/../lib/gcc/avr/4.3.2/avr5\libgcc.a(_exit.o)
 .text          0x00005598        0x0 c:/winavr-20081205/bin/../lib/gcc/avr/4.3.2/avr5\libgcc.a(_copy_data.o)
 .text          0x00005598        0x0 c:/winavr-20081205/bin/../lib/gcc/avr/4.3.2/avr5\libgcc.a(_clear_bss.o)
                0x00005598                . = ALIGN (0x2)
 *(.text.*)
 .text.fplib    0x00005598        0xa c:/winavr-20081205/bin/../lib/gcc/avr/4.3.2/../../../../avr/lib/avr5\libm.a(addsf3.o)
                0x00005598                __subsf3
                0x0000559a                __addsf3
 .text.fplib    0x000055a2       0xc0 c:/winavr-20081205/bin/../lib/gcc/avr/4.3.2/../../../../avr/lib/avr5\libm.a(addsf3x.o)
                0x000055bc                __addsf3x
 .text.fplib    0x00005662       0x74 c:/winavr-20081205/bin/../lib/gcc/avr/4.3.2/../../../../avr/lib/avr5\libm.a(atan2.o)
                0x00005680                atan2
 .text.fplib    0x000056d6       0x50 c:/winavr-20081205/bin/../lib/gcc/avr/4.3.2/../../../../avr/lib/avr5\libm.a(atan.o)
                0x000056d6                atan
 .text.fplib    0x00005726        0x8 c:/winavr-20081205/bin/../lib/gcc/avr/4.3.2/../../../../avr/lib/avr5\libm.a(cmpsf2.o)
                0x00005726                __lesf2
                0x00005726                __nesf2
                0x00005726                __eqsf2
                0x00005726                __cmpsf2
                0x00005726                __ltsf2
 .text.fplib    0x0000572e        0x4 c:/winavr-20081205/bin/../lib/gcc/avr/4.3.2/../../../../avr/lib/avr5\libm.a(divsf3.o)
                0x0000572e                __divsf3
 .text.fplib    0x00005732       0xcc c:/winavr-20081205/bin/../lib/gcc/avr/4.3.2/../../../../avr/lib/avr5\libm.a(divsf3x.o)
                0x00005748                __divsf3x
                0x0000574c                __divsf3_pse
 .text.fplib    0x000057fe        0xa c:/winavr-20081205/bin/../lib/gcc/avr/4.3.2/../../../../avr/lib/avr5\libm.a(fixsfsi.o)
                0x000057fe                __fixsfsi
 .text.fplib    0x00005808       0x58 c:/winavr-20081205/bin/../lib/gcc/avr/4.3.2/../../../../avr/lib/avr5\libm.a(fixunssfsi.o)
                0x00005808                __fixunssfsi
 .text.fplib    0x00005860       0x7a c:/winavr-20081205/bin/../lib/gcc/avr/4.3.2/../../../../avr/lib/avr5\libm.a(floatsisf.o)
                0x00005864                __floatsisf
                0x00005860                __floatunsisf
 .text.fplib    0x000058da       0x26 c:/winavr-20081205/bin/../lib/gcc/avr/4.3.2/../../../../avr/lib/avr5\libm.a(floor.o)
                0x000058da                floor
 .text.fplib    0x00005900       0x48 c:/winavr-20081205/bin/../lib/gcc/avr/4.3.2/../../../../avr/lib/avr5\libm.a(fp_cmp.o)
                0x00005900                __fp_cmp
 .text.fplib    0x00005948        0xc c:/winavr-20081205/bin/../lib/gcc/avr/4.3.2/../../../../avr/lib/avr5\libm.a(fp_inf.o)
                0x00005948                __fp_inf
 .text.fplib    0x00005954       0x36 c:/winavr-20081205/bin/../lib/gcc/avr/4.3.2/../../../../avr/lib/avr5\libm.a(fp_mintl.o)
                0x00005954                __fp_mintl
 .text.fplib    0x0000598a       0x20 c:/winavr-20081205/bin/../lib/gcc/avr/4.3.2/../../../../avr/lib/avr5\libm.a(fp_mpack.o)
                0x0000598a                __fp_mpack
 .text.fplib    0x000059aa        0x6 c:/winavr-20081205/bin/../lib/gcc/avr/4.3.2/../../../../avr/lib/avr5\libm.a(fp_nan.o)
                0x000059aa                __fp_nan
 .text.fplib    0x000059b0       0x4a c:/winavr-20081205/bin/../lib/gcc/avr/4.3.2/../../../../avr/lib/avr5\libm.a(fp_powser.o)
                0x000059b0                __fp_powser
 .text.fplib    0x000059fa        0xe c:/winavr-20081205/bin/../lib/gcc/avr/4.3.2/../../../../avr/lib/avr5\libm.a(fp_pscA.o)
                0x000059fa                __fp_pscA
 .text.fplib    0x00005a08        0xe c:/winavr-20081205/bin/../lib/gcc/avr/4.3.2/../../../../avr/lib/avr5\libm.a(fp_pscB.o)
                0x00005a08                __fp_pscB
 .text.fplib    0x00005a16       0x22 c:/winavr-20081205/bin/../lib/gcc/avr/4.3.2/../../../../avr/lib/avr5\libm.a(fp_round.o)
                0x00005a16                __fp_round
 .text.fplib    0x00005a38       0x44 c:/winavr-20081205/bin/../lib/gcc/avr/4.3.2/../../../../avr/lib/avr5\libm.a(fp_split3.o)
                0x00005a38                __fp_split3
                0x00005a48                __fp_splitA
 .text.fplib    0x00005a7c       0x2e c:/winavr-20081205/bin/../lib/gcc/avr/4.3.2/../../../../avr/lib/avr5\libm.a(fp_trunc.o)
                0x00005a7c                __fp_trunc
 .text.fplib    0x00005aaa        0xe c:/winavr-20081205/bin/../lib/gcc/avr/4.3.2/../../../../avr/lib/avr5\libm.a(fp_zero.o)
                0x00005aaa                __fp_zero
                0x00005aac                __fp_szero
 .text.fplib    0x00005ab8        0x8 c:/winavr-20081205/bin/../lib/gcc/avr/4.3.2/../../../../avr/lib/avr5\libm.a(gesf2.o)
                0x00005ab8                __gtsf2
                0x00005ab8                __gesf2
 .text.fplib    0x00005ac0        0xe c:/winavr-20081205/bin/../lib/gcc/avr/4.3.2/../../../../avr/lib/avr5\libm.a(inverse.o)
                0x00005ac0                inverse
 .text.fplib    0x00005ace        0x4 c:/winavr-20081205/bin/../lib/gcc/avr/4.3.2/../../../../avr/lib/avr5\libm.a(mulsf3.o)
                0x00005ace                __mulsf3
 .text.fplib    0x00005ad2       0xc2 c:/winavr-20081205/bin/../lib/gcc/avr/4.3.2/../../../../avr/lib/avr5\libm.a(mulsf3x.o)
                0x00005aea                __mulsf3_pse
                0x00005ae6                __mulsf3x
 .text.fplib    0x00005b94        0x6 c:/winavr-20081205/bin/../lib/gcc/avr/4.3.2/../../../../avr/lib/avr5\libm.a(square.o)
                0x00005b94                square
 .text.libgcc   0x00005b9a       0x3e c:/winavr-20081205/bin/../lib/gcc/avr/4.3.2/avr5\libgcc.a(_mulsi3.o)
                0x00005b9a                __mulsi3
 .text.libgcc   0x00005bd8       0x28 c:/winavr-20081205/bin/../lib/gcc/avr/4.3.2/avr5\libgcc.a(_udivmodhi4.o)
                0x00005bd8                __udivmodhi4
 .text.libgcc   0x00005c00       0x26 c:/winavr-20081205/bin/../lib/gcc/avr/4.3.2/avr5\libgcc.a(_divmodhi4.o)
                0x00005c00                __divmodhi4
                0x00005c00                _div
 .text.libgcc   0x00005c26       0x44 c:/winavr-20081205/bin/../lib/gcc/avr/4.3.2/avr5\libgcc.a(_udivmodsi4.o)
                0x00005c26                __udivmodsi4
 .text.libgcc   0x00005c6a       0x36 c:/winavr-20081205/bin/../lib/gcc/avr/4.3.2/avr5\libgcc.a(_divmodsi4.o)
                0x00005c6a                __divmodsi4
 .text.libgcc   0x00005ca0        0x0 c:/winavr-20081205/bin/../lib/gcc/avr/4.3.2/avr5\libgcc.a(_exit.o)
 .text.libgcc   0x00005ca0        0x0 c:/winavr-20081205/bin/../lib/gcc/avr/4.3.2/avr5\libgcc.a(_copy_data.o)
 .text.libgcc   0x00005ca0        0x0 c:/winavr-20081205/bin/../lib/gcc/avr/4.3.2/avr5\libgcc.a(_clear_bss.o)
                0x00005ca0                . = ALIGN (0x2)
 *(.fini9)
 .fini9         0x00005ca0        0x0 c:/winavr-20081205/bin/../lib/gcc/avr/4.3.2/avr5\libgcc.a(_exit.o)
                0x00005ca0                _exit
 *(.fini9)
 *(.fini8)
 *(.fini8)
 *(.fini7)
 *(.fini7)
 *(.fini6)
 *(.fini6)
 *(.fini5)
 *(.fini5)
 *(.fini4)
 *(.fini4)
 *(.fini3)
 *(.fini3)
 *(.fini2)
 *(.fini2)
 *(.fini1)
 *(.fini1)
 *(.fini0)
 .fini0         0x00005ca0        0x4 c:/winavr-20081205/bin/../lib/gcc/avr/4.3.2/avr5\libgcc.a(_exit.o)
 *(.fini0)
                0x00005ca4                _etext = .

.data           0x00800200       0xbe load address 0x00005ca4
                0x00800200                PROVIDE (__data_start, .)
 *(.data)
 .data          0x00800200        0x0 c:/winavr-20081205/bin/../lib/gcc/avr/4.3.2/../../../../avr/lib/avr5/crtm640.o
 .data          0x00800200       0xb9 lbRTOS.o
                0x00800225                angtable
                0x008002b7                spray_time
 .data          0x008002b9        0x0 list.o
 .data          0x008002b9        0x0 queue.o
 .data          0x008002b9        0x5 tasks.o
 .data          0x008002be        0x0 port.o
 .data          0x008002be        0x0 croutine.o
 .data          0x008002be        0x0 heap_1.o
 .data          0x008002be        0x0 timer640.o
 .data          0x008002be        0x0 uart4.o
 .data          0x008002be        0x0 buffer.o
 .data          0x008002be        0x0 a2d.o
 .data          0x008002be        0x0 rprintf.o
 .data          0x008002be        0x0 i2c.o
 .data          0x008002be        0x0 c:/winavr-20081205/bin/../lib/gcc/avr/4.3.2/../../../../avr/lib/avr5\libm.a(addsf3.o)
 .data          0x008002be        0x0 c:/winavr-20081205/bin/../lib/gcc/avr/4.3.2/../../../../avr/lib/avr5\libm.a(addsf3x.o)
 .data          0x008002be        0x0 c:/winavr-20081205/bin/../lib/gcc/avr/4.3.2/../../../../avr/lib/avr5\libm.a(atan2.o)
 .data          0x008002be        0x0 c:/winavr-20081205/bin/../lib/gcc/avr/4.3.2/../../../../avr/lib/avr5\libm.a(atan.o)
 .data          0x008002be        0x0 c:/winavr-20081205/bin/../lib/gcc/avr/4.3.2/../../../../avr/lib/avr5\libm.a(cmpsf2.o)
 .data          0x008002be        0x0 c:/winavr-20081205/bin/../lib/gcc/avr/4.3.2/../../../../avr/lib/avr5\libm.a(divsf3.o)
 .data          0x008002be        0x0 c:/winavr-20081205/bin/../lib/gcc/avr/4.3.2/../../../../avr/lib/avr5\libm.a(divsf3x.o)
 .data          0x008002be        0x0 c:/winavr-20081205/bin/../lib/gcc/avr/4.3.2/../../../../avr/lib/avr5\libm.a(fixsfsi.o)
 .data          0x008002be        0x0 c:/winavr-20081205/bin/../lib/gcc/avr/4.3.2/../../../../avr/lib/avr5\libm.a(fixunssfsi.o)
 .data          0x008002be        0x0 c:/winavr-20081205/bin/../lib/gcc/avr/4.3.2/../../../../avr/lib/avr5\libm.a(floatsisf.o)
 .data          0x008002be        0x0 c:/winavr-20081205/bin/../lib/gcc/avr/4.3.2/../../../../avr/lib/avr5\libm.a(floor.o)
 .data          0x008002be        0x0 c:/winavr-20081205/bin/../lib/gcc/avr/4.3.2/../../../../avr/lib/avr5\libm.a(fp_cmp.o)
 .data          0x008002be        0x0 c:/winavr-20081205/bin/../lib/gcc/avr/4.3.2/../../../../avr/lib/avr5\libm.a(fp_inf.o)
 .data          0x008002be        0x0 c:/winavr-20081205/bin/../lib/gcc/avr/4.3.2/../../../../avr/lib/avr5\libm.a(fp_mintl.o)
 .data          0x008002be        0x0 c:/winavr-20081205/bin/../lib/gcc/avr/4.3.2/../../../../avr/lib/avr5\libm.a(fp_mpack.o)
 .data          0x008002be        0x0 c:/winavr-20081205/bin/../lib/gcc/avr/4.3.2/../../../../avr/lib/avr5\libm.a(fp_nan.o)
 .data          0x008002be        0x0 c:/winavr-20081205/bin/../lib/gcc/avr/4.3.2/../../../../avr/lib/avr5\libm.a(fp_powser.o)
 .data          0x008002be        0x0 c:/winavr-20081205/bin/../lib/gcc/avr/4.3.2/../../../../avr/lib/avr5\libm.a(fp_pscA.o)
 .data          0x008002be        0x0 c:/winavr-20081205/bin/../lib/gcc/avr/4.3.2/../../../../avr/lib/avr5\libm.a(fp_pscB.o)
 .data          0x008002be        0x0 c:/winavr-20081205/bin/../lib/gcc/avr/4.3.2/../../../../avr/lib/avr5\libm.a(fp_round.o)
 .data          0x008002be        0x0 c:/winavr-20081205/bin/../lib/gcc/avr/4.3.2/../../../../avr/lib/avr5\libm.a(fp_split3.o)
 .data          0x008002be        0x0 c:/winavr-20081205/bin/../lib/gcc/avr/4.3.2/../../../../avr/lib/avr5\libm.a(fp_trunc.o)
 .data          0x008002be        0x0 c:/winavr-20081205/bin/../lib/gcc/avr/4.3.2/../../../../avr/lib/avr5\libm.a(fp_zero.o)
 .data          0x008002be        0x0 c:/winavr-20081205/bin/../lib/gcc/avr/4.3.2/../../../../avr/lib/avr5\libm.a(gesf2.o)
 .data          0x008002be        0x0 c:/winavr-20081205/bin/../lib/gcc/avr/4.3.2/../../../../avr/lib/avr5\libm.a(inverse.o)
 .data          0x008002be        0x0 c:/winavr-20081205/bin/../lib/gcc/avr/4.3.2/../../../../avr/lib/avr5\libm.a(mulsf3.o)
 .data          0x008002be        0x0 c:/winavr-20081205/bin/../lib/gcc/avr/4.3.2/../../../../avr/lib/avr5\libm.a(mulsf3x.o)
 .data          0x008002be        0x0 c:/winavr-20081205/bin/../lib/gcc/avr/4.3.2/../../../../avr/lib/avr5\libm.a(square.o)
 .data          0x008002be        0x0 c:/winavr-20081205/bin/../lib/gcc/avr/4.3.2/../../../../avr/lib/avr5\libc.a(exit.o)
 .data          0x008002be        0x0 c:/winavr-20081205/bin/../lib/gcc/avr/4.3.2/../../../../avr/lib/avr5\libc.a(memcpy.o)
 .data          0x008002be        0x0 c:/winavr-20081205/bin/../lib/gcc/avr/4.3.2/../../../../avr/lib/avr5\libc.a(memset.o)
 .data          0x008002be        0x0 c:/winavr-20081205/bin/../lib/gcc/avr/4.3.2/../../../../avr/lib/avr5\libc.a(strncpy.o)
 .data          0x008002be        0x0 c:/winavr-20081205/bin/../lib/gcc/avr/4.3.2/avr5\libgcc.a(_mulsi3.o)
 .data          0x008002be        0x0 c:/winavr-20081205/bin/../lib/gcc/avr/4.3.2/avr5\libgcc.a(_udivmodhi4.o)
 .data          0x008002be        0x0 c:/winavr-20081205/bin/../lib/gcc/avr/4.3.2/avr5\libgcc.a(_divmodhi4.o)
 .data          0x008002be        0x0 c:/winavr-20081205/bin/../lib/gcc/avr/4.3.2/avr5\libgcc.a(_udivmodsi4.o)
 .data          0x008002be        0x0 c:/winavr-20081205/bin/../lib/gcc/avr/4.3.2/avr5\libgcc.a(_divmodsi4.o)
 .data          0x008002be        0x0 c:/winavr-20081205/bin/../lib/gcc/avr/4.3.2/avr5\libgcc.a(_exit.o)
 .data          0x008002be        0x0 c:/winavr-20081205/bin/../lib/gcc/avr/4.3.2/avr5\libgcc.a(_copy_data.o)
 .data          0x008002be        0x0 c:/winavr-20081205/bin/../lib/gcc/avr/4.3.2/avr5\libgcc.a(_clear_bss.o)
 *(.data*)
 *(.rodata)
 *(.rodata*)
 *(.gnu.linkonce.d*)
                0x008002be                . = ALIGN (0x2)
                0x008002be                _edata = .
                0x008002be                PROVIDE (__data_end, .)

.bss            0x008002be     0x1403
                0x008002be                PROVIDE (__bss_start, .)
 *(.bss)
 .bss           0x008002be        0x0 c:/winavr-20081205/bin/../lib/gcc/avr/4.3.2/../../../../avr/lib/avr5/crtm640.o
 .bss           0x008002be       0x69 lbRTOS.o
                0x008002dc                enc_ang_vel
                0x008002d6                dRIGHTDis
                0x008002c9                dLEFTDis
                0x008002cd                RIGHTVel_ready
                0x008002e4                cmd_angle
                0x008002c1                LEFTDis_current
                0x008002f4                current_time
                0x008002ce                RIGHTDis_current
                0x008002f0                lds_buffer_write_ndx
                0x008002c0                LEFTVel_ready
                0x008002e8                cmd_ang_vel
                0x008002f2                lds_buffer_read_ndx
                0x008002ec                cmd_dist
                0x008002d8                enc_heading
                0x008002f8                previous_time
                0x008002d2                RIGHTDis_prev
                0x008002c5                LEFTDis_prev
                0x008002be                LEFTVel_current
                0x008002cb                RIGHTVel_current
                0x008002e0                v_command
 .bss           0x00800327        0x0 list.o
 .bss           0x00800327        0x0 queue.o
 .bss           0x00800327       0x5a tasks.o
                0x00800327                pxCurrentTCB
 .bss           0x00800381        0x0 port.o
 .bss           0x00800381       0x3a croutine.o
                0x00800381                pxCurrentCoRoutine
 .bss           0x008003bb      0xbba heap_1.o
 .bss           0x00800f75       0x34 timer640.o
 .bss           0x00800fa9      0x248 uart4.o
 .bss           0x008011f1        0x0 buffer.o
 .bss           0x008011f1        0x0 a2d.o
 .bss           0x008011f1        0x2 rprintf.o
 .bss           0x008011f3       0x4a i2c.o
 .bss           0x0080123d        0x0 c:/winavr-20081205/bin/../lib/gcc/avr/4.3.2/../../../../avr/lib/avr5\libm.a(addsf3.o)
 .bss           0x0080123d        0x0 c:/winavr-20081205/bin/../lib/gcc/avr/4.3.2/../../../../avr/lib/avr5\libm.a(addsf3x.o)
 .bss           0x0080123d        0x0 c:/winavr-20081205/bin/../lib/gcc/avr/4.3.2/../../../../avr/lib/avr5\libm.a(atan2.o)
 .bss           0x0080123d        0x0 c:/winavr-20081205/bin/../lib/gcc/avr/4.3.2/../../../../avr/lib/avr5\libm.a(atan.o)
 .bss           0x0080123d        0x0 c:/winavr-20081205/bin/../lib/gcc/avr/4.3.2/../../../../avr/lib/avr5\libm.a(cmpsf2.o)
 .bss           0x0080123d        0x0 c:/winavr-20081205/bin/../lib/gcc/avr/4.3.2/../../../../avr/lib/avr5\libm.a(divsf3.o)
 .bss           0x0080123d        0x0 c:/winavr-20081205/bin/../lib/gcc/avr/4.3.2/../../../../avr/lib/avr5\libm.a(divsf3x.o)
 .bss           0x0080123d        0x0 c:/winavr-20081205/bin/../lib/gcc/avr/4.3.2/../../../../avr/lib/avr5\libm.a(fixsfsi.o)
 .bss           0x0080123d        0x0 c:/winavr-20081205/bin/../lib/gcc/avr/4.3.2/../../../../avr/lib/avr5\libm.a(fixunssfsi.o)
 .bss           0x0080123d        0x0 c:/winavr-20081205/bin/../lib/gcc/avr/4.3.2/../../../../avr/lib/avr5\libm.a(floatsisf.o)
 .bss           0x0080123d        0x0 c:/winavr-20081205/bin/../lib/gcc/avr/4.3.2/../../../../avr/lib/avr5\libm.a(floor.o)
 .bss           0x0080123d        0x0 c:/winavr-20081205/bin/../lib/gcc/avr/4.3.2/../../../../avr/lib/avr5\libm.a(fp_cmp.o)
 .bss           0x0080123d        0x0 c:/winavr-20081205/bin/../lib/gcc/avr/4.3.2/../../../../avr/lib/avr5\libm.a(fp_inf.o)
 .bss           0x0080123d        0x0 c:/winavr-20081205/bin/../lib/gcc/avr/4.3.2/../../../../avr/lib/avr5\libm.a(fp_mintl.o)
 .bss           0x0080123d        0x0 c:/winavr-20081205/bin/../lib/gcc/avr/4.3.2/../../../../avr/lib/avr5\libm.a(fp_mpack.o)
 .bss           0x0080123d        0x0 c:/winavr-20081205/bin/../lib/gcc/avr/4.3.2/../../../../avr/lib/avr5\libm.a(fp_nan.o)
 .bss           0x0080123d        0x0 c:/winavr-20081205/bin/../lib/gcc/avr/4.3.2/../../../../avr/lib/avr5\libm.a(fp_powser.o)
 .bss           0x0080123d        0x0 c:/winavr-20081205/bin/../lib/gcc/avr/4.3.2/../../../../avr/lib/avr5\libm.a(fp_pscA.o)
 .bss           0x0080123d        0x0 c:/winavr-20081205/bin/../lib/gcc/avr/4.3.2/../../../../avr/lib/avr5\libm.a(fp_pscB.o)
 .bss           0x0080123d        0x0 c:/winavr-20081205/bin/../lib/gcc/avr/4.3.2/../../../../avr/lib/avr5\libm.a(fp_round.o)
 .bss           0x0080123d        0x0 c:/winavr-20081205/bin/../lib/gcc/avr/4.3.2/../../../../avr/lib/avr5\libm.a(fp_split3.o)
 .bss           0x0080123d        0x0 c:/winavr-20081205/bin/../lib/gcc/avr/4.3.2/../../../../avr/lib/avr5\libm.a(fp_trunc.o)
 .bss           0x0080123d        0x0 c:/winavr-20081205/bin/../lib/gcc/avr/4.3.2/../../../../avr/lib/avr5\libm.a(fp_zero.o)
 .bss           0x0080123d        0x0 c:/winavr-20081205/bin/../lib/gcc/avr/4.3.2/../../../../avr/lib/avr5\libm.a(gesf2.o)
 .bss           0x0080123d        0x0 c:/winavr-20081205/bin/../lib/gcc/avr/4.3.2/../../../../avr/lib/avr5\libm.a(inverse.o)
 .bss           0x0080123d        0x0 c:/winavr-20081205/bin/../lib/gcc/avr/4.3.2/../../../../avr/lib/avr5\libm.a(mulsf3.o)
 .bss           0x0080123d        0x0 c:/winavr-20081205/bin/../lib/gcc/avr/4.3.2/../../../../avr/lib/avr5\libm.a(mulsf3x.o)
 .bss           0x0080123d        0x0 c:/winavr-20081205/bin/../lib/gcc/avr/4.3.2/../../../../avr/lib/avr5\libm.a(square.o)
 .bss           0x0080123d        0x0 c:/winavr-20081205/bin/../lib/gcc/avr/4.3.2/../../../../avr/lib/avr5\libc.a(exit.o)
 .bss           0x0080123d        0x0 c:/winavr-20081205/bin/../lib/gcc/avr/4.3.2/../../../../avr/lib/avr5\libc.a(memcpy.o)
 .bss           0x0080123d        0x0 c:/winavr-20081205/bin/../lib/gcc/avr/4.3.2/../../../../avr/lib/avr5\libc.a(memset.o)
 .bss           0x0080123d        0x0 c:/winavr-20081205/bin/../lib/gcc/avr/4.3.2/../../../../avr/lib/avr5\libc.a(strncpy.o)
 .bss           0x0080123d        0x0 c:/winavr-20081205/bin/../lib/gcc/avr/4.3.2/avr5\libgcc.a(_mulsi3.o)
 .bss           0x0080123d        0x0 c:/winavr-20081205/bin/../lib/gcc/avr/4.3.2/avr5\libgcc.a(_udivmodhi4.o)
 .bss           0x0080123d        0x0 c:/winavr-20081205/bin/../lib/gcc/avr/4.3.2/avr5\libgcc.a(_divmodhi4.o)
 .bss           0x0080123d        0x0 c:/winavr-20081205/bin/../lib/gcc/avr/4.3.2/avr5\libgcc.a(_udivmodsi4.o)
 .bss           0x0080123d        0x0 c:/winavr-20081205/bin/../lib/gcc/avr/4.3.2/avr5\libgcc.a(_divmodsi4.o)
 .bss           0x0080123d        0x0 c:/winavr-20081205/bin/../lib/gcc/avr/4.3.2/avr5\libgcc.a(_exit.o)
 .bss           0x0080123d        0x0 c:/winavr-20081205/bin/../lib/gcc/avr/4.3.2/avr5\libgcc.a(_copy_data.o)
 .bss           0x0080123d        0x0 c:/winavr-20081205/bin/../lib/gcc/avr/4.3.2/avr5\libgcc.a(_clear_bss.o)
 *(.bss*)
 *(COMMON)
 COMMON         0x0080123d      0x417 lbRTOS.o
                0x0080123d                elapsed_time
                0x00801241                robot
                0x0080124d                key
                0x0080124e                dRL
                0x00801250                lds_buffer
                0x00801650                dis_enc_heading
 COMMON         0x00801654       0x1c timer640.o
                0x00801654                timer4_ovrflow_cnt
                0x00801658                timer1_ovrflow_cnt
                0x0080165c                timer0_ovrflow_cnt
                0x00801660                timer2_ovrflow_cnt
                0x00801664                timer_sleep_cnt
                0x00801668                timer3_ovrflow_cnt
                0x0080166c                timer5_ovrflow_cnt
 COMMON         0x00801670       0x50 uart4.o
                0x00801670                uartReadyTx
                0x00801674                uartRxBuffer
                0x00801694                uartBufferedTx
                0x00801698                uartTxBuffer
                0x008016b8                uartRxOverflow
 COMMON         0x008016c0        0x1 a2d.o
                0x008016c0                a2dCompleteFlag
                0x008016c1                PROVIDE (__bss_end, .)
                0x00005ca4                __data_load_start = LOADADDR (.data)
                0x00005d62                __data_load_end = (__data_load_start + SIZEOF (.data))

.noinit         0x008016c1        0x0
                0x008016c1                PROVIDE (__noinit_start, .)
 *(.noinit*)
                0x008016c1                PROVIDE (__noinit_end, .)
                0x008016c1                _end = .
                0x008016c1                PROVIDE (__heap_start, .)

.eeprom         0x00810000        0x0
 *(.eeprom*)
                0x00810000                __eeprom_end = .

.fuse
 *(.fuse)
 *(.lfuse)
 *(.hfuse)
 *(.efuse)

.lock
 *(.lock*)

.signature
 *(.signature*)

.stab
 *(.stab)

.stabstr
 *(.stabstr)

.stab.excl
 *(.stab.excl)

.stab.exclstr
 *(.stab.exclstr)

.stab.index
 *(.stab.index)

.stab.indexstr
 *(.stab.indexstr)

.comment
 *(.comment)

.debug
 *(.debug)

.line
 *(.line)

.debug_srcinfo
 *(.debug_srcinfo)

.debug_sfnames
 *(.debug_sfnames)

.debug_aranges  0x00000000      0x1a0
 *(.debug_aranges)
 .debug_aranges
                0x00000000       0x20 lbRTOS.o
 .debug_aranges
                0x00000020       0x20 list.o
 .debug_aranges
                0x00000040       0x20 queue.o
 .debug_aranges
                0x00000060       0x20 tasks.o
 .debug_aranges
                0x00000080       0x20 port.o
 .debug_aranges
                0x000000a0       0x20 croutine.o
 .debug_aranges
                0x000000c0       0x20 heap_1.o
 .debug_aranges
                0x000000e0       0x20 timer640.o
 .debug_aranges
                0x00000100       0x20 uart4.o
 .debug_aranges
                0x00000120       0x20 buffer.o
 .debug_aranges
                0x00000140       0x20 a2d.o
 .debug_aranges
                0x00000160       0x20 rprintf.o
 .debug_aranges
                0x00000180       0x20 i2c.o

.debug_pubnames
                0x00000000     0x1892
 *(.debug_pubnames)
 .debug_pubnames
                0x00000000      0x6eb lbRTOS.o
 .debug_pubnames
                0x000006eb       0x71 list.o
 .debug_pubnames
                0x0000075c      0x111 queue.o
 .debug_pubnames
                0x0000086d      0x1bc tasks.o
 .debug_pubnames
                0x00000a29       0x90 port.o
 .debug_pubnames
                0x00000ab9       0x96 croutine.o
 .debug_pubnames
                0x00000b4f       0x64 heap_1.o
 .debug_pubnames
                0x00000bb3      0x588 timer640.o
 .debug_pubnames
                0x0000113b      0x386 uart4.o
 .debug_pubnames
                0x000014c1       0x9c buffer.o
 .debug_pubnames
                0x0000155d       0xd4 a2d.o
 .debug_pubnames
                0x00001631       0xe5 rprintf.o
 .debug_pubnames
                0x00001716      0x17c i2c.o

.debug_info     0x00000000     0x5a3a
 *(.debug_info)
 .debug_info    0x00000000     0x16bd lbRTOS.o
 .debug_info    0x000016bd      0x2b1 list.o
 .debug_info    0x0000196e      0x771 queue.o
 .debug_info    0x000020df      0xb1a tasks.o
 .debug_info    0x00002bf9      0x1c2 port.o
 .debug_info    0x00002dbb      0x50a croutine.o
 .debug_info    0x000032c5      0x169 heap_1.o
 .debug_info    0x0000342e      0xbe7 timer640.o
 .debug_info    0x00004015      0x933 uart4.o
 .debug_info    0x00004948      0x2cb buffer.o
 .debug_info    0x00004c13      0x21b a2d.o
 .debug_info    0x00004e2e      0x580 rprintf.o
 .debug_info    0x000053ae      0x68c i2c.o
 *(.gnu.linkonce.wi.*)

.debug_abbrev   0x00000000     0x1728
 *(.debug_abbrev)
 .debug_abbrev  0x00000000      0x3e6 lbRTOS.o
 .debug_abbrev  0x000003e6       0xdd list.o
 .debug_abbrev  0x000004c3      0x1b3 queue.o
 .debug_abbrev  0x00000676      0x25e tasks.o
 .debug_abbrev  0x000008d4      0x118 port.o
 .debug_abbrev  0x000009ec      0x1dd croutine.o
 .debug_abbrev  0x00000bc9      0x114 heap_1.o
 .debug_abbrev  0x00000cdd      0x248 timer640.o
 .debug_abbrev  0x00000f25      0x1e0 uart4.o
 .debug_abbrev  0x00001105       0xec buffer.o
 .debug_abbrev  0x000011f1      0x12f a2d.o
 .debug_abbrev  0x00001320      0x1c9 rprintf.o
 .debug_abbrev  0x000014e9      0x23f i2c.o

.debug_line     0x00000000     0x491e
 *(.debug_line)
 .debug_line    0x00000000     0x156c lbRTOS.o
 .debug_line    0x0000156c      0x223 list.o
 .debug_line    0x0000178f      0x6a7 queue.o
 .debug_line    0x00001e36      0x791 tasks.o
 .debug_line    0x000025c7      0x2d7 port.o
 .debug_line    0x0000289e      0x336 croutine.o
 .debug_line    0x00002bd4      0x122 heap_1.o
 .debug_line    0x00002cf6      0x7a1 timer640.o
 .debug_line    0x00003497      0x75f uart4.o
 .debug_line    0x00003bf6      0x1e8 buffer.o
 .debug_line    0x00003dde      0x1dc a2d.o
 .debug_line    0x00003fba      0x43d rprintf.o
 .debug_line    0x000043f7      0x527 i2c.o

.debug_frame    0x00000000     0x11e0
 *(.debug_frame)
 .debug_frame   0x00000000      0x470 lbRTOS.o
 .debug_frame   0x00000470       0x60 list.o
 .debug_frame   0x000004d0       0xd0 queue.o
 .debug_frame   0x000005a0      0x140 tasks.o
 .debug_frame   0x000006e0       0x70 port.o
 .debug_frame   0x00000750       0x50 croutine.o
 .debug_frame   0x000007a0       0x50 heap_1.o
 .debug_frame   0x000007f0      0x400 timer640.o
 .debug_frame   0x00000bf0      0x2b0 uart4.o
 .debug_frame   0x00000ea0       0x80 buffer.o
 .debug_frame   0x00000f20       0xb0 a2d.o
 .debug_frame   0x00000fd0       0xe0 rprintf.o
 .debug_frame   0x000010b0      0x130 i2c.o

.debug_str      0x00000000     0x2477
 *(.debug_str)
 .debug_str     0x00000000      0x732 lbRTOS.o
                                0x7b0 (size before relaxing)
 .debug_str     0x00000732      0x12f list.o
                                0x1e2 (size before relaxing)
 .debug_str     0x00000861      0x2fe queue.o
                                0x46d (size before relaxing)
 .debug_str     0x00000b5f      0x51e tasks.o
                                0x6c7 (size before relaxing)
 .debug_str     0x0000107d       0xda port.o
                                0x1b3 (size before relaxing)
 .debug_str     0x00001157      0x249 croutine.o
                                0x406 (size before relaxing)
 .debug_str     0x000013a0       0xa9 heap_1.o
                                0x163 (size before relaxing)
 .debug_str     0x00001449      0x747 timer640.o
                                0x838 (size before relaxing)
 .debug_str     0x00001b90      0x3a5 uart4.o
                                0x47d (size before relaxing)
 .debug_str     0x00001f35       0x9d buffer.o
                                0x1a5 (size before relaxing)
 .debug_str     0x00001fd2       0xac a2d.o
                                0x169 (size before relaxing)
 .debug_str     0x0000207e      0x171 rprintf.o
                                0x277 (size before relaxing)
 .debug_str     0x000021ef      0x288 i2c.o
                                0x351 (size before relaxing)

.debug_loc      0x00000000     0x2ac4
 *(.debug_loc)
 .debug_loc     0x00000000      0x94c lbRTOS.o
 .debug_loc     0x0000094c      0x100 list.o
 .debug_loc     0x00000a4c      0x5e0 queue.o
 .debug_loc     0x0000102c      0x514 tasks.o
 .debug_loc     0x00001540       0x3b port.o
 .debug_loc     0x0000157b      0x210 croutine.o
 .debug_loc     0x0000178b       0x50 heap_1.o
 .debug_loc     0x000017db      0x1e6 timer640.o
 .debug_loc     0x000019c1      0x502 uart4.o
 .debug_loc     0x00001ec3      0x1a2 buffer.o
 .debug_loc     0x00002065       0x6d a2d.o
 .debug_loc     0x000020d2      0x7c0 rprintf.o
 .debug_loc     0x00002892      0x232 i2c.o

.debug_macinfo
 *(.debug_macinfo)
OUTPUT(lbRTOS.elf elf32-avr)
LOAD linker stubs

.debug_ranges   0x00000000       0x30
 .debug_ranges  0x00000000       0x18 lbRTOS.o
 .debug_ranges  0x00000018       0x18 tasks.o
