Archive member included because of file (symbol)

c:/winavr-20081205/bin/../lib/gcc/avr/4.3.2/../../../../avr/lib/avr5\libm.a(addsf3.o)
                              lbRTOS.o (__subsf3)
c:/winavr-20081205/bin/../lib/gcc/avr/4.3.2/../../../../avr/lib/avr5\libm.a(addsf3x.o)
                              c:/winavr-20081205/bin/../lib/gcc/avr/4.3.2/../../../../avr/lib/avr5\libm.a(addsf3.o) (__addsf3x)
c:/winavr-20081205/bin/../lib/gcc/avr/4.3.2/../../../../avr/lib/avr5\libm.a(cmpsf2.o)
                              rprintf.o (__eqsf2)
c:/winavr-20081205/bin/../lib/gcc/avr/4.3.2/../../../../avr/lib/avr5\libm.a(divsf3.o)
                              lbRTOS.o (__divsf3)
c:/winavr-20081205/bin/../lib/gcc/avr/4.3.2/../../../../avr/lib/avr5\libm.a(divsf3x.o)
                              c:/winavr-20081205/bin/../lib/gcc/avr/4.3.2/../../../../avr/lib/avr5\libm.a(divsf3.o) (__divsf3x)
c:/winavr-20081205/bin/../lib/gcc/avr/4.3.2/../../../../avr/lib/avr5\libm.a(fixsfsi.o)
                              lbRTOS.o (__fixsfsi)
c:/winavr-20081205/bin/../lib/gcc/avr/4.3.2/../../../../avr/lib/avr5\libm.a(fixunssfsi.o)
                              timer640.o (__fixunssfsi)
c:/winavr-20081205/bin/../lib/gcc/avr/4.3.2/../../../../avr/lib/avr5\libm.a(floatsisf.o)
                              lbRTOS.o (__floatunsisf)
c:/winavr-20081205/bin/../lib/gcc/avr/4.3.2/../../../../avr/lib/avr5\libm.a(fp_cmp.o)
                              c:/winavr-20081205/bin/../lib/gcc/avr/4.3.2/../../../../avr/lib/avr5\libm.a(cmpsf2.o) (__fp_cmp)
c:/winavr-20081205/bin/../lib/gcc/avr/4.3.2/../../../../avr/lib/avr5\libm.a(fp_inf.o)
                              c:/winavr-20081205/bin/../lib/gcc/avr/4.3.2/../../../../avr/lib/avr5\libm.a(addsf3x.o) (__fp_inf)
c:/winavr-20081205/bin/../lib/gcc/avr/4.3.2/../../../../avr/lib/avr5\libm.a(fp_nan.o)
                              c:/winavr-20081205/bin/../lib/gcc/avr/4.3.2/../../../../avr/lib/avr5\libm.a(addsf3x.o) (__fp_nan)
c:/winavr-20081205/bin/../lib/gcc/avr/4.3.2/../../../../avr/lib/avr5\libm.a(fp_pscA.o)
                              c:/winavr-20081205/bin/../lib/gcc/avr/4.3.2/../../../../avr/lib/avr5\libm.a(addsf3x.o) (__fp_pscA)
c:/winavr-20081205/bin/../lib/gcc/avr/4.3.2/../../../../avr/lib/avr5\libm.a(fp_pscB.o)
                              c:/winavr-20081205/bin/../lib/gcc/avr/4.3.2/../../../../avr/lib/avr5\libm.a(addsf3x.o) (__fp_pscB)
c:/winavr-20081205/bin/../lib/gcc/avr/4.3.2/../../../../avr/lib/avr5\libm.a(fp_round.o)
                              c:/winavr-20081205/bin/../lib/gcc/avr/4.3.2/../../../../avr/lib/avr5\libm.a(addsf3.o) (__fp_round)
c:/winavr-20081205/bin/../lib/gcc/avr/4.3.2/../../../../avr/lib/avr5\libm.a(fp_split3.o)
                              c:/winavr-20081205/bin/../lib/gcc/avr/4.3.2/../../../../avr/lib/avr5\libm.a(addsf3x.o) (__fp_split3)
c:/winavr-20081205/bin/../lib/gcc/avr/4.3.2/../../../../avr/lib/avr5\libm.a(fp_zero.o)
                              c:/winavr-20081205/bin/../lib/gcc/avr/4.3.2/../../../../avr/lib/avr5\libm.a(addsf3x.o) (__fp_zero)
c:/winavr-20081205/bin/../lib/gcc/avr/4.3.2/../../../../avr/lib/avr5\libm.a(gesf2.o)
                              timer640.o (__gtsf2)
c:/winavr-20081205/bin/../lib/gcc/avr/4.3.2/../../../../avr/lib/avr5\libm.a(mulsf3.o)
                              lbRTOS.o (__mulsf3)
c:/winavr-20081205/bin/../lib/gcc/avr/4.3.2/../../../../avr/lib/avr5\libm.a(mulsf3x.o)
                              c:/winavr-20081205/bin/../lib/gcc/avr/4.3.2/../../../../avr/lib/avr5\libm.a(mulsf3.o) (__mulsf3x)
c:/winavr-20081205/bin/../lib/gcc/avr/4.3.2/../../../../avr/lib/avr5\libc.a(exit.o)
                              c:/winavr-20081205/bin/../lib/gcc/avr/4.3.2/../../../../avr/lib/avr5/crtm640.o (exit)
c:/winavr-20081205/bin/../lib/gcc/avr/4.3.2/../../../../avr/lib/avr5\libc.a(memcpy.o)
                              queue.o (memcpy)
c:/winavr-20081205/bin/../lib/gcc/avr/4.3.2/../../../../avr/lib/avr5\libc.a(memset.o)
                              tasks.o (memset)
c:/winavr-20081205/bin/../lib/gcc/avr/4.3.2/../../../../avr/lib/avr5\libc.a(strncpy.o)
                              tasks.o (strncpy)
c:/winavr-20081205/bin/../lib/gcc/avr/4.3.2/avr5\libgcc.a(_mulsi3.o)
                              lbRTOS.o (__mulsi3)
c:/winavr-20081205/bin/../lib/gcc/avr/4.3.2/avr5\libgcc.a(_udivmodhi4.o)
                              buffer.o (__udivmodhi4)
c:/winavr-20081205/bin/../lib/gcc/avr/4.3.2/avr5\libgcc.a(_divmodhi4.o)
                              lbRTOS.o (__divmodhi4)
c:/winavr-20081205/bin/../lib/gcc/avr/4.3.2/avr5\libgcc.a(_udivmodsi4.o)
                              uart4.o (__udivmodsi4)
c:/winavr-20081205/bin/../lib/gcc/avr/4.3.2/avr5\libgcc.a(_divmodsi4.o)
                              lbRTOS.o (__divmodsi4)
c:/winavr-20081205/bin/../lib/gcc/avr/4.3.2/avr5\libgcc.a(_exit.o)
                              c:/winavr-20081205/bin/../lib/gcc/avr/4.3.2/../../../../avr/lib/avr5\libc.a(exit.o) (_exit)
c:/winavr-20081205/bin/../lib/gcc/avr/4.3.2/avr5\libgcc.a(_copy_data.o)
                              lbRTOS.o (__do_copy_data)
c:/winavr-20081205/bin/../lib/gcc/avr/4.3.2/avr5\libgcc.a(_clear_bss.o)
                              lbRTOS.o (__do_clear_bss)

Allocating common symbols
Common symbol       size              file

uartReadyTx         0x4               uart4.o
elapsed_time        0x4               lbRTOS.o
timer4_ovrflow_cnt  0x4               timer640.o
timer1_ovrflow_cnt  0x4               timer640.o
timer0_ovrflow_cnt  0x4               timer640.o
uartRxBuffer        0x20              uart4.o
timer2_ovrflow_cnt  0x4               timer640.o
timer_sleep_cnt     0x4               timer640.o
uartBufferedTx      0x4               uart4.o
robot               0xc               lbRTOS.o
key                 0x1               lbRTOS.o
a2dCompleteFlag     0x1               a2d.o
dRL                 0x2               lbRTOS.o
timer3_ovrflow_cnt  0x4               timer640.o
uartTxBuffer        0x20              uart4.o
timer5_ovrflow_cnt  0x4               timer640.o
uartRxOverflow      0x8               uart4.o
dis_enc_heading     0x4               lbRTOS.o

Memory Configuration

Name             Origin             Length             Attributes
text             0x00000000         0x00020000         xr
data             0x00800060         0x0000ffa0         rw !x
eeprom           0x00810000         0x00010000         rw !x
fuse             0x00820000         0x00000400         rw !x
lock             0x00830000         0x00000400         rw !x
signature        0x00840000         0x00000400         rw !x
*default*        0x00000000         0xffffffff

Linker script and memory map

Address of section .data set to 0x800200
LOAD c:/winavr-20081205/bin/../lib/gcc/avr/4.3.2/../../../../avr/lib/avr5/crtm640.o
LOAD lbRTOS.o
LOAD list.o
LOAD queue.o
LOAD tasks.o
LOAD port.o
LOAD croutine.o
LOAD heap_1.o
LOAD timer640.o
LOAD uart4.o
LOAD buffer.o
LOAD a2d.o
LOAD rprintf.o
LOAD i2c.o
LOAD c:/winavr-20081205/bin/../lib/gcc/avr/4.3.2/../../../../avr/lib/avr5\libm.a
LOAD c:/winavr-20081205/bin/../lib/gcc/avr/4.3.2/../../../../avr/lib/avr5\libc.a
LOAD c:/winavr-20081205/bin/../lib/gcc/avr/4.3.2/avr5\libgcc.a
LOAD c:/winavr-20081205/bin/../lib/gcc/avr/4.3.2/../../../../avr/lib/avr5\libc.a
LOAD c:/winavr-20081205/bin/../lib/gcc/avr/4.3.2/avr5\libgcc.a

.hash
 *(.hash)

.dynsym
 *(.dynsym)

.dynstr
 *(.dynstr)

.gnu.version
 *(.gnu.version)

.gnu.version_d
 *(.gnu.version_d)

.gnu.version_r
 *(.gnu.version_r)

.rel.init
 *(.rel.init)

.rela.init
 *(.rela.init)

.rel.text
 *(.rel.text)
 *(.rel.text.*)
 *(.rel.gnu.linkonce.t*)

.rela.text
 *(.rela.text)
 *(.rela.text.*)
 *(.rela.gnu.linkonce.t*)

.rel.fini
 *(.rel.fini)

.rela.fini
 *(.rela.fini)

.rel.rodata
 *(.rel.rodata)
 *(.rel.rodata.*)
 *(.rel.gnu.linkonce.r*)

.rela.rodata
 *(.rela.rodata)
 *(.rela.rodata.*)
 *(.rela.gnu.linkonce.r*)

.rel.data
 *(.rel.data)
 *(.rel.data.*)
 *(.rel.gnu.linkonce.d*)

.rela.data
 *(.rela.data)
 *(.rela.data.*)
 *(.rela.gnu.linkonce.d*)

.rel.ctors
 *(.rel.ctors)

.rela.ctors
 *(.rela.ctors)

.rel.dtors
 *(.rel.dtors)

.rela.dtors
 *(.rela.dtors)

.rel.got
 *(.rel.got)

.rela.got
 *(.rela.got)

.rel.bss
 *(.rel.bss)

.rela.bss
 *(.rela.bss)

.rel.plt
 *(.rel.plt)

.rela.plt
 *(.rela.plt)

.text           0x00000000     0x604e
 *(.vectors)
 .vectors       0x00000000       0xe4 c:/winavr-20081205/bin/../lib/gcc/avr/4.3.2/../../../../avr/lib/avr5/crtm640.o
                0x00000000                __vectors
 *(.vectors)
 *(.progmem.gcc*)
 *(.progmem*)
 .progmem.data  0x000000e4       0xd0 lbRTOS.o
 .progmem.data  0x000001b4       0x2d timer640.o
                0x000001b4                TimerPrescaleFactor
                0x000001c0                Timer2PrescaleFactor
 .progmem.data  0x000001e1       0x11 rprintf.o
                0x000001f2                . = ALIGN (0x2)
                0x000001f2                __trampolines_start = .
 *(.trampolines)
 .trampolines   0x000001f2        0x0 linker stubs
 *(.trampolines*)
                0x000001f2                __trampolines_end = .
 *(.jumptables)
 *(.jumptables*)
 *(.lowtext)
 *(.lowtext*)
                0x000001f2                __ctors_start = .
 *(.ctors)
                0x000001f2                __ctors_end = .
                0x000001f2                __dtors_start = .
 *(.dtors)
                0x000001f2                __dtors_end = .
 SORT(*)(.ctors)
 SORT(*)(.dtors)
 *(.init0)
 .init0         0x000001f2        0x0 c:/winavr-20081205/bin/../lib/gcc/avr/4.3.2/../../../../avr/lib/avr5/crtm640.o
                0x000001f2                __init
 *(.init0)
 *(.init1)
 *(.init1)
 *(.init2)
 .init2         0x000001f2        0xc c:/winavr-20081205/bin/../lib/gcc/avr/4.3.2/../../../../avr/lib/avr5/crtm640.o
 *(.init2)
 *(.init3)
 *(.init3)
 *(.init4)
 .init4         0x000001fe       0x16 c:/winavr-20081205/bin/../lib/gcc/avr/4.3.2/avr5\libgcc.a(_copy_data.o)
                0x000001fe                __do_copy_data
 .init4         0x00000214       0x10 c:/winavr-20081205/bin/../lib/gcc/avr/4.3.2/avr5\libgcc.a(_clear_bss.o)
                0x00000214                __do_clear_bss
 *(.init4)
 *(.init5)
 *(.init5)
 *(.init6)
 *(.init6)
 *(.init7)
 *(.init7)
 *(.init8)
 *(.init8)
 *(.init9)
 .init9         0x00000224        0x8 c:/winavr-20081205/bin/../lib/gcc/avr/4.3.2/../../../../avr/lib/avr5/crtm640.o
 *(.init9)
 *(.text)
 .text          0x0000022c        0x4 c:/winavr-20081205/bin/../lib/gcc/avr/4.3.2/../../../../avr/lib/avr5/crtm640.o
                0x0000022c                __vector_28
                0x0000022c                __vector_1
                0x0000022c                __vector_24
                0x0000022c                __vector_12
                0x0000022c                __vector_55
                0x0000022c                __bad_interrupt
                0x0000022c                __vector_6
                0x0000022c                __vector_3
                0x0000022c                __vector_30
                0x0000022c                __vector_11
                0x0000022c                __vector_7
                0x0000022c                __vector_5
                0x0000022c                __vector_52
                0x0000022c                __vector_37
                0x0000022c                __vector_4
                0x0000022c                __vector_9
                0x0000022c                __vector_2
                0x0000022c                __vector_40
                0x0000022c                __vector_8
                0x0000022c                __vector_26
                0x0000022c                __vector_10
 .text          0x00000230     0x1eb4 lbRTOS.o
                0x00001468                vLight1On
                0x0000064e                PWM_timer3_Off_All
                0x000005b8                PWM_timer3_Off_E4
                0x00000b24                wheel_L
                0x00000bea                vServoTm
                0x000007b0                sin_SoR
                0x000002ac                PWM_Init_timer3_E3
                0x00000ed4                fwdSer_R
                0x0000036c                PWM_Init_timer4_H3
                0x00001b44                send_frame
                0x0000054c                PWM_timer4_On_H3
                0x00000630                PWM_timer2_Off_All
                0x000006f2                PWM_timer4_Set_H4
                0x00000736                delay_cycles
                0x00000bd4                num2char
                0x000006d4                PWM_timer3_Set_E4
                0x0000160a                vPID_L
                0x00000684                PWM_timer4_Off_All
                0x00001db0                ubRcv
                0x000008c0                char2hex
                0x0000073c                LED_on
                0x000006ba                PWM_timer1_Set_LED
                0x000006ca                PWM_timer3_Set_E3
                0x00001164                vScript
                0x000006c4                PWM_timer2_Set_H6
                0x00000270                PWM_Init_timer2_H6
                0x00001a36                vEnc_UpdatePose
                0x000006fc                PWM_timer4_Set_H5
                0x0000042c                timer1PWMInitICR
                0x00001f04                prvSetupHardware
                0x00000504                PWM_timer2_On_H6
                0x000008a6                prvPWMSetup
                0x00000594                PWM_timer2_Off_H6
                0x00000230                PWM_Init_timer1_LED
                0x000004b0                timer4PWMInitICR
                0x0000075a                cos_SoR
                0x00000738                LED_off
                0x0000055e                PWM_timer4_On_H4
                0x00000516                PWM_timer3_On_E3
                0x00000b7c                wheel_R
                0x0000046e                timer3PWMInitICR
                0x000008d8                retConv_s16
                0x000005dc                PWM_timer4_Off_H3
                0x000014c4                vPID_R
                0x00000c54                fwdSer_L
                0x00002026                main
                0x00000740                button_pressed
                0x00001372                vServoOsc
                0x000005a6                PWM_timer3_Off_E3
                0x000006e8                PWM_timer4_Set_H3
                0x00001bfc                vUpdatePose
                0x000005ee                PWM_timer4_Off_H4
                0x000002ec                PWM_Init_timer3_E4
                0x00000706                configure_ports
                0x00000976                retConv_s32
                0x00001496                vLight0On
                0x0000080e                tan_SoR
                0x0000126a                vRampVel
                0x000003ac                PWM_Init_timer4_H4
                0x000004f2                PWM_timer1_On_LED
                0x00000570                PWM_timer4_On_H5
                0x0000032c                PWM_Init_timer3_E5
                0x00000600                PWM_timer4_Off_H5
                0x00000528                PWM_timer3_On_E4
                0x0000053a                PWM_timer3_On_E5
                0x00000582                PWM_timer1_Off_LED
                0x000005ca                PWM_timer3_Off_E5
                0x000003ec                PWM_Init_timer4_H5
                0x00000612                PWM_timer1_Off_All
                0x000006de                PWM_timer3_Set_E5
 .text          0x000020e4      0x134 list.o
                0x0000210c                vListInsertEnd
                0x000021c8                vListRemove
                0x00002104                vListInitialiseItem
                0x000020e4                vListInitialise
                0x0000215e                vListInsert
 .text          0x00002218      0x5ca queue.o
                0x0000236c                xQueueGenericSendFromISR
                0x0000271c                xQueueCreate
                0x00002250                vQueueDelete
                0x000025d4                xQueueGenericSend
                0x0000226c                xQueueReceiveFromISR
                0x0000223e                xQueueIsQueueFullFromISR
                0x0000243c                xQueueGenericReceive
                0x00002218                uxQueueMessagesWaiting
                0x00002228                uxQueueMessagesWaitingFromISR
                0x0000222e                xQueueIsQueueEmptyFromISR
 .text          0x000027e2      0x918 tasks.o
                0x00002dd0                vTaskEndScheduler
                0x00002a9e                vTaskPlaceOnEventList
                0x00002e5c                xTaskGenericCreate
                0x000027ee                xTaskGetTickCount
                0x0000292c                xTaskRemoveFromEventList
                0x00002d36                vTaskDelete
                0x000028b0                xTaskCheckForTimeOut
                0x000027e2                vTaskSuspendAll
                0x00002804                xTaskGetTickCountFromISR
                0x00002816                vTaskSwitchContext
                0x00002810                uxTaskGetNumberOfTasks
                0x000029b2                vTaskIncrementTick
                0x00002c88                vTaskDelayUntil
                0x00002b10                xTaskResumeAll
                0x000030a4                vTaskStartScheduler
                0x00002924                vTaskMissedYield
                0x00002c0c                vTaskDelay
                0x0000289a                vTaskSetTimeOutState
 .text          0x000030fa      0x274 port.o
                0x0000318a                xPortStartScheduler
                0x00003200                vPortYieldFromTick
                0x000031fe                vPortEndScheduler
                0x000032b6                __vector_17
                0x000032bc                vPortYield
                0x000030fa                pxPortInitialiseStack
 .text          0x0000336e      0x394 croutine.o
                0x0000336e                xCoRoutineRemoveFromEventList
                0x0000360e                xCoRoutineCreate
                0x000033c4                vCoRoutineSchedule
                0x00003594                vCoRoutineAddToDelayedList
 .text          0x00003702       0x6e heap_1.o
                0x0000370e                xPortGetFreeHeapSize
                0x00003702                vPortFree
                0x00003722                pvPortMalloc
                0x00003704                vPortInitialiseBlocks
 .text          0x00003770      0xdfa timer640.o
                0x00003eb4                __vector_22
                0x000037f2                get_timer3_prescaler
                0x00003904                reset_timer0
                0x00003998                init_timer0
                0x000037ba                get_timer1_prescaler
                0x0000412a                __vector_32
                0x00003888                get_timer3_overflow
                0x0000389e                get_timer4_overflow
                0x000038f8                get_timer5_counter
                0x000041de                __vector_34
                0x000038ec                get_timer4_counter
                0x000039f8                init_timer3
                0x000043a0                __vector_46
                0x000040d0                __vector_31
                0x00003a8e                sleep
                0x00003a76                timer_detach
                0x00003a1c                init_timer4
                0x00003cda                __vector_35
                0x0000397c                reset_timer5
                0x00003b34                __vector_23
                0x00003d5a                __vector_45
                0x000037d6                get_timer2_prescaler
                0x00003788                prescaler_hex_to_value_for_timer2
                0x0000401c                __vector_13
                0x000038ca                get_timer0_counter
                0x00003fc2                __vector_19
                0x000038da                get_timer2_counter
                0x000044ae                __vector_49
                0x00004238                __vector_41
                0x00003770                prescaler_hex_to_value
                0x000042ec                __vector_43
                0x0000385c                get_timer1_overflow
                0x00004508                __vector_default
                0x00004184                __vector_33
                0x00003948                reset_timer3
                0x000043fa                __vector_47
                0x00003846                get_timer0_overflow
                0x00003996                delay_us
                0x0000380e                get_timer4_prescaler
                0x00003872                get_timer2_overflow
                0x00003962                reset_timer4
                0x00004346                __vector_44
                0x00003a40                init_timer5
                0x00003e5a                __vector_21
                0x00003c5a                __vector_15
                0x000038e0                get_timer3_counter
                0x00003a88                _delay_loop_2
                0x000039b4                init_timer1
                0x0000382a                get_timer5_prescaler
                0x00004454                __vector_48
                0x000038b4                get_timer5_overflow
                0x00003918                reset_timer1
                0x00004076                __vector_14
                0x000038ce                get_timer1_counter
                0x00003a64                timer_attach
                0x000037a0                get_timer0_prescaler
                0x00003dda                __vector_50
                0x00003f0e                __vector_16
                0x00003f68                __vector_18
                0x00003932                reset_timer2
                0x00003bda                __vector_20
                0x000039d8                init_timer2
                0x00004292                __vector_42
 .text          0x0000456a      0x874 uart4.o
                0x00004a78                __vector_38
                0x00004b0c                uartSendTxBuffer
                0x000046b2                uartReceiveService
                0x0000493e                uart2AddToTxBuffer
                0x0000461a                uartSendByte
                0x00004d74                uart0InitBuffers
                0x0000467c                uart2SendByte
                0x00004bf6                uart1GetByte
                0x00004b3a                uartReceiveByte
                0x00004852                uartSendBuffer
                0x00004808                __vector_25
                0x00004c26                uart0GetByte
                0x0000491c                uartAddToTxBuffer
                0x0000472a                __vector_54
                0x00004686                uart3SendByte
                0x00004962                uartTransmitService
                0x0000456a                uartSetRxHandler
                0x000049e4                __vector_56
                0x00004d96                uart0Init
                0x00004d3e                uart1Init
                0x00004c56                uartFlushReceiveBuffer
                0x00004ac2                __vector_27
                0x00004dcc                uartInit
                0x00004668                uart0SendByte
                0x00004690                uartReceiveBufferIsEmpty
                0x00004c8e                uart3Init
                0x00004580                uartSetBaudRate
                0x00004932                uart3AddToTxBuffer
                0x00004c6c                uart3InitBuffers
                0x00004672                uart1SendByte
                0x00004604                uartGetTxBuffer
                0x00004774                __vector_51
                0x000045ee                uartGetRxBuffer
                0x00004ce6                uart2Init
                0x000047be                __vector_36
                0x00004d1c                uart1InitBuffers
                0x00004956                uart0AddToTxBuffer
                0x00004cc4                uart2InitBuffers
                0x00004bc6                uart2GetByte
                0x00004a2e                __vector_53
                0x00004b96                uart3GetByte
                0x0000494a                uart1AddToTxBuffer
 .text          0x00004dde      0x160 buffer.o
                0x00004f18                bufferIsNotFull
                0x00004df8                bufferGetFromFront
                0x00004ea2                bufferGetAtIndex
                0x00004e5e                bufferDumpFromFront
                0x00004dde                bufferInit
                0x00004eca                bufferAddToEnd
                0x00004f30                bufferFlush
 .text          0x00004f3e      0x116 a2d.o
                0x00004fce                a2dIsComplete
                0x00005028                a2dConvert8bit
                0x00004f76                a2dOff
                0x00004f88                a2dSetPrescaler
                0x00004fd6                a2dConvert10bit
                0x00004f3e                a2dInit
                0x00004f96                a2dSetReference
                0x00005036                __vector_29
                0x00004fac                a2dSetChannel
                0x00004fbc                a2dStartConvert
 .text          0x00005054      0x570 rprintf.o
                0x0000549c                rprintf1RamRom
                0x0000513a                rprintfu08
                0x00005164                rprintfu32
                0x00005082                rprintfStr
                0x0000530a                rprintfFloat
                0x000050a0                rprintfStrLen
                0x000050fc                rprintfProgStr
                0x00005150                rprintfu16
                0x00005054                rprintfInit
                0x0000505e                rprintfChar
                0x0000511c                rprintfCRLF
                0x00005124                rprintfu04
                0x0000518a                rprintfNum
 .text          0x000055c4      0x506 i2c.o
                0x00005600                i2cInit
                0x0000565e                i2cSendStart
                0x0000567a                i2cWaitForComplete
                0x000056b2                i2cGetReceivedByte
                0x000056be                i2cMasterSend
                0x00005872                __vector_39
                0x000056fe                i2cMasterReceive
                0x00005746                i2cMasterSendNI
                0x0000564a                i2cSetSlaveReceiveHandler
                0x00005ac4                i2cGetState
                0x000056b8                i2cGetStatus
                0x00005684                i2cSendByte
                0x00005654                i2cSetSlaveTransmitHandler
                0x0000563a                i2cSetLocalDeviceAddr
                0x000057d4                i2cMasterReceiveNI
                0x00005696                i2cReceiveByte
                0x000055c4                i2cSetBitrate
                0x0000566c                i2cSendStop
 .text          0x00005aca        0x0 c:/winavr-20081205/bin/../lib/gcc/avr/4.3.2/../../../../avr/lib/avr5\libm.a(addsf3.o)
 .text          0x00005aca        0x0 c:/winavr-20081205/bin/../lib/gcc/avr/4.3.2/../../../../avr/lib/avr5\libm.a(addsf3x.o)
 .text          0x00005aca        0x0 c:/winavr-20081205/bin/../lib/gcc/avr/4.3.2/../../../../avr/lib/avr5\libm.a(cmpsf2.o)
 .text          0x00005aca        0x0 c:/winavr-20081205/bin/../lib/gcc/avr/4.3.2/../../../../avr/lib/avr5\libm.a(divsf3.o)
 .text          0x00005aca        0x0 c:/winavr-20081205/bin/../lib/gcc/avr/4.3.2/../../../../avr/lib/avr5\libm.a(divsf3x.o)
 .text          0x00005aca        0x0 c:/winavr-20081205/bin/../lib/gcc/avr/4.3.2/../../../../avr/lib/avr5\libm.a(fixsfsi.o)
 .text          0x00005aca        0x0 c:/winavr-20081205/bin/../lib/gcc/avr/4.3.2/../../../../avr/lib/avr5\libm.a(fixunssfsi.o)
 .text          0x00005aca        0x0 c:/winavr-20081205/bin/../lib/gcc/avr/4.3.2/../../../../avr/lib/avr5\libm.a(floatsisf.o)
 .text          0x00005aca        0x0 c:/winavr-20081205/bin/../lib/gcc/avr/4.3.2/../../../../avr/lib/avr5\libm.a(fp_cmp.o)
 .text          0x00005aca        0x0 c:/winavr-20081205/bin/../lib/gcc/avr/4.3.2/../../../../avr/lib/avr5\libm.a(fp_inf.o)
 .text          0x00005aca        0x0 c:/winavr-20081205/bin/../lib/gcc/avr/4.3.2/../../../../avr/lib/avr5\libm.a(fp_nan.o)
 .text          0x00005aca        0x0 c:/winavr-20081205/bin/../lib/gcc/avr/4.3.2/../../../../avr/lib/avr5\libm.a(fp_pscA.o)
 .text          0x00005aca        0x0 c:/winavr-20081205/bin/../lib/gcc/avr/4.3.2/../../../../avr/lib/avr5\libm.a(fp_pscB.o)
 .text          0x00005aca        0x0 c:/winavr-20081205/bin/../lib/gcc/avr/4.3.2/../../../../avr/lib/avr5\libm.a(fp_round.o)
 .text          0x00005aca        0x0 c:/winavr-20081205/bin/../lib/gcc/avr/4.3.2/../../../../avr/lib/avr5\libm.a(fp_split3.o)
 .text          0x00005aca        0x0 c:/winavr-20081205/bin/../lib/gcc/avr/4.3.2/../../../../avr/lib/avr5\libm.a(fp_zero.o)
 .text          0x00005aca        0x0 c:/winavr-20081205/bin/../lib/gcc/avr/4.3.2/../../../../avr/lib/avr5\libm.a(gesf2.o)
 .text          0x00005aca        0x0 c:/winavr-20081205/bin/../lib/gcc/avr/4.3.2/../../../../avr/lib/avr5\libm.a(mulsf3.o)
 .text          0x00005aca        0x0 c:/winavr-20081205/bin/../lib/gcc/avr/4.3.2/../../../../avr/lib/avr5\libm.a(mulsf3x.o)
 .text          0x00005aca        0x6 c:/winavr-20081205/bin/../lib/gcc/avr/4.3.2/../../../../avr/lib/avr5\libc.a(exit.o)
                0x00005aca                exit
 .text          0x00005ad0       0x12 c:/winavr-20081205/bin/../lib/gcc/avr/4.3.2/../../../../avr/lib/avr5\libc.a(memcpy.o)
                0x00005ad0                memcpy
 .text          0x00005ae2        0xe c:/winavr-20081205/bin/../lib/gcc/avr/4.3.2/../../../../avr/lib/avr5\libc.a(memset.o)
                0x00005ae2                memset
 .text          0x00005af0       0x1e c:/winavr-20081205/bin/../lib/gcc/avr/4.3.2/../../../../avr/lib/avr5\libc.a(strncpy.o)
                0x00005af0                strncpy
 .text          0x00005b0e        0x0 c:/winavr-20081205/bin/../lib/gcc/avr/4.3.2/avr5\libgcc.a(_mulsi3.o)
 .text          0x00005b0e        0x0 c:/winavr-20081205/bin/../lib/gcc/avr/4.3.2/avr5\libgcc.a(_udivmodhi4.o)
 .text          0x00005b0e        0x0 c:/winavr-20081205/bin/../lib/gcc/avr/4.3.2/avr5\libgcc.a(_divmodhi4.o)
 .text          0x00005b0e        0x0 c:/winavr-20081205/bin/../lib/gcc/avr/4.3.2/avr5\libgcc.a(_udivmodsi4.o)
 .text          0x00005b0e        0x0 c:/winavr-20081205/bin/../lib/gcc/avr/4.3.2/avr5\libgcc.a(_divmodsi4.o)
 .text          0x00005b0e        0x0 c:/winavr-20081205/bin/../lib/gcc/avr/4.3.2/avr5\libgcc.a(_exit.o)
 .text          0x00005b0e        0x0 c:/winavr-20081205/bin/../lib/gcc/avr/4.3.2/avr5\libgcc.a(_copy_data.o)
 .text          0x00005b0e        0x0 c:/winavr-20081205/bin/../lib/gcc/avr/4.3.2/avr5\libgcc.a(_clear_bss.o)
                0x00005b0e                . = ALIGN (0x2)
 *(.text.*)
 .text.fplib    0x00005b0e        0xa c:/winavr-20081205/bin/../lib/gcc/avr/4.3.2/../../../../avr/lib/avr5\libm.a(addsf3.o)
                0x00005b0e                __subsf3
                0x00005b10                __addsf3
 .text.fplib    0x00005b18       0xc0 c:/winavr-20081205/bin/../lib/gcc/avr/4.3.2/../../../../avr/lib/avr5\libm.a(addsf3x.o)
                0x00005b32                __addsf3x
 .text.fplib    0x00005bd8        0x8 c:/winavr-20081205/bin/../lib/gcc/avr/4.3.2/../../../../avr/lib/avr5\libm.a(cmpsf2.o)
                0x00005bd8                __lesf2
                0x00005bd8                __nesf2
                0x00005bd8                __eqsf2
                0x00005bd8                __cmpsf2
                0x00005bd8                __ltsf2
 .text.fplib    0x00005be0        0x4 c:/winavr-20081205/bin/../lib/gcc/avr/4.3.2/../../../../avr/lib/avr5\libm.a(divsf3.o)
                0x00005be0                __divsf3
 .text.fplib    0x00005be4       0xcc c:/winavr-20081205/bin/../lib/gcc/avr/4.3.2/../../../../avr/lib/avr5\libm.a(divsf3x.o)
                0x00005bfa                __divsf3x
                0x00005bfe                __divsf3_pse
 .text.fplib    0x00005cb0        0xa c:/winavr-20081205/bin/../lib/gcc/avr/4.3.2/../../../../avr/lib/avr5\libm.a(fixsfsi.o)
                0x00005cb0                __fixsfsi
 .text.fplib    0x00005cba       0x58 c:/winavr-20081205/bin/../lib/gcc/avr/4.3.2/../../../../avr/lib/avr5\libm.a(fixunssfsi.o)
                0x00005cba                __fixunssfsi
 .text.fplib    0x00005d12       0x7a c:/winavr-20081205/bin/../lib/gcc/avr/4.3.2/../../../../avr/lib/avr5\libm.a(floatsisf.o)
                0x00005d16                __floatsisf
                0x00005d12                __floatunsisf
 .text.fplib    0x00005d8c       0x48 c:/winavr-20081205/bin/../lib/gcc/avr/4.3.2/../../../../avr/lib/avr5\libm.a(fp_cmp.o)
                0x00005d8c                __fp_cmp
 .text.fplib    0x00005dd4        0xc c:/winavr-20081205/bin/../lib/gcc/avr/4.3.2/../../../../avr/lib/avr5\libm.a(fp_inf.o)
                0x00005dd4                __fp_inf
 .text.fplib    0x00005de0        0x6 c:/winavr-20081205/bin/../lib/gcc/avr/4.3.2/../../../../avr/lib/avr5\libm.a(fp_nan.o)
                0x00005de0                __fp_nan
 .text.fplib    0x00005de6        0xe c:/winavr-20081205/bin/../lib/gcc/avr/4.3.2/../../../../avr/lib/avr5\libm.a(fp_pscA.o)
                0x00005de6                __fp_pscA
 .text.fplib    0x00005df4        0xe c:/winavr-20081205/bin/../lib/gcc/avr/4.3.2/../../../../avr/lib/avr5\libm.a(fp_pscB.o)
                0x00005df4                __fp_pscB
 .text.fplib    0x00005e02       0x22 c:/winavr-20081205/bin/../lib/gcc/avr/4.3.2/../../../../avr/lib/avr5\libm.a(fp_round.o)
                0x00005e02                __fp_round
 .text.fplib    0x00005e24       0x44 c:/winavr-20081205/bin/../lib/gcc/avr/4.3.2/../../../../avr/lib/avr5\libm.a(fp_split3.o)
                0x00005e24                __fp_split3
                0x00005e34                __fp_splitA
 .text.fplib    0x00005e68        0xe c:/winavr-20081205/bin/../lib/gcc/avr/4.3.2/../../../../avr/lib/avr5\libm.a(fp_zero.o)
                0x00005e68                __fp_zero
                0x00005e6a                __fp_szero
 .text.fplib    0x00005e76        0x8 c:/winavr-20081205/bin/../lib/gcc/avr/4.3.2/../../../../avr/lib/avr5\libm.a(gesf2.o)
                0x00005e76                __gtsf2
                0x00005e76                __gesf2
 .text.fplib    0x00005e7e        0x4 c:/winavr-20081205/bin/../lib/gcc/avr/4.3.2/../../../../avr/lib/avr5\libm.a(mulsf3.o)
                0x00005e7e                __mulsf3
 .text.fplib    0x00005e82       0xc2 c:/winavr-20081205/bin/../lib/gcc/avr/4.3.2/../../../../avr/lib/avr5\libm.a(mulsf3x.o)
                0x00005e9a                __mulsf3_pse
                0x00005e96                __mulsf3x
 .text.libgcc   0x00005f44       0x3e c:/winavr-20081205/bin/../lib/gcc/avr/4.3.2/avr5\libgcc.a(_mulsi3.o)
                0x00005f44                __mulsi3
 .text.libgcc   0x00005f82       0x28 c:/winavr-20081205/bin/../lib/gcc/avr/4.3.2/avr5\libgcc.a(_udivmodhi4.o)
                0x00005f82                __udivmodhi4
 .text.libgcc   0x00005faa       0x26 c:/winavr-20081205/bin/../lib/gcc/avr/4.3.2/avr5\libgcc.a(_divmodhi4.o)
                0x00005faa                __divmodhi4
                0x00005faa                _div
 .text.libgcc   0x00005fd0       0x44 c:/winavr-20081205/bin/../lib/gcc/avr/4.3.2/avr5\libgcc.a(_udivmodsi4.o)
                0x00005fd0                __udivmodsi4
 .text.libgcc   0x00006014       0x36 c:/winavr-20081205/bin/../lib/gcc/avr/4.3.2/avr5\libgcc.a(_divmodsi4.o)
                0x00006014                __divmodsi4
 .text.libgcc   0x0000604a        0x0 c:/winavr-20081205/bin/../lib/gcc/avr/4.3.2/avr5\libgcc.a(_exit.o)
 .text.libgcc   0x0000604a        0x0 c:/winavr-20081205/bin/../lib/gcc/avr/4.3.2/avr5\libgcc.a(_copy_data.o)
 .text.libgcc   0x0000604a        0x0 c:/winavr-20081205/bin/../lib/gcc/avr/4.3.2/avr5\libgcc.a(_clear_bss.o)
                0x0000604a                . = ALIGN (0x2)
 *(.fini9)
 .fini9         0x0000604a        0x0 c:/winavr-20081205/bin/../lib/gcc/avr/4.3.2/avr5\libgcc.a(_exit.o)
                0x0000604a                _exit
 *(.fini9)
 *(.fini8)
 *(.fini8)
 *(.fini7)
 *(.fini7)
 *(.fini6)
 *(.fini6)
 *(.fini5)
 *(.fini5)
 *(.fini4)
 *(.fini4)
 *(.fini3)
 *(.fini3)
 *(.fini2)
 *(.fini2)
 *(.fini1)
 *(.fini1)
 *(.fini0)
 .fini0         0x0000604a        0x4 c:/winavr-20081205/bin/../lib/gcc/avr/4.3.2/avr5\libgcc.a(_exit.o)
 *(.fini0)
                0x0000604e                _etext = .

.data           0x00800200       0xb6 load address 0x0000604e
                0x00800200                PROVIDE (__data_start, .)
 *(.data)
 .data          0x00800200        0x0 c:/winavr-20081205/bin/../lib/gcc/avr/4.3.2/../../../../avr/lib/avr5/crtm640.o
 .data          0x00800200       0xb0 lbRTOS.o
                0x0080021c                angtable
                0x008002ae                spray_time
 .data          0x008002b0        0x0 list.o
 .data          0x008002b0        0x0 queue.o
 .data          0x008002b0        0x5 tasks.o
 .data          0x008002b5        0x0 port.o
 .data          0x008002b5        0x0 croutine.o
 .data          0x008002b5        0x0 heap_1.o
 .data          0x008002b5        0x0 timer640.o
 .data          0x008002b5        0x0 uart4.o
 .data          0x008002b5        0x0 buffer.o
 .data          0x008002b5        0x0 a2d.o
 .data          0x008002b5        0x0 rprintf.o
 .data          0x008002b5        0x0 i2c.o
 .data          0x008002b5        0x0 c:/winavr-20081205/bin/../lib/gcc/avr/4.3.2/../../../../avr/lib/avr5\libm.a(addsf3.o)
 .data          0x008002b5        0x0 c:/winavr-20081205/bin/../lib/gcc/avr/4.3.2/../../../../avr/lib/avr5\libm.a(addsf3x.o)
 .data          0x008002b5        0x0 c:/winavr-20081205/bin/../lib/gcc/avr/4.3.2/../../../../avr/lib/avr5\libm.a(cmpsf2.o)
 .data          0x008002b5        0x0 c:/winavr-20081205/bin/../lib/gcc/avr/4.3.2/../../../../avr/lib/avr5\libm.a(divsf3.o)
 .data          0x008002b5        0x0 c:/winavr-20081205/bin/../lib/gcc/avr/4.3.2/../../../../avr/lib/avr5\libm.a(divsf3x.o)
 .data          0x008002b5        0x0 c:/winavr-20081205/bin/../lib/gcc/avr/4.3.2/../../../../avr/lib/avr5\libm.a(fixsfsi.o)
 .data          0x008002b5        0x0 c:/winavr-20081205/bin/../lib/gcc/avr/4.3.2/../../../../avr/lib/avr5\libm.a(fixunssfsi.o)
 .data          0x008002b5        0x0 c:/winavr-20081205/bin/../lib/gcc/avr/4.3.2/../../../../avr/lib/avr5\libm.a(floatsisf.o)
 .data          0x008002b5        0x0 c:/winavr-20081205/bin/../lib/gcc/avr/4.3.2/../../../../avr/lib/avr5\libm.a(fp_cmp.o)
 .data          0x008002b5        0x0 c:/winavr-20081205/bin/../lib/gcc/avr/4.3.2/../../../../avr/lib/avr5\libm.a(fp_inf.o)
 .data          0x008002b5        0x0 c:/winavr-20081205/bin/../lib/gcc/avr/4.3.2/../../../../avr/lib/avr5\libm.a(fp_nan.o)
 .data          0x008002b5        0x0 c:/winavr-20081205/bin/../lib/gcc/avr/4.3.2/../../../../avr/lib/avr5\libm.a(fp_pscA.o)
 .data          0x008002b5        0x0 c:/winavr-20081205/bin/../lib/gcc/avr/4.3.2/../../../../avr/lib/avr5\libm.a(fp_pscB.o)
 .data          0x008002b5        0x0 c:/winavr-20081205/bin/../lib/gcc/avr/4.3.2/../../../../avr/lib/avr5\libm.a(fp_round.o)
 .data          0x008002b5        0x0 c:/winavr-20081205/bin/../lib/gcc/avr/4.3.2/../../../../avr/lib/avr5\libm.a(fp_split3.o)
 .data          0x008002b5        0x0 c:/winavr-20081205/bin/../lib/gcc/avr/4.3.2/../../../../avr/lib/avr5\libm.a(fp_zero.o)
 .data          0x008002b5        0x0 c:/winavr-20081205/bin/../lib/gcc/avr/4.3.2/../../../../avr/lib/avr5\libm.a(gesf2.o)
 .data          0x008002b5        0x0 c:/winavr-20081205/bin/../lib/gcc/avr/4.3.2/../../../../avr/lib/avr5\libm.a(mulsf3.o)
 .data          0x008002b5        0x0 c:/winavr-20081205/bin/../lib/gcc/avr/4.3.2/../../../../avr/lib/avr5\libm.a(mulsf3x.o)
 .data          0x008002b5        0x0 c:/winavr-20081205/bin/../lib/gcc/avr/4.3.2/../../../../avr/lib/avr5\libc.a(exit.o)
 .data          0x008002b5        0x0 c:/winavr-20081205/bin/../lib/gcc/avr/4.3.2/../../../../avr/lib/avr5\libc.a(memcpy.o)
 .data          0x008002b5        0x0 c:/winavr-20081205/bin/../lib/gcc/avr/4.3.2/../../../../avr/lib/avr5\libc.a(memset.o)
 .data          0x008002b5        0x0 c:/winavr-20081205/bin/../lib/gcc/avr/4.3.2/../../../../avr/lib/avr5\libc.a(strncpy.o)
 .data          0x008002b5        0x0 c:/winavr-20081205/bin/../lib/gcc/avr/4.3.2/avr5\libgcc.a(_mulsi3.o)
 .data          0x008002b5        0x0 c:/winavr-20081205/bin/../lib/gcc/avr/4.3.2/avr5\libgcc.a(_udivmodhi4.o)
 .data          0x008002b5        0x0 c:/winavr-20081205/bin/../lib/gcc/avr/4.3.2/avr5\libgcc.a(_divmodhi4.o)
 .data          0x008002b5        0x0 c:/winavr-20081205/bin/../lib/gcc/avr/4.3.2/avr5\libgcc.a(_udivmodsi4.o)
 .data          0x008002b5        0x0 c:/winavr-20081205/bin/../lib/gcc/avr/4.3.2/avr5\libgcc.a(_divmodsi4.o)
 .data          0x008002b5        0x0 c:/winavr-20081205/bin/../lib/gcc/avr/4.3.2/avr5\libgcc.a(_exit.o)
 .data          0x008002b5        0x0 c:/winavr-20081205/bin/../lib/gcc/avr/4.3.2/avr5\libgcc.a(_copy_data.o)
 .data          0x008002b5        0x0 c:/winavr-20081205/bin/../lib/gcc/avr/4.3.2/avr5\libgcc.a(_clear_bss.o)
 *(.data*)
 *(.rodata)
 *(.rodata*)
 *(.gnu.linkonce.d*)
                0x008002b6                . = ALIGN (0x2)
 *fill*         0x008002b5        0x1 00
                0x008002b6                _edata = .
                0x008002b6                PROVIDE (__data_end, .)

.bss            0x008002b6     0x1013
                0x008002b6                PROVIDE (__bss_start, .)
 *(.bss)
 .bss           0x008002b6        0x0 c:/winavr-20081205/bin/../lib/gcc/avr/4.3.2/../../../../avr/lib/avr5/crtm640.o
 .bss           0x008002b6       0x79 lbRTOS.o
                0x008002e0                enc_ang_vel
                0x008002da                dRIGHTDis
                0x008002cd                dLEFTDis
                0x008002d1                RIGHTVel_ready
                0x008002e4                cmd_angle
                0x008002c5                LEFTDis_current
                0x008002f4                current_time
                0x008002d2                RIGHTDis_current
                0x008002be                v_left
                0x008002c4                LEFTVel_ready
                0x008002e8                cmd_ang_vel
                0x008002ec                cmd_dist
                0x008002ba                inst_cmd_vel
                0x008002dc                enc_heading
                0x008002f8                previous_time
                0x008002d6                RIGHTDis_prev
                0x008002c0                v_right
                0x008002c9                LEFTDis_prev
                0x008002c2                LEFTVel_current
                0x008002f0                correction_angle
                0x008002cf                RIGHTVel_current
                0x008002b6                v_command
 .bss           0x0080032f        0x0 list.o
 .bss           0x0080032f        0x0 queue.o
 .bss           0x0080032f       0x5a tasks.o
                0x0080032f                pxCurrentTCB
 .bss           0x00800389        0x0 port.o
 .bss           0x00800389       0x3a croutine.o
                0x00800389                pxCurrentCoRoutine
 .bss           0x008003c3      0xbba heap_1.o
 .bss           0x00800f7d       0x34 timer640.o
 .bss           0x00800fb1      0x248 uart4.o
 .bss           0x008011f9        0x0 buffer.o
 .bss           0x008011f9        0x0 a2d.o
 .bss           0x008011f9        0x2 rprintf.o
 .bss           0x008011fb       0x4a i2c.o
 .bss           0x00801245        0x0 c:/winavr-20081205/bin/../lib/gcc/avr/4.3.2/../../../../avr/lib/avr5\libm.a(addsf3.o)
 .bss           0x00801245        0x0 c:/winavr-20081205/bin/../lib/gcc/avr/4.3.2/../../../../avr/lib/avr5\libm.a(addsf3x.o)
 .bss           0x00801245        0x0 c:/winavr-20081205/bin/../lib/gcc/avr/4.3.2/../../../../avr/lib/avr5\libm.a(cmpsf2.o)
 .bss           0x00801245        0x0 c:/winavr-20081205/bin/../lib/gcc/avr/4.3.2/../../../../avr/lib/avr5\libm.a(divsf3.o)
 .bss           0x00801245        0x0 c:/winavr-20081205/bin/../lib/gcc/avr/4.3.2/../../../../avr/lib/avr5\libm.a(divsf3x.o)
 .bss           0x00801245        0x0 c:/winavr-20081205/bin/../lib/gcc/avr/4.3.2/../../../../avr/lib/avr5\libm.a(fixsfsi.o)
 .bss           0x00801245        0x0 c:/winavr-20081205/bin/../lib/gcc/avr/4.3.2/../../../../avr/lib/avr5\libm.a(fixunssfsi.o)
 .bss           0x00801245        0x0 c:/winavr-20081205/bin/../lib/gcc/avr/4.3.2/../../../../avr/lib/avr5\libm.a(floatsisf.o)
 .bss           0x00801245        0x0 c:/winavr-20081205/bin/../lib/gcc/avr/4.3.2/../../../../avr/lib/avr5\libm.a(fp_cmp.o)
 .bss           0x00801245        0x0 c:/winavr-20081205/bin/../lib/gcc/avr/4.3.2/../../../../avr/lib/avr5\libm.a(fp_inf.o)
 .bss           0x00801245        0x0 c:/winavr-20081205/bin/../lib/gcc/avr/4.3.2/../../../../avr/lib/avr5\libm.a(fp_nan.o)
 .bss           0x00801245        0x0 c:/winavr-20081205/bin/../lib/gcc/avr/4.3.2/../../../../avr/lib/avr5\libm.a(fp_pscA.o)
 .bss           0x00801245        0x0 c:/winavr-20081205/bin/../lib/gcc/avr/4.3.2/../../../../avr/lib/avr5\libm.a(fp_pscB.o)
 .bss           0x00801245        0x0 c:/winavr-20081205/bin/../lib/gcc/avr/4.3.2/../../../../avr/lib/avr5\libm.a(fp_round.o)
 .bss           0x00801245        0x0 c:/winavr-20081205/bin/../lib/gcc/avr/4.3.2/../../../../avr/lib/avr5\libm.a(fp_split3.o)
 .bss           0x00801245        0x0 c:/winavr-20081205/bin/../lib/gcc/avr/4.3.2/../../../../avr/lib/avr5\libm.a(fp_zero.o)
 .bss           0x00801245        0x0 c:/winavr-20081205/bin/../lib/gcc/avr/4.3.2/../../../../avr/lib/avr5\libm.a(gesf2.o)
 .bss           0x00801245        0x0 c:/winavr-20081205/bin/../lib/gcc/avr/4.3.2/../../../../avr/lib/avr5\libm.a(mulsf3.o)
 .bss           0x00801245        0x0 c:/winavr-20081205/bin/../lib/gcc/avr/4.3.2/../../../../avr/lib/avr5\libm.a(mulsf3x.o)
 .bss           0x00801245        0x0 c:/winavr-20081205/bin/../lib/gcc/avr/4.3.2/../../../../avr/lib/avr5\libc.a(exit.o)
 .bss           0x00801245        0x0 c:/winavr-20081205/bin/../lib/gcc/avr/4.3.2/../../../../avr/lib/avr5\libc.a(memcpy.o)
 .bss           0x00801245        0x0 c:/winavr-20081205/bin/../lib/gcc/avr/4.3.2/../../../../avr/lib/avr5\libc.a(memset.o)
 .bss           0x00801245        0x0 c:/winavr-20081205/bin/../lib/gcc/avr/4.3.2/../../../../avr/lib/avr5\libc.a(strncpy.o)
 .bss           0x00801245        0x0 c:/winavr-20081205/bin/../lib/gcc/avr/4.3.2/avr5\libgcc.a(_mulsi3.o)
 .bss           0x00801245        0x0 c:/winavr-20081205/bin/../lib/gcc/avr/4.3.2/avr5\libgcc.a(_udivmodhi4.o)
 .bss           0x00801245        0x0 c:/winavr-20081205/bin/../lib/gcc/avr/4.3.2/avr5\libgcc.a(_divmodhi4.o)
 .bss           0x00801245        0x0 c:/winavr-20081205/bin/../lib/gcc/avr/4.3.2/avr5\libgcc.a(_udivmodsi4.o)
 .bss           0x00801245        0x0 c:/winavr-20081205/bin/../lib/gcc/avr/4.3.2/avr5\libgcc.a(_divmodsi4.o)
 .bss           0x00801245        0x0 c:/winavr-20081205/bin/../lib/gcc/avr/4.3.2/avr5\libgcc.a(_exit.o)
 .bss           0x00801245        0x0 c:/winavr-20081205/bin/../lib/gcc/avr/4.3.2/avr5\libgcc.a(_copy_data.o)
 .bss           0x00801245        0x0 c:/winavr-20081205/bin/../lib/gcc/avr/4.3.2/avr5\libgcc.a(_clear_bss.o)
 *(.bss*)
 *(COMMON)
 COMMON         0x00801245       0x17 lbRTOS.o
                0x00801245                elapsed_time
                0x00801249                robot
                0x00801255                key
                0x00801256                dRL
                0x00801258                dis_enc_heading
 COMMON         0x0080125c       0x1c timer640.o
                0x0080125c                timer4_ovrflow_cnt
                0x00801260                timer1_ovrflow_cnt
                0x00801264                timer0_ovrflow_cnt
                0x00801268                timer2_ovrflow_cnt
                0x0080126c                timer_sleep_cnt
                0x00801270                timer3_ovrflow_cnt
                0x00801274                timer5_ovrflow_cnt
 COMMON         0x00801278       0x50 uart4.o
                0x00801278                uartReadyTx
                0x0080127c                uartRxBuffer
                0x0080129c                uartBufferedTx
                0x008012a0                uartTxBuffer
                0x008012c0                uartRxOverflow
 COMMON         0x008012c8        0x1 a2d.o
                0x008012c8                a2dCompleteFlag
                0x008012c9                PROVIDE (__bss_end, .)
                0x0000604e                __data_load_start = LOADADDR (.data)
                0x00006104                __data_load_end = (__data_load_start + SIZEOF (.data))

.noinit         0x008012c9        0x0
                0x008012c9                PROVIDE (__noinit_start, .)
 *(.noinit*)
                0x008012c9                PROVIDE (__noinit_end, .)
                0x008012c9                _end = .
                0x008012c9                PROVIDE (__heap_start, .)

.eeprom         0x00810000        0x0
 *(.eeprom*)
                0x00810000                __eeprom_end = .

.fuse
 *(.fuse)
 *(.lfuse)
 *(.hfuse)
 *(.efuse)

.lock
 *(.lock*)

.signature
 *(.signature*)

.stab
 *(.stab)

.stabstr
 *(.stabstr)

.stab.excl
 *(.stab.excl)

.stab.exclstr
 *(.stab.exclstr)

.stab.index
 *(.stab.index)

.stab.indexstr
 *(.stab.indexstr)

.comment
 *(.comment)

.debug
 *(.debug)

.line
 *(.line)

.debug_srcinfo
 *(.debug_srcinfo)

.debug_sfnames
 *(.debug_sfnames)

.debug_aranges  0x00000000      0x1a0
 *(.debug_aranges)
 .debug_aranges
                0x00000000       0x20 lbRTOS.o
 .debug_aranges
                0x00000020       0x20 list.o
 .debug_aranges
                0x00000040       0x20 queue.o
 .debug_aranges
                0x00000060       0x20 tasks.o
 .debug_aranges
                0x00000080       0x20 port.o
 .debug_aranges
                0x000000a0       0x20 croutine.o
 .debug_aranges
                0x000000c0       0x20 heap_1.o
 .debug_aranges
                0x000000e0       0x20 timer640.o
 .debug_aranges
                0x00000100       0x20 uart4.o
 .debug_aranges
                0x00000120       0x20 buffer.o
 .debug_aranges
                0x00000140       0x20 a2d.o
 .debug_aranges
                0x00000160       0x20 rprintf.o
 .debug_aranges
                0x00000180       0x20 i2c.o

.debug_pubnames
                0x00000000     0x1891
 *(.debug_pubnames)
 .debug_pubnames
                0x00000000      0x6ea lbRTOS.o
 .debug_pubnames
                0x000006ea       0x71 list.o
 .debug_pubnames
                0x0000075b      0x111 queue.o
 .debug_pubnames
                0x0000086c      0x1bc tasks.o
 .debug_pubnames
                0x00000a28       0x90 port.o
 .debug_pubnames
                0x00000ab8       0x96 croutine.o
 .debug_pubnames
                0x00000b4e       0x64 heap_1.o
 .debug_pubnames
                0x00000bb2      0x588 timer640.o
 .debug_pubnames
                0x0000113a      0x386 uart4.o
 .debug_pubnames
                0x000014c0       0x9c buffer.o
 .debug_pubnames
                0x0000155c       0xd4 a2d.o
 .debug_pubnames
                0x00001630       0xe5 rprintf.o
 .debug_pubnames
                0x00001715      0x17c i2c.o

.debug_info     0x00000000     0x5c1e
 *(.debug_info)
 .debug_info    0x00000000     0x18a1 lbRTOS.o
 .debug_info    0x000018a1      0x2b1 list.o
 .debug_info    0x00001b52      0x771 queue.o
 .debug_info    0x000022c3      0xb1a tasks.o
 .debug_info    0x00002ddd      0x1c2 port.o
 .debug_info    0x00002f9f      0x50a croutine.o
 .debug_info    0x000034a9      0x169 heap_1.o
 .debug_info    0x00003612      0xbe7 timer640.o
 .debug_info    0x000041f9      0x933 uart4.o
 .debug_info    0x00004b2c      0x2cb buffer.o
 .debug_info    0x00004df7      0x21b a2d.o
 .debug_info    0x00005012      0x580 rprintf.o
 .debug_info    0x00005592      0x68c i2c.o
 *(.gnu.linkonce.wi.*)

.debug_abbrev   0x00000000     0x172f
 *(.debug_abbrev)
 .debug_abbrev  0x00000000      0x3ed lbRTOS.o
 .debug_abbrev  0x000003ed       0xdd list.o
 .debug_abbrev  0x000004ca      0x1b3 queue.o
 .debug_abbrev  0x0000067d      0x25e tasks.o
 .debug_abbrev  0x000008db      0x118 port.o
 .debug_abbrev  0x000009f3      0x1dd croutine.o
 .debug_abbrev  0x00000bd0      0x114 heap_1.o
 .debug_abbrev  0x00000ce4      0x248 timer640.o
 .debug_abbrev  0x00000f2c      0x1e0 uart4.o
 .debug_abbrev  0x0000110c       0xec buffer.o
 .debug_abbrev  0x000011f8      0x12f a2d.o
 .debug_abbrev  0x00001327      0x1c9 rprintf.o
 .debug_abbrev  0x000014f0      0x23f i2c.o

.debug_line     0x00000000     0x4b84
 *(.debug_line)
 .debug_line    0x00000000     0x17d2 lbRTOS.o
 .debug_line    0x000017d2      0x223 list.o
 .debug_line    0x000019f5      0x6a7 queue.o
 .debug_line    0x0000209c      0x791 tasks.o
 .debug_line    0x0000282d      0x2d7 port.o
 .debug_line    0x00002b04      0x336 croutine.o
 .debug_line    0x00002e3a      0x122 heap_1.o
 .debug_line    0x00002f5c      0x7a1 timer640.o
 .debug_line    0x000036fd      0x75f uart4.o
 .debug_line    0x00003e5c      0x1e8 buffer.o
 .debug_line    0x00004044      0x1dc a2d.o
 .debug_line    0x00004220      0x43d rprintf.o
 .debug_line    0x0000465d      0x527 i2c.o

.debug_frame    0x00000000     0x11e0
 *(.debug_frame)
 .debug_frame   0x00000000      0x470 lbRTOS.o
 .debug_frame   0x00000470       0x60 list.o
 .debug_frame   0x000004d0       0xd0 queue.o
 .debug_frame   0x000005a0      0x140 tasks.o
 .debug_frame   0x000006e0       0x70 port.o
 .debug_frame   0x00000750       0x50 croutine.o
 .debug_frame   0x000007a0       0x50 heap_1.o
 .debug_frame   0x000007f0      0x400 timer640.o
 .debug_frame   0x00000bf0      0x2b0 uart4.o
 .debug_frame   0x00000ea0       0x80 buffer.o
 .debug_frame   0x00000f20       0xb0 a2d.o
 .debug_frame   0x00000fd0       0xe0 rprintf.o
 .debug_frame   0x000010b0      0x130 i2c.o

.debug_str      0x00000000     0x2423
 *(.debug_str)
 .debug_str     0x00000000      0x6d7 lbRTOS.o
                                0x753 (size before relaxing)
 .debug_str     0x000006d7      0x12f list.o
                                0x1e2 (size before relaxing)
 .debug_str     0x00000806      0x2fe queue.o
                                0x46d (size before relaxing)
 .debug_str     0x00000b04      0x51e tasks.o
                                0x6c7 (size before relaxing)
 .debug_str     0x00001022       0xda port.o
                                0x1b3 (size before relaxing)
 .debug_str     0x000010fc      0x249 croutine.o
                                0x406 (size before relaxing)
 .debug_str     0x00001345       0xa9 heap_1.o
                                0x163 (size before relaxing)
 .debug_str     0x000013ee      0x747 timer640.o
                                0x838 (size before relaxing)
 .debug_str     0x00001b35      0x3ac uart4.o
                                0x47d (size before relaxing)
 .debug_str     0x00001ee1       0x9d buffer.o
                                0x1a5 (size before relaxing)
 .debug_str     0x00001f7e       0xac a2d.o
                                0x169 (size before relaxing)
 .debug_str     0x0000202a      0x171 rprintf.o
                                0x277 (size before relaxing)
 .debug_str     0x0000219b      0x288 i2c.o
                                0x351 (size before relaxing)

.debug_loc      0x00000000     0x2b91
 *(.debug_loc)
 .debug_loc     0x00000000      0xa19 lbRTOS.o
 .debug_loc     0x00000a19      0x100 list.o
 .debug_loc     0x00000b19      0x5e0 queue.o
 .debug_loc     0x000010f9      0x514 tasks.o
 .debug_loc     0x0000160d       0x3b port.o
 .debug_loc     0x00001648      0x210 croutine.o
 .debug_loc     0x00001858       0x50 heap_1.o
 .debug_loc     0x000018a8      0x1e6 timer640.o
 .debug_loc     0x00001a8e      0x502 uart4.o
 .debug_loc     0x00001f90      0x1a2 buffer.o
 .debug_loc     0x00002132       0x6d a2d.o
 .debug_loc     0x0000219f      0x7c0 rprintf.o
 .debug_loc     0x0000295f      0x232 i2c.o

.debug_macinfo
 *(.debug_macinfo)
OUTPUT(lbRTOS.elf elf32-avr)
LOAD linker stubs

.debug_ranges   0x00000000       0x30
 .debug_ranges  0x00000000       0x18 lbRTOS.o
 .debug_ranges  0x00000018       0x18 tasks.o
