Archive member included because of file (symbol)

c:/winavr-20081205/bin/../lib/gcc/avr/4.3.2/../../../../avr/lib/avr5\libm.a(addsf3.o)
                              lbRTOS.o (__subsf3)
c:/winavr-20081205/bin/../lib/gcc/avr/4.3.2/../../../../avr/lib/avr5\libm.a(addsf3x.o)
                              c:/winavr-20081205/bin/../lib/gcc/avr/4.3.2/../../../../avr/lib/avr5\libm.a(addsf3.o) (__addsf3x)
c:/winavr-20081205/bin/../lib/gcc/avr/4.3.2/../../../../avr/lib/avr5\libm.a(cmpsf2.o)
                              rprintf.o (__eqsf2)
c:/winavr-20081205/bin/../lib/gcc/avr/4.3.2/../../../../avr/lib/avr5\libm.a(divsf3.o)
                              lbRTOS.o (__divsf3)
c:/winavr-20081205/bin/../lib/gcc/avr/4.3.2/../../../../avr/lib/avr5\libm.a(divsf3x.o)
                              c:/winavr-20081205/bin/../lib/gcc/avr/4.3.2/../../../../avr/lib/avr5\libm.a(divsf3.o) (__divsf3x)
c:/winavr-20081205/bin/../lib/gcc/avr/4.3.2/../../../../avr/lib/avr5\libm.a(fixunssfsi.o)
                              timer640.o (__fixunssfsi)
c:/winavr-20081205/bin/../lib/gcc/avr/4.3.2/../../../../avr/lib/avr5\libm.a(floatsisf.o)
                              lbRTOS.o (__floatunsisf)
c:/winavr-20081205/bin/../lib/gcc/avr/4.3.2/../../../../avr/lib/avr5\libm.a(fp_cmp.o)
                              c:/winavr-20081205/bin/../lib/gcc/avr/4.3.2/../../../../avr/lib/avr5\libm.a(cmpsf2.o) (__fp_cmp)
c:/winavr-20081205/bin/../lib/gcc/avr/4.3.2/../../../../avr/lib/avr5\libm.a(fp_inf.o)
                              c:/winavr-20081205/bin/../lib/gcc/avr/4.3.2/../../../../avr/lib/avr5\libm.a(addsf3x.o) (__fp_inf)
c:/winavr-20081205/bin/../lib/gcc/avr/4.3.2/../../../../avr/lib/avr5\libm.a(fp_nan.o)
                              c:/winavr-20081205/bin/../lib/gcc/avr/4.3.2/../../../../avr/lib/avr5\libm.a(addsf3x.o) (__fp_nan)
c:/winavr-20081205/bin/../lib/gcc/avr/4.3.2/../../../../avr/lib/avr5\libm.a(fp_pscA.o)
                              c:/winavr-20081205/bin/../lib/gcc/avr/4.3.2/../../../../avr/lib/avr5\libm.a(addsf3x.o) (__fp_pscA)
c:/winavr-20081205/bin/../lib/gcc/avr/4.3.2/../../../../avr/lib/avr5\libm.a(fp_pscB.o)
                              c:/winavr-20081205/bin/../lib/gcc/avr/4.3.2/../../../../avr/lib/avr5\libm.a(addsf3x.o) (__fp_pscB)
c:/winavr-20081205/bin/../lib/gcc/avr/4.3.2/../../../../avr/lib/avr5\libm.a(fp_round.o)
                              c:/winavr-20081205/bin/../lib/gcc/avr/4.3.2/../../../../avr/lib/avr5\libm.a(addsf3.o) (__fp_round)
c:/winavr-20081205/bin/../lib/gcc/avr/4.3.2/../../../../avr/lib/avr5\libm.a(fp_split3.o)
                              c:/winavr-20081205/bin/../lib/gcc/avr/4.3.2/../../../../avr/lib/avr5\libm.a(addsf3x.o) (__fp_split3)
c:/winavr-20081205/bin/../lib/gcc/avr/4.3.2/../../../../avr/lib/avr5\libm.a(fp_zero.o)
                              c:/winavr-20081205/bin/../lib/gcc/avr/4.3.2/../../../../avr/lib/avr5\libm.a(addsf3x.o) (__fp_zero)
c:/winavr-20081205/bin/../lib/gcc/avr/4.3.2/../../../../avr/lib/avr5\libm.a(gesf2.o)
                              timer640.o (__gtsf2)
c:/winavr-20081205/bin/../lib/gcc/avr/4.3.2/../../../../avr/lib/avr5\libm.a(mulsf3.o)
                              lbRTOS.o (__mulsf3)
c:/winavr-20081205/bin/../lib/gcc/avr/4.3.2/../../../../avr/lib/avr5\libm.a(mulsf3x.o)
                              c:/winavr-20081205/bin/../lib/gcc/avr/4.3.2/../../../../avr/lib/avr5\libm.a(mulsf3.o) (__mulsf3x)
c:/winavr-20081205/bin/../lib/gcc/avr/4.3.2/../../../../avr/lib/avr5\libm.a(pow.o)
                              lbRTOS.o (pow)
c:/winavr-20081205/bin/../lib/gcc/avr/4.3.2/../../../../avr/lib/avr5\libm.a(sqrt.o)
                              lbRTOS.o (sqrt)
c:/winavr-20081205/bin/../lib/gcc/avr/4.3.2/../../../../avr/lib/avr5\libm.a(square.o)
                              lbRTOS.o (square)
c:/winavr-20081205/bin/../lib/gcc/avr/4.3.2/../../../../avr/lib/avr5\libm.a(exp.o)
                              c:/winavr-20081205/bin/../lib/gcc/avr/4.3.2/../../../../avr/lib/avr5\libm.a(pow.o) (exp)
c:/winavr-20081205/bin/../lib/gcc/avr/4.3.2/../../../../avr/lib/avr5\libm.a(fp_mpack.o)
                              c:/winavr-20081205/bin/../lib/gcc/avr/4.3.2/../../../../avr/lib/avr5\libm.a(sqrt.o) (__fp_mpack)
c:/winavr-20081205/bin/../lib/gcc/avr/4.3.2/../../../../avr/lib/avr5\libm.a(fp_norm2.o)
                              c:/winavr-20081205/bin/../lib/gcc/avr/4.3.2/../../../../avr/lib/avr5\libm.a(sqrt.o) (__fp_norm2)
c:/winavr-20081205/bin/../lib/gcc/avr/4.3.2/../../../../avr/lib/avr5\libm.a(fp_powser.o)
                              c:/winavr-20081205/bin/../lib/gcc/avr/4.3.2/../../../../avr/lib/avr5\libm.a(exp.o) (__fp_powser)
c:/winavr-20081205/bin/../lib/gcc/avr/4.3.2/../../../../avr/lib/avr5\libm.a(inverse.o)
                              c:/winavr-20081205/bin/../lib/gcc/avr/4.3.2/../../../../avr/lib/avr5\libm.a(exp.o) (inverse)
c:/winavr-20081205/bin/../lib/gcc/avr/4.3.2/../../../../avr/lib/avr5\libm.a(ldexp.o)
                              c:/winavr-20081205/bin/../lib/gcc/avr/4.3.2/../../../../avr/lib/avr5\libm.a(exp.o) (ldexp)
c:/winavr-20081205/bin/../lib/gcc/avr/4.3.2/../../../../avr/lib/avr5\libm.a(log.o)
                              c:/winavr-20081205/bin/../lib/gcc/avr/4.3.2/../../../../avr/lib/avr5\libm.a(pow.o) (log)
c:/winavr-20081205/bin/../lib/gcc/avr/4.3.2/../../../../avr/lib/avr5\libm.a(modf.o)
                              c:/winavr-20081205/bin/../lib/gcc/avr/4.3.2/../../../../avr/lib/avr5\libm.a(exp.o) (modf)
c:/winavr-20081205/bin/../lib/gcc/avr/4.3.2/../../../../avr/lib/avr5\libc.a(exit.o)
                              c:/winavr-20081205/bin/../lib/gcc/avr/4.3.2/../../../../avr/lib/avr5/crtm640.o (exit)
c:/winavr-20081205/bin/../lib/gcc/avr/4.3.2/avr5\libgcc.a(_udivmodhi4.o)
                              rprintf.o (__udivmodhi4)
c:/winavr-20081205/bin/../lib/gcc/avr/4.3.2/avr5\libgcc.a(_divmodhi4.o)
                              lbRTOS.o (__divmodhi4)
c:/winavr-20081205/bin/../lib/gcc/avr/4.3.2/avr5\libgcc.a(_udivmodsi4.o)
                              uart4.o (__udivmodsi4)
c:/winavr-20081205/bin/../lib/gcc/avr/4.3.2/avr5\libgcc.a(_divmodsi4.o)
                              lbRTOS.o (__divmodsi4)
c:/winavr-20081205/bin/../lib/gcc/avr/4.3.2/avr5\libgcc.a(_exit.o)
                              c:/winavr-20081205/bin/../lib/gcc/avr/4.3.2/../../../../avr/lib/avr5\libc.a(exit.o) (_exit)
c:/winavr-20081205/bin/../lib/gcc/avr/4.3.2/avr5\libgcc.a(_copy_data.o)
                              lbRTOS.o (__do_copy_data)
c:/winavr-20081205/bin/../lib/gcc/avr/4.3.2/avr5\libgcc.a(_clear_bss.o)
                              lbRTOS.o (__do_clear_bss)

Allocating common symbols
Common symbol       size              file

uartReadyTx         0x4               uart4.o
timer4_ovrflow_cnt  0x4               timer640.o
timer1_ovrflow_cnt  0x4               timer640.o
timer0_ovrflow_cnt  0x4               timer640.o
uartRxBuffer        0x20              uart4.o
timer2_ovrflow_cnt  0x4               timer640.o
timer_sleep_cnt     0x4               timer640.o
uartBufferedTx      0x4               uart4.o
robot               0xc               lbRTOS.o
a2dCompleteFlag     0x1               a2d.o
timer3_ovrflow_cnt  0x4               timer640.o
uartTxBuffer        0x20              uart4.o
timer5_ovrflow_cnt  0x4               timer640.o
uartRxOverflow      0x8               uart4.o
lds_buffer          0x100             lds.o

Memory Configuration

Name             Origin             Length             Attributes
text             0x00000000         0x00020000         xr
data             0x00800060         0x0000ffa0         rw !x
eeprom           0x00810000         0x00010000         rw !x
fuse             0x00820000         0x00000400         rw !x
lock             0x00830000         0x00000400         rw !x
signature        0x00840000         0x00000400         rw !x
*default*        0x00000000         0xffffffff

Linker script and memory map

Address of section .data set to 0x800200
LOAD c:/winavr-20081205/bin/../lib/gcc/avr/4.3.2/../../../../avr/lib/avr5/crtm640.o
LOAD lbRTOS.o
LOAD timer640.o
LOAD uart4.o
LOAD a2d.o
LOAD rprintf.o
LOAD i2c.o
LOAD lds.o
LOAD buffer.o
LOAD c:/winavr-20081205/bin/../lib/gcc/avr/4.3.2/../../../../avr/lib/avr5\libm.a
LOAD c:/winavr-20081205/bin/../lib/gcc/avr/4.3.2/../../../../avr/lib/avr5\libc.a
LOAD c:/winavr-20081205/bin/../lib/gcc/avr/4.3.2/avr5\libgcc.a
LOAD c:/winavr-20081205/bin/../lib/gcc/avr/4.3.2/../../../../avr/lib/avr5\libc.a
LOAD c:/winavr-20081205/bin/../lib/gcc/avr/4.3.2/avr5\libgcc.a

.hash
 *(.hash)

.dynsym
 *(.dynsym)

.dynstr
 *(.dynstr)

.gnu.version
 *(.gnu.version)

.gnu.version_d
 *(.gnu.version_d)

.gnu.version_r
 *(.gnu.version_r)

.rel.init
 *(.rel.init)

.rela.init
 *(.rela.init)

.rel.text
 *(.rel.text)
 *(.rel.text.*)
 *(.rel.gnu.linkonce.t*)

.rela.text
 *(.rela.text)
 *(.rela.text.*)
 *(.rela.gnu.linkonce.t*)

.rel.fini
 *(.rel.fini)

.rela.fini
 *(.rela.fini)

.rel.rodata
 *(.rel.rodata)
 *(.rel.rodata.*)
 *(.rel.gnu.linkonce.r*)

.rela.rodata
 *(.rela.rodata)
 *(.rela.rodata.*)
 *(.rela.gnu.linkonce.r*)

.rel.data
 *(.rel.data)
 *(.rel.data.*)
 *(.rel.gnu.linkonce.d*)

.rela.data
 *(.rela.data)
 *(.rela.data.*)
 *(.rela.gnu.linkonce.d*)

.rel.ctors
 *(.rel.ctors)

.rela.ctors
 *(.rela.ctors)

.rel.dtors
 *(.rel.dtors)

.rela.dtors
 *(.rela.dtors)

.rel.got
 *(.rel.got)

.rela.got
 *(.rela.got)

.rel.bss
 *(.rel.bss)

.rela.bss
 *(.rela.bss)

.rel.plt
 *(.rel.plt)

.rela.plt
 *(.rela.plt)

.text           0x00000000     0x41fa
 *(.vectors)
 .vectors       0x00000000       0xe4 c:/winavr-20081205/bin/../lib/gcc/avr/4.3.2/../../../../avr/lib/avr5/crtm640.o
                0x00000000                __vectors
 *(.vectors)
 *(.progmem.gcc*)
 .progmem.gcc_fplib
                0x000000e4       0x28 c:/winavr-20081205/bin/../lib/gcc/avr/4.3.2/../../../../avr/lib/avr5\libm.a(exp.o)
 .progmem.gcc_fplib
                0x0000010c       0x5a c:/winavr-20081205/bin/../lib/gcc/avr/4.3.2/../../../../avr/lib/avr5\libm.a(log.o)
 *(.progmem*)
 .progmem.data  0x00000166       0x72 lbRTOS.o
 .progmem.data  0x000001d8       0x2d timer640.o
                0x000001d8                TimerPrescaleFactor
                0x000001e4                Timer2PrescaleFactor
 .progmem.data  0x00000205       0x11 rprintf.o
 .progmem.data  0x00000216       0x28 lds.o
                0x0000023e                . = ALIGN (0x2)
                0x0000023e                __trampolines_start = .
 *(.trampolines)
 .trampolines   0x0000023e        0x0 linker stubs
 *(.trampolines*)
                0x0000023e                __trampolines_end = .
 *(.jumptables)
 *(.jumptables*)
 *(.lowtext)
 *(.lowtext*)
                0x0000023e                __ctors_start = .
 *(.ctors)
                0x0000023e                __ctors_end = .
                0x0000023e                __dtors_start = .
 *(.dtors)
                0x0000023e                __dtors_end = .
 SORT(*)(.ctors)
 SORT(*)(.dtors)
 *(.init0)
 .init0         0x0000023e        0x0 c:/winavr-20081205/bin/../lib/gcc/avr/4.3.2/../../../../avr/lib/avr5/crtm640.o
                0x0000023e                __init
 *(.init0)
 *(.init1)
 *(.init1)
 *(.init2)
 .init2         0x0000023e        0xc c:/winavr-20081205/bin/../lib/gcc/avr/4.3.2/../../../../avr/lib/avr5/crtm640.o
 *(.init2)
 *(.init3)
 *(.init3)
 *(.init4)
 .init4         0x0000024a       0x16 c:/winavr-20081205/bin/../lib/gcc/avr/4.3.2/avr5\libgcc.a(_copy_data.o)
                0x0000024a                __do_copy_data
 .init4         0x00000260       0x10 c:/winavr-20081205/bin/../lib/gcc/avr/4.3.2/avr5\libgcc.a(_clear_bss.o)
                0x00000260                __do_clear_bss
 *(.init4)
 *(.init5)
 *(.init5)
 *(.init6)
 *(.init6)
 *(.init7)
 *(.init7)
 *(.init8)
 *(.init8)
 *(.init9)
 .init9         0x00000270        0x8 c:/winavr-20081205/bin/../lib/gcc/avr/4.3.2/../../../../avr/lib/avr5/crtm640.o
 *(.init9)
 *(.text)
 .text          0x00000278        0x4 c:/winavr-20081205/bin/../lib/gcc/avr/4.3.2/../../../../avr/lib/avr5/crtm640.o
                0x00000278                __vector_28
                0x00000278                __vector_1
                0x00000278                __vector_24
                0x00000278                __vector_12
                0x00000278                __vector_55
                0x00000278                __bad_interrupt
                0x00000278                __vector_6
                0x00000278                __vector_3
                0x00000278                __vector_30
                0x00000278                __vector_11
                0x00000278                __vector_17
                0x00000278                __vector_7
                0x00000278                __vector_5
                0x00000278                __vector_52
                0x00000278                __vector_37
                0x00000278                __vector_4
                0x00000278                __vector_9
                0x00000278                __vector_2
                0x00000278                __vector_40
                0x00000278                __vector_8
                0x00000278                __vector_26
                0x00000278                __vector_10
 .text          0x0000027c      0xe4c lbRTOS.o
                0x0000069a                PWM_timer3_Off_All
                0x00000604                PWM_timer3_Off_E4
                0x000007fc                sin_SoR
                0x000002f8                PWM_Init_timer3_E3
                0x000003b8                PWM_Init_timer4_H3
                0x00000b36                lbRcv
                0x00000b38                send_frame
                0x00000598                PWM_timer4_On_H3
                0x0000067c                PWM_timer2_Off_All
                0x0000073e                PWM_timer4_Set_H4
                0x00000782                delay_cycles
                0x00000720                PWM_timer3_Set_E4
                0x000006d0                PWM_timer4_Off_All
                0x00000788                LED_on
                0x00000706                PWM_timer1_Set_LED
                0x00000716                PWM_timer3_Set_E3
                0x00000710                PWM_timer2_Set_H6
                0x000002bc                PWM_Init_timer2_H6
                0x00000748                PWM_timer4_Set_H5
                0x00000478                timer1PWMInitICR
                0x00000bda                right_wall
                0x00000e2c                prvSetupHardware
                0x00000550                PWM_timer2_On_H6
                0x000005e0                PWM_timer2_Off_H6
                0x0000027c                PWM_Init_timer1_LED
                0x000004fc                timer4PWMInitICR
                0x000007a6                cos_SoR
                0x00000784                LED_off
                0x000005aa                PWM_timer4_On_H4
                0x00000562                PWM_timer3_On_E3
                0x000004ba                timer3PWMInitICR
                0x00000628                PWM_timer4_Off_H3
                0x00000f50                main
                0x0000078c                button_pressed
                0x000005f2                PWM_timer3_Off_E3
                0x00000734                PWM_timer4_Set_H3
                0x0000063a                PWM_timer4_Off_H4
                0x00000338                PWM_Init_timer3_E4
                0x00000752                configure_ports
                0x0000085a                tan_SoR
                0x000003f8                PWM_Init_timer4_H4
                0x0000053e                PWM_timer1_On_LED
                0x000005bc                PWM_timer4_On_H5
                0x00000378                PWM_Init_timer3_E5
                0x0000064c                PWM_timer4_Off_H5
                0x00000574                PWM_timer3_On_E4
                0x00000586                PWM_timer3_On_E5
                0x000005ce                PWM_timer1_Off_LED
                0x000008f2                navupdate
                0x00000616                PWM_timer3_Off_E5
                0x00000438                PWM_Init_timer4_H5
                0x0000065e                PWM_timer1_Off_All
                0x0000072a                PWM_timer3_Set_E5
 .text          0x000010c8      0xdfa timer640.o
                0x0000180c                __vector_22
                0x0000114a                get_timer3_prescaler
                0x0000125c                reset_timer0
                0x000012f0                init_timer0
                0x00001112                get_timer1_prescaler
                0x00001a82                __vector_32
                0x000011e0                get_timer3_overflow
                0x000011f6                get_timer4_overflow
                0x00001250                get_timer5_counter
                0x00001b36                __vector_34
                0x00001244                get_timer4_counter
                0x00001350                init_timer3
                0x00001cf8                __vector_46
                0x00001a28                __vector_31
                0x000013e6                sleep
                0x000013ce                timer_detach
                0x00001374                init_timer4
                0x00001632                __vector_35
                0x000012d4                reset_timer5
                0x0000148c                __vector_23
                0x000016b2                __vector_45
                0x0000112e                get_timer2_prescaler
                0x000010e0                prescaler_hex_to_value_for_timer2
                0x00001974                __vector_13
                0x00001222                get_timer0_counter
                0x0000191a                __vector_19
                0x00001232                get_timer2_counter
                0x00001e06                __vector_49
                0x00001b90                __vector_41
                0x000010c8                prescaler_hex_to_value
                0x00001c44                __vector_43
                0x000011b4                get_timer1_overflow
                0x00001e60                __vector_default
                0x00001adc                __vector_33
                0x000012a0                reset_timer3
                0x00001d52                __vector_47
                0x0000119e                get_timer0_overflow
                0x000012ee                delay_us
                0x00001166                get_timer4_prescaler
                0x000011ca                get_timer2_overflow
                0x000012ba                reset_timer4
                0x00001c9e                __vector_44
                0x00001398                init_timer5
                0x000017b2                __vector_21
                0x000015b2                __vector_15
                0x00001238                get_timer3_counter
                0x000013e0                _delay_loop_2
                0x0000130c                init_timer1
                0x00001182                get_timer5_prescaler
                0x00001dac                __vector_48
                0x0000120c                get_timer5_overflow
                0x00001270                reset_timer1
                0x000019ce                __vector_14
                0x00001226                get_timer1_counter
                0x000013bc                timer_attach
                0x000010f8                get_timer0_prescaler
                0x00001732                __vector_50
                0x00001866                __vector_16
                0x000018c0                __vector_18
                0x0000128a                reset_timer2
                0x00001532                __vector_20
                0x00001330                init_timer2
                0x00001bea                __vector_42
 .text          0x00001ec2      0x874 uart4.o
                0x000023d0                __vector_38
                0x00002464                uartSendTxBuffer
                0x0000200a                uartReceiveService
                0x00002296                uart2AddToTxBuffer
                0x00001f72                uartSendByte
                0x000026cc                uart0InitBuffers
                0x00001fd4                uart2SendByte
                0x0000254e                uart1GetByte
                0x00002492                uartReceiveByte
                0x000021aa                uartSendBuffer
                0x00002160                __vector_25
                0x0000257e                uart0GetByte
                0x00002274                uartAddToTxBuffer
                0x00002082                __vector_54
                0x00001fde                uart3SendByte
                0x000022ba                uartTransmitService
                0x00001ec2                uartSetRxHandler
                0x0000233c                __vector_56
                0x000026ee                uart0Init
                0x00002696                uart1Init
                0x000025ae                uartFlushReceiveBuffer
                0x0000241a                __vector_27
                0x00002724                uartInit
                0x00001fc0                uart0SendByte
                0x00001fe8                uartReceiveBufferIsEmpty
                0x000025e6                uart3Init
                0x00001ed8                uartSetBaudRate
                0x0000228a                uart3AddToTxBuffer
                0x000025c4                uart3InitBuffers
                0x00001fca                uart1SendByte
                0x00001f5c                uartGetTxBuffer
                0x000020cc                __vector_51
                0x00001f46                uartGetRxBuffer
                0x0000263e                uart2Init
                0x00002116                __vector_36
                0x00002674                uart1InitBuffers
                0x000022ae                uart0AddToTxBuffer
                0x0000261c                uart2InitBuffers
                0x0000251e                uart2GetByte
                0x00002386                __vector_53
                0x000024ee                uart3GetByte
                0x000022a2                uart1AddToTxBuffer
 .text          0x00002736      0x116 a2d.o
                0x000027c6                a2dIsComplete
                0x00002820                a2dConvert8bit
                0x0000276e                a2dOff
                0x00002780                a2dSetPrescaler
                0x000027ce                a2dConvert10bit
                0x00002736                a2dInit
                0x0000278e                a2dSetReference
                0x0000282e                __vector_29
                0x000027a4                a2dSetChannel
                0x000027b4                a2dStartConvert
 .text          0x0000284c      0x570 rprintf.o
                0x00002c94                rprintf1RamRom
                0x00002932                rprintfu08
                0x0000295c                rprintfu32
                0x0000287a                rprintfStr
                0x00002b02                rprintfFloat
                0x00002898                rprintfStrLen
                0x000028f4                rprintfProgStr
                0x00002948                rprintfu16
                0x0000284c                rprintfInit
                0x00002856                rprintfChar
                0x00002914                rprintfCRLF
                0x0000291c                rprintfu04
                0x00002982                rprintfNum
 .text          0x00002dbc      0x506 i2c.o
                0x00002df8                i2cInit
                0x00002e56                i2cSendStart
                0x00002e72                i2cWaitForComplete
                0x00002eaa                i2cGetReceivedByte
                0x00002eb6                i2cMasterSend
                0x0000306a                __vector_39
                0x00002ef6                i2cMasterReceive
                0x00002f3e                i2cMasterSendNI
                0x00002e42                i2cSetSlaveReceiveHandler
                0x000032bc                i2cGetState
                0x00002eb0                i2cGetStatus
                0x00002e7c                i2cSendByte
                0x00002e4c                i2cSetSlaveTransmitHandler
                0x00002e32                i2cSetLocalDeviceAddr
                0x00002fcc                i2cMasterReceiveNI
                0x00002e8e                i2cReceiveByte
                0x00002dbc                i2cSetBitrate
                0x00002e64                i2cSendStop
 .text          0x000032c2      0x55c lds.o
                0x000032c2                init_LDS_buffer
                0x0000354a                parse_frame
                0x000032d8                LDSRcv
                0x000037ac                get_range_scan
                0x0000337a                conv_FrametoDist
                0x000033ec                print_frame
                0x0000350a                read_LDS
                0x0000330c                error_checker
                0x00003718                grab_frames
 .text          0x0000381e      0x160 buffer.o
                0x00003958                bufferIsNotFull
                0x00003838                bufferGetFromFront
                0x000038e2                bufferGetAtIndex
                0x0000389e                bufferDumpFromFront
                0x0000381e                bufferInit
                0x0000390a                bufferAddToEnd
                0x00003970                bufferFlush
 .text          0x0000397e        0x0 c:/winavr-20081205/bin/../lib/gcc/avr/4.3.2/../../../../avr/lib/avr5\libm.a(addsf3.o)
 .text          0x0000397e        0x0 c:/winavr-20081205/bin/../lib/gcc/avr/4.3.2/../../../../avr/lib/avr5\libm.a(addsf3x.o)
 .text          0x0000397e        0x0 c:/winavr-20081205/bin/../lib/gcc/avr/4.3.2/../../../../avr/lib/avr5\libm.a(cmpsf2.o)
 .text          0x0000397e        0x0 c:/winavr-20081205/bin/../lib/gcc/avr/4.3.2/../../../../avr/lib/avr5\libm.a(divsf3.o)
 .text          0x0000397e        0x0 c:/winavr-20081205/bin/../lib/gcc/avr/4.3.2/../../../../avr/lib/avr5\libm.a(divsf3x.o)
 .text          0x0000397e        0x0 c:/winavr-20081205/bin/../lib/gcc/avr/4.3.2/../../../../avr/lib/avr5\libm.a(fixunssfsi.o)
 .text          0x0000397e        0x0 c:/winavr-20081205/bin/../lib/gcc/avr/4.3.2/../../../../avr/lib/avr5\libm.a(floatsisf.o)
 .text          0x0000397e        0x0 c:/winavr-20081205/bin/../lib/gcc/avr/4.3.2/../../../../avr/lib/avr5\libm.a(fp_cmp.o)
 .text          0x0000397e        0x0 c:/winavr-20081205/bin/../lib/gcc/avr/4.3.2/../../../../avr/lib/avr5\libm.a(fp_inf.o)
 .text          0x0000397e        0x0 c:/winavr-20081205/bin/../lib/gcc/avr/4.3.2/../../../../avr/lib/avr5\libm.a(fp_nan.o)
 .text          0x0000397e        0x0 c:/winavr-20081205/bin/../lib/gcc/avr/4.3.2/../../../../avr/lib/avr5\libm.a(fp_pscA.o)
 .text          0x0000397e        0x0 c:/winavr-20081205/bin/../lib/gcc/avr/4.3.2/../../../../avr/lib/avr5\libm.a(fp_pscB.o)
 .text          0x0000397e        0x0 c:/winavr-20081205/bin/../lib/gcc/avr/4.3.2/../../../../avr/lib/avr5\libm.a(fp_round.o)
 .text          0x0000397e        0x0 c:/winavr-20081205/bin/../lib/gcc/avr/4.3.2/../../../../avr/lib/avr5\libm.a(fp_split3.o)
 .text          0x0000397e        0x0 c:/winavr-20081205/bin/../lib/gcc/avr/4.3.2/../../../../avr/lib/avr5\libm.a(fp_zero.o)
 .text          0x0000397e        0x0 c:/winavr-20081205/bin/../lib/gcc/avr/4.3.2/../../../../avr/lib/avr5\libm.a(gesf2.o)
 .text          0x0000397e        0x0 c:/winavr-20081205/bin/../lib/gcc/avr/4.3.2/../../../../avr/lib/avr5\libm.a(mulsf3.o)
 .text          0x0000397e        0x0 c:/winavr-20081205/bin/../lib/gcc/avr/4.3.2/../../../../avr/lib/avr5\libm.a(mulsf3x.o)
 .text          0x0000397e        0x0 c:/winavr-20081205/bin/../lib/gcc/avr/4.3.2/../../../../avr/lib/avr5\libm.a(pow.o)
 .text          0x0000397e        0x0 c:/winavr-20081205/bin/../lib/gcc/avr/4.3.2/../../../../avr/lib/avr5\libm.a(sqrt.o)
 .text          0x0000397e        0x0 c:/winavr-20081205/bin/../lib/gcc/avr/4.3.2/../../../../avr/lib/avr5\libm.a(square.o)
 .text          0x0000397e        0x0 c:/winavr-20081205/bin/../lib/gcc/avr/4.3.2/../../../../avr/lib/avr5\libm.a(exp.o)
 .text          0x0000397e        0x0 c:/winavr-20081205/bin/../lib/gcc/avr/4.3.2/../../../../avr/lib/avr5\libm.a(fp_mpack.o)
 .text          0x0000397e        0x0 c:/winavr-20081205/bin/../lib/gcc/avr/4.3.2/../../../../avr/lib/avr5\libm.a(fp_norm2.o)
 .text          0x0000397e        0x0 c:/winavr-20081205/bin/../lib/gcc/avr/4.3.2/../../../../avr/lib/avr5\libm.a(fp_powser.o)
 .text          0x0000397e        0x0 c:/winavr-20081205/bin/../lib/gcc/avr/4.3.2/../../../../avr/lib/avr5\libm.a(inverse.o)
 .text          0x0000397e        0x0 c:/winavr-20081205/bin/../lib/gcc/avr/4.3.2/../../../../avr/lib/avr5\libm.a(ldexp.o)
 .text          0x0000397e        0x0 c:/winavr-20081205/bin/../lib/gcc/avr/4.3.2/../../../../avr/lib/avr5\libm.a(log.o)
 .text          0x0000397e        0x0 c:/winavr-20081205/bin/../lib/gcc/avr/4.3.2/../../../../avr/lib/avr5\libm.a(modf.o)
 .text          0x0000397e        0x6 c:/winavr-20081205/bin/../lib/gcc/avr/4.3.2/../../../../avr/lib/avr5\libc.a(exit.o)
                0x0000397e                exit
 .text          0x00003984        0x0 c:/winavr-20081205/bin/../lib/gcc/avr/4.3.2/avr5\libgcc.a(_udivmodhi4.o)
 .text          0x00003984        0x0 c:/winavr-20081205/bin/../lib/gcc/avr/4.3.2/avr5\libgcc.a(_divmodhi4.o)
 .text          0x00003984        0x0 c:/winavr-20081205/bin/../lib/gcc/avr/4.3.2/avr5\libgcc.a(_udivmodsi4.o)
 .text          0x00003984        0x0 c:/winavr-20081205/bin/../lib/gcc/avr/4.3.2/avr5\libgcc.a(_divmodsi4.o)
 .text          0x00003984        0x0 c:/winavr-20081205/bin/../lib/gcc/avr/4.3.2/avr5\libgcc.a(_exit.o)
 .text          0x00003984        0x0 c:/winavr-20081205/bin/../lib/gcc/avr/4.3.2/avr5\libgcc.a(_copy_data.o)
 .text          0x00003984        0x0 c:/winavr-20081205/bin/../lib/gcc/avr/4.3.2/avr5\libgcc.a(_clear_bss.o)
                0x00003984                . = ALIGN (0x2)
 *(.text.*)
 .text.fplib    0x00003984        0xa c:/winavr-20081205/bin/../lib/gcc/avr/4.3.2/../../../../avr/lib/avr5\libm.a(addsf3.o)
                0x00003984                __subsf3
                0x00003986                __addsf3
 .text.fplib    0x0000398e       0xc0 c:/winavr-20081205/bin/../lib/gcc/avr/4.3.2/../../../../avr/lib/avr5\libm.a(addsf3x.o)
                0x000039a8                __addsf3x
 .text.fplib    0x00003a4e        0x8 c:/winavr-20081205/bin/../lib/gcc/avr/4.3.2/../../../../avr/lib/avr5\libm.a(cmpsf2.o)
                0x00003a4e                __lesf2
                0x00003a4e                __nesf2
                0x00003a4e                __eqsf2
                0x00003a4e                __cmpsf2
                0x00003a4e                __ltsf2
 .text.fplib    0x00003a56        0x4 c:/winavr-20081205/bin/../lib/gcc/avr/4.3.2/../../../../avr/lib/avr5\libm.a(divsf3.o)
                0x00003a56                __divsf3
 .text.fplib    0x00003a5a       0xcc c:/winavr-20081205/bin/../lib/gcc/avr/4.3.2/../../../../avr/lib/avr5\libm.a(divsf3x.o)
                0x00003a70                __divsf3x
                0x00003a74                __divsf3_pse
 .text.fplib    0x00003b26       0x58 c:/winavr-20081205/bin/../lib/gcc/avr/4.3.2/../../../../avr/lib/avr5\libm.a(fixunssfsi.o)
                0x00003b26                __fixunssfsi
 .text.fplib    0x00003b7e       0x7a c:/winavr-20081205/bin/../lib/gcc/avr/4.3.2/../../../../avr/lib/avr5\libm.a(floatsisf.o)
                0x00003b82                __floatsisf
                0x00003b7e                __floatunsisf
 .text.fplib    0x00003bf8       0x48 c:/winavr-20081205/bin/../lib/gcc/avr/4.3.2/../../../../avr/lib/avr5\libm.a(fp_cmp.o)
                0x00003bf8                __fp_cmp
 .text.fplib    0x00003c40        0xc c:/winavr-20081205/bin/../lib/gcc/avr/4.3.2/../../../../avr/lib/avr5\libm.a(fp_inf.o)
                0x00003c40                __fp_inf
 .text.fplib    0x00003c4c        0x6 c:/winavr-20081205/bin/../lib/gcc/avr/4.3.2/../../../../avr/lib/avr5\libm.a(fp_nan.o)
                0x00003c4c                __fp_nan
 .text.fplib    0x00003c52        0xe c:/winavr-20081205/bin/../lib/gcc/avr/4.3.2/../../../../avr/lib/avr5\libm.a(fp_pscA.o)
                0x00003c52                __fp_pscA
 .text.fplib    0x00003c60        0xe c:/winavr-20081205/bin/../lib/gcc/avr/4.3.2/../../../../avr/lib/avr5\libm.a(fp_pscB.o)
                0x00003c60                __fp_pscB
 .text.fplib    0x00003c6e       0x22 c:/winavr-20081205/bin/../lib/gcc/avr/4.3.2/../../../../avr/lib/avr5\libm.a(fp_round.o)
                0x00003c6e                __fp_round
 .text.fplib    0x00003c90       0x44 c:/winavr-20081205/bin/../lib/gcc/avr/4.3.2/../../../../avr/lib/avr5\libm.a(fp_split3.o)
                0x00003c90                __fp_split3
                0x00003ca0                __fp_splitA
 .text.fplib    0x00003cd4        0xe c:/winavr-20081205/bin/../lib/gcc/avr/4.3.2/../../../../avr/lib/avr5\libm.a(fp_zero.o)
                0x00003cd4                __fp_zero
                0x00003cd6                __fp_szero
 .text.fplib    0x00003ce2        0x8 c:/winavr-20081205/bin/../lib/gcc/avr/4.3.2/../../../../avr/lib/avr5\libm.a(gesf2.o)
                0x00003ce2                __gtsf2
                0x00003ce2                __gesf2
 .text.fplib    0x00003cea        0x4 c:/winavr-20081205/bin/../lib/gcc/avr/4.3.2/../../../../avr/lib/avr5\libm.a(mulsf3.o)
                0x00003cea                __mulsf3
 .text.fplib    0x00003cee       0xc2 c:/winavr-20081205/bin/../lib/gcc/avr/4.3.2/../../../../avr/lib/avr5\libm.a(mulsf3x.o)
                0x00003d06                __mulsf3_pse
                0x00003d02                __mulsf3x
 .text.fplib    0x00003db0       0x98 c:/winavr-20081205/bin/../lib/gcc/avr/4.3.2/../../../../avr/lib/avr5\libm.a(pow.o)
                0x00003db0                pow
 .text.fplib    0x00003e48       0x9c c:/winavr-20081205/bin/../lib/gcc/avr/4.3.2/../../../../avr/lib/avr5\libm.a(sqrt.o)
                0x00003e50                sqrt
 .text.fplib    0x00003ee4        0x6 c:/winavr-20081205/bin/../lib/gcc/avr/4.3.2/../../../../avr/lib/avr5\libm.a(square.o)
                0x00003ee4                square
 .text.fplib    0x00003eea       0x62 c:/winavr-20081205/bin/../lib/gcc/avr/4.3.2/../../../../avr/lib/avr5\libm.a(exp.o)
                0x00003ef4                exp
 .text.fplib    0x00003f4c       0x20 c:/winavr-20081205/bin/../lib/gcc/avr/4.3.2/../../../../avr/lib/avr5\libm.a(fp_mpack.o)
                0x00003f4c                __fp_mpack
 .text.fplib    0x00003f6c        0xe c:/winavr-20081205/bin/../lib/gcc/avr/4.3.2/../../../../avr/lib/avr5\libm.a(fp_norm2.o)
                0x00003f6c                __fp_norm2
 .text.fplib    0x00003f7a       0x4a c:/winavr-20081205/bin/../lib/gcc/avr/4.3.2/../../../../avr/lib/avr5\libm.a(fp_powser.o)
                0x00003f7a                __fp_powser
 .text.fplib    0x00003fc4        0xe c:/winavr-20081205/bin/../lib/gcc/avr/4.3.2/../../../../avr/lib/avr5\libm.a(inverse.o)
                0x00003fc4                inverse
 .text.fplib    0x00003fd2       0x6c c:/winavr-20081205/bin/../lib/gcc/avr/4.3.2/../../../../avr/lib/avr5\libm.a(ldexp.o)
                0x00003fd6                ldexp
 .text.fplib    0x0000403e       0x8a c:/winavr-20081205/bin/../lib/gcc/avr/4.3.2/../../../../avr/lib/avr5\libm.a(log.o)
                0x00004048                log
 .text.fplib    0x000040c8       0x66 c:/winavr-20081205/bin/../lib/gcc/avr/4.3.2/../../../../avr/lib/avr5\libm.a(modf.o)
                0x000040c8                modf
 .text.libgcc   0x0000412e       0x28 c:/winavr-20081205/bin/../lib/gcc/avr/4.3.2/avr5\libgcc.a(_udivmodhi4.o)
                0x0000412e                __udivmodhi4
 .text.libgcc   0x00004156       0x26 c:/winavr-20081205/bin/../lib/gcc/avr/4.3.2/avr5\libgcc.a(_divmodhi4.o)
                0x00004156                __divmodhi4
                0x00004156                _div
 .text.libgcc   0x0000417c       0x44 c:/winavr-20081205/bin/../lib/gcc/avr/4.3.2/avr5\libgcc.a(_udivmodsi4.o)
                0x0000417c                __udivmodsi4
 .text.libgcc   0x000041c0       0x36 c:/winavr-20081205/bin/../lib/gcc/avr/4.3.2/avr5\libgcc.a(_divmodsi4.o)
                0x000041c0                __divmodsi4
 .text.libgcc   0x000041f6        0x0 c:/winavr-20081205/bin/../lib/gcc/avr/4.3.2/avr5\libgcc.a(_exit.o)
 .text.libgcc   0x000041f6        0x0 c:/winavr-20081205/bin/../lib/gcc/avr/4.3.2/avr5\libgcc.a(_copy_data.o)
 .text.libgcc   0x000041f6        0x0 c:/winavr-20081205/bin/../lib/gcc/avr/4.3.2/avr5\libgcc.a(_clear_bss.o)
                0x000041f6                . = ALIGN (0x2)
 *(.fini9)
 .fini9         0x000041f6        0x0 c:/winavr-20081205/bin/../lib/gcc/avr/4.3.2/avr5\libgcc.a(_exit.o)
                0x000041f6                _exit
 *(.fini9)
 *(.fini8)
 *(.fini8)
 *(.fini7)
 *(.fini7)
 *(.fini6)
 *(.fini6)
 *(.fini5)
 *(.fini5)
 *(.fini4)
 *(.fini4)
 *(.fini3)
 *(.fini3)
 *(.fini2)
 *(.fini2)
 *(.fini1)
 *(.fini1)
 *(.fini0)
 .fini0         0x000041f6        0x4 c:/winavr-20081205/bin/../lib/gcc/avr/4.3.2/avr5\libgcc.a(_exit.o)
 *(.fini0)
                0x000041fa                _etext = .

.data           0x00800200       0x92 load address 0x000041fa
                0x00800200                PROVIDE (__data_start, .)
 *(.data)
 .data          0x00800200        0x0 c:/winavr-20081205/bin/../lib/gcc/avr/4.3.2/../../../../avr/lib/avr5/crtm640.o
 .data          0x00800200       0x92 lbRTOS.o
                0x00800200                angtable
 .data          0x00800292        0x0 timer640.o
 .data          0x00800292        0x0 uart4.o
 .data          0x00800292        0x0 a2d.o
 .data          0x00800292        0x0 rprintf.o
 .data          0x00800292        0x0 i2c.o
 .data          0x00800292        0x0 lds.o
 .data          0x00800292        0x0 buffer.o
 .data          0x00800292        0x0 c:/winavr-20081205/bin/../lib/gcc/avr/4.3.2/../../../../avr/lib/avr5\libm.a(addsf3.o)
 .data          0x00800292        0x0 c:/winavr-20081205/bin/../lib/gcc/avr/4.3.2/../../../../avr/lib/avr5\libm.a(addsf3x.o)
 .data          0x00800292        0x0 c:/winavr-20081205/bin/../lib/gcc/avr/4.3.2/../../../../avr/lib/avr5\libm.a(cmpsf2.o)
 .data          0x00800292        0x0 c:/winavr-20081205/bin/../lib/gcc/avr/4.3.2/../../../../avr/lib/avr5\libm.a(divsf3.o)
 .data          0x00800292        0x0 c:/winavr-20081205/bin/../lib/gcc/avr/4.3.2/../../../../avr/lib/avr5\libm.a(divsf3x.o)
 .data          0x00800292        0x0 c:/winavr-20081205/bin/../lib/gcc/avr/4.3.2/../../../../avr/lib/avr5\libm.a(fixunssfsi.o)
 .data          0x00800292        0x0 c:/winavr-20081205/bin/../lib/gcc/avr/4.3.2/../../../../avr/lib/avr5\libm.a(floatsisf.o)
 .data          0x00800292        0x0 c:/winavr-20081205/bin/../lib/gcc/avr/4.3.2/../../../../avr/lib/avr5\libm.a(fp_cmp.o)
 .data          0x00800292        0x0 c:/winavr-20081205/bin/../lib/gcc/avr/4.3.2/../../../../avr/lib/avr5\libm.a(fp_inf.o)
 .data          0x00800292        0x0 c:/winavr-20081205/bin/../lib/gcc/avr/4.3.2/../../../../avr/lib/avr5\libm.a(fp_nan.o)
 .data          0x00800292        0x0 c:/winavr-20081205/bin/../lib/gcc/avr/4.3.2/../../../../avr/lib/avr5\libm.a(fp_pscA.o)
 .data          0x00800292        0x0 c:/winavr-20081205/bin/../lib/gcc/avr/4.3.2/../../../../avr/lib/avr5\libm.a(fp_pscB.o)
 .data          0x00800292        0x0 c:/winavr-20081205/bin/../lib/gcc/avr/4.3.2/../../../../avr/lib/avr5\libm.a(fp_round.o)
 .data          0x00800292        0x0 c:/winavr-20081205/bin/../lib/gcc/avr/4.3.2/../../../../avr/lib/avr5\libm.a(fp_split3.o)
 .data          0x00800292        0x0 c:/winavr-20081205/bin/../lib/gcc/avr/4.3.2/../../../../avr/lib/avr5\libm.a(fp_zero.o)
 .data          0x00800292        0x0 c:/winavr-20081205/bin/../lib/gcc/avr/4.3.2/../../../../avr/lib/avr5\libm.a(gesf2.o)
 .data          0x00800292        0x0 c:/winavr-20081205/bin/../lib/gcc/avr/4.3.2/../../../../avr/lib/avr5\libm.a(mulsf3.o)
 .data          0x00800292        0x0 c:/winavr-20081205/bin/../lib/gcc/avr/4.3.2/../../../../avr/lib/avr5\libm.a(mulsf3x.o)
 .data          0x00800292        0x0 c:/winavr-20081205/bin/../lib/gcc/avr/4.3.2/../../../../avr/lib/avr5\libm.a(pow.o)
 .data          0x00800292        0x0 c:/winavr-20081205/bin/../lib/gcc/avr/4.3.2/../../../../avr/lib/avr5\libm.a(sqrt.o)
 .data          0x00800292        0x0 c:/winavr-20081205/bin/../lib/gcc/avr/4.3.2/../../../../avr/lib/avr5\libm.a(square.o)
 .data          0x00800292        0x0 c:/winavr-20081205/bin/../lib/gcc/avr/4.3.2/../../../../avr/lib/avr5\libm.a(exp.o)
 .data          0x00800292        0x0 c:/winavr-20081205/bin/../lib/gcc/avr/4.3.2/../../../../avr/lib/avr5\libm.a(fp_mpack.o)
 .data          0x00800292        0x0 c:/winavr-20081205/bin/../lib/gcc/avr/4.3.2/../../../../avr/lib/avr5\libm.a(fp_norm2.o)
 .data          0x00800292        0x0 c:/winavr-20081205/bin/../lib/gcc/avr/4.3.2/../../../../avr/lib/avr5\libm.a(fp_powser.o)
 .data          0x00800292        0x0 c:/winavr-20081205/bin/../lib/gcc/avr/4.3.2/../../../../avr/lib/avr5\libm.a(inverse.o)
 .data          0x00800292        0x0 c:/winavr-20081205/bin/../lib/gcc/avr/4.3.2/../../../../avr/lib/avr5\libm.a(ldexp.o)
 .data          0x00800292        0x0 c:/winavr-20081205/bin/../lib/gcc/avr/4.3.2/../../../../avr/lib/avr5\libm.a(log.o)
 .data          0x00800292        0x0 c:/winavr-20081205/bin/../lib/gcc/avr/4.3.2/../../../../avr/lib/avr5\libm.a(modf.o)
 .data          0x00800292        0x0 c:/winavr-20081205/bin/../lib/gcc/avr/4.3.2/../../../../avr/lib/avr5\libc.a(exit.o)
 .data          0x00800292        0x0 c:/winavr-20081205/bin/../lib/gcc/avr/4.3.2/avr5\libgcc.a(_udivmodhi4.o)
 .data          0x00800292        0x0 c:/winavr-20081205/bin/../lib/gcc/avr/4.3.2/avr5\libgcc.a(_divmodhi4.o)
 .data          0x00800292        0x0 c:/winavr-20081205/bin/../lib/gcc/avr/4.3.2/avr5\libgcc.a(_udivmodsi4.o)
 .data          0x00800292        0x0 c:/winavr-20081205/bin/../lib/gcc/avr/4.3.2/avr5\libgcc.a(_divmodsi4.o)
 .data          0x00800292        0x0 c:/winavr-20081205/bin/../lib/gcc/avr/4.3.2/avr5\libgcc.a(_exit.o)
 .data          0x00800292        0x0 c:/winavr-20081205/bin/../lib/gcc/avr/4.3.2/avr5\libgcc.a(_copy_data.o)
 .data          0x00800292        0x0 c:/winavr-20081205/bin/../lib/gcc/avr/4.3.2/avr5\libgcc.a(_clear_bss.o)
 *(.data*)
 *(.rodata)
 *(.rodata*)
 *(.gnu.linkonce.d*)
                0x00800292                . = ALIGN (0x2)
                0x00800292                _edata = .
                0x00800292                PROVIDE (__data_end, .)

.bss            0x00800292      0x445
                0x00800292                PROVIDE (__bss_start, .)
 *(.bss)
 .bss           0x00800292        0x0 c:/winavr-20081205/bin/../lib/gcc/avr/4.3.2/../../../../avr/lib/avr5/crtm640.o
 .bss           0x00800292        0x0 lbRTOS.o
 .bss           0x00800292       0x34 timer640.o
 .bss           0x008002c6      0x248 uart4.o
 .bss           0x0080050e        0x0 a2d.o
 .bss           0x0080050e        0x2 rprintf.o
 .bss           0x00800510       0x4a i2c.o
 .bss           0x0080055a        0x4 lds.o
                0x0080055a                lds_buffer_write_ndx
                0x0080055c                lds_buffer_read_ndx
 .bss           0x0080055e        0x0 buffer.o
 .bss           0x0080055e        0x0 c:/winavr-20081205/bin/../lib/gcc/avr/4.3.2/../../../../avr/lib/avr5\libm.a(addsf3.o)
 .bss           0x0080055e        0x0 c:/winavr-20081205/bin/../lib/gcc/avr/4.3.2/../../../../avr/lib/avr5\libm.a(addsf3x.o)
 .bss           0x0080055e        0x0 c:/winavr-20081205/bin/../lib/gcc/avr/4.3.2/../../../../avr/lib/avr5\libm.a(cmpsf2.o)
 .bss           0x0080055e        0x0 c:/winavr-20081205/bin/../lib/gcc/avr/4.3.2/../../../../avr/lib/avr5\libm.a(divsf3.o)
 .bss           0x0080055e        0x0 c:/winavr-20081205/bin/../lib/gcc/avr/4.3.2/../../../../avr/lib/avr5\libm.a(divsf3x.o)
 .bss           0x0080055e        0x0 c:/winavr-20081205/bin/../lib/gcc/avr/4.3.2/../../../../avr/lib/avr5\libm.a(fixunssfsi.o)
 .bss           0x0080055e        0x0 c:/winavr-20081205/bin/../lib/gcc/avr/4.3.2/../../../../avr/lib/avr5\libm.a(floatsisf.o)
 .bss           0x0080055e        0x0 c:/winavr-20081205/bin/../lib/gcc/avr/4.3.2/../../../../avr/lib/avr5\libm.a(fp_cmp.o)
 .bss           0x0080055e        0x0 c:/winavr-20081205/bin/../lib/gcc/avr/4.3.2/../../../../avr/lib/avr5\libm.a(fp_inf.o)
 .bss           0x0080055e        0x0 c:/winavr-20081205/bin/../lib/gcc/avr/4.3.2/../../../../avr/lib/avr5\libm.a(fp_nan.o)
 .bss           0x0080055e        0x0 c:/winavr-20081205/bin/../lib/gcc/avr/4.3.2/../../../../avr/lib/avr5\libm.a(fp_pscA.o)
 .bss           0x0080055e        0x0 c:/winavr-20081205/bin/../lib/gcc/avr/4.3.2/../../../../avr/lib/avr5\libm.a(fp_pscB.o)
 .bss           0x0080055e        0x0 c:/winavr-20081205/bin/../lib/gcc/avr/4.3.2/../../../../avr/lib/avr5\libm.a(fp_round.o)
 .bss           0x0080055e        0x0 c:/winavr-20081205/bin/../lib/gcc/avr/4.3.2/../../../../avr/lib/avr5\libm.a(fp_split3.o)
 .bss           0x0080055e        0x0 c:/winavr-20081205/bin/../lib/gcc/avr/4.3.2/../../../../avr/lib/avr5\libm.a(fp_zero.o)
 .bss           0x0080055e        0x0 c:/winavr-20081205/bin/../lib/gcc/avr/4.3.2/../../../../avr/lib/avr5\libm.a(gesf2.o)
 .bss           0x0080055e        0x0 c:/winavr-20081205/bin/../lib/gcc/avr/4.3.2/../../../../avr/lib/avr5\libm.a(mulsf3.o)
 .bss           0x0080055e        0x0 c:/winavr-20081205/bin/../lib/gcc/avr/4.3.2/../../../../avr/lib/avr5\libm.a(mulsf3x.o)
 .bss           0x0080055e        0x0 c:/winavr-20081205/bin/../lib/gcc/avr/4.3.2/../../../../avr/lib/avr5\libm.a(pow.o)
 .bss           0x0080055e        0x0 c:/winavr-20081205/bin/../lib/gcc/avr/4.3.2/../../../../avr/lib/avr5\libm.a(sqrt.o)
 .bss           0x0080055e        0x0 c:/winavr-20081205/bin/../lib/gcc/avr/4.3.2/../../../../avr/lib/avr5\libm.a(square.o)
 .bss           0x0080055e        0x0 c:/winavr-20081205/bin/../lib/gcc/avr/4.3.2/../../../../avr/lib/avr5\libm.a(exp.o)
 .bss           0x0080055e        0x0 c:/winavr-20081205/bin/../lib/gcc/avr/4.3.2/../../../../avr/lib/avr5\libm.a(fp_mpack.o)
 .bss           0x0080055e        0x0 c:/winavr-20081205/bin/../lib/gcc/avr/4.3.2/../../../../avr/lib/avr5\libm.a(fp_norm2.o)
 .bss           0x0080055e        0x0 c:/winavr-20081205/bin/../lib/gcc/avr/4.3.2/../../../../avr/lib/avr5\libm.a(fp_powser.o)
 .bss           0x0080055e        0x0 c:/winavr-20081205/bin/../lib/gcc/avr/4.3.2/../../../../avr/lib/avr5\libm.a(inverse.o)
 .bss           0x0080055e        0x0 c:/winavr-20081205/bin/../lib/gcc/avr/4.3.2/../../../../avr/lib/avr5\libm.a(ldexp.o)
 .bss           0x0080055e        0x0 c:/winavr-20081205/bin/../lib/gcc/avr/4.3.2/../../../../avr/lib/avr5\libm.a(log.o)
 .bss           0x0080055e        0x0 c:/winavr-20081205/bin/../lib/gcc/avr/4.3.2/../../../../avr/lib/avr5\libm.a(modf.o)
 .bss           0x0080055e        0x0 c:/winavr-20081205/bin/../lib/gcc/avr/4.3.2/../../../../avr/lib/avr5\libc.a(exit.o)
 .bss           0x0080055e        0x0 c:/winavr-20081205/bin/../lib/gcc/avr/4.3.2/avr5\libgcc.a(_udivmodhi4.o)
 .bss           0x0080055e        0x0 c:/winavr-20081205/bin/../lib/gcc/avr/4.3.2/avr5\libgcc.a(_divmodhi4.o)
 .bss           0x0080055e        0x0 c:/winavr-20081205/bin/../lib/gcc/avr/4.3.2/avr5\libgcc.a(_udivmodsi4.o)
 .bss           0x0080055e        0x0 c:/winavr-20081205/bin/../lib/gcc/avr/4.3.2/avr5\libgcc.a(_divmodsi4.o)
 .bss           0x0080055e        0x0 c:/winavr-20081205/bin/../lib/gcc/avr/4.3.2/avr5\libgcc.a(_exit.o)
 .bss           0x0080055e        0x0 c:/winavr-20081205/bin/../lib/gcc/avr/4.3.2/avr5\libgcc.a(_copy_data.o)
 .bss           0x0080055e        0x0 c:/winavr-20081205/bin/../lib/gcc/avr/4.3.2/avr5\libgcc.a(_clear_bss.o)
 *(.bss*)
 *(COMMON)
 COMMON         0x0080055e        0xc lbRTOS.o
                0x0080055e                robot
 COMMON         0x0080056a       0x1c timer640.o
                0x0080056a                timer4_ovrflow_cnt
                0x0080056e                timer1_ovrflow_cnt
                0x00800572                timer0_ovrflow_cnt
                0x00800576                timer2_ovrflow_cnt
                0x0080057a                timer_sleep_cnt
                0x0080057e                timer3_ovrflow_cnt
                0x00800582                timer5_ovrflow_cnt
 COMMON         0x00800586       0x50 uart4.o
                0x00800586                uartReadyTx
                0x0080058a                uartRxBuffer
                0x008005aa                uartBufferedTx
                0x008005ae                uartTxBuffer
                0x008005ce                uartRxOverflow
 COMMON         0x008005d6        0x1 a2d.o
                0x008005d6                a2dCompleteFlag
 COMMON         0x008005d7      0x100 lds.o
                0x008005d7                lds_buffer
                0x008006d7                PROVIDE (__bss_end, .)
                0x000041fa                __data_load_start = LOADADDR (.data)
                0x0000428c                __data_load_end = (__data_load_start + SIZEOF (.data))

.noinit         0x008006d7        0x0
                0x008006d7                PROVIDE (__noinit_start, .)
 *(.noinit*)
                0x008006d7                PROVIDE (__noinit_end, .)
                0x008006d7                _end = .
                0x008006d7                PROVIDE (__heap_start, .)

.eeprom         0x00810000        0x0
 *(.eeprom*)
                0x00810000                __eeprom_end = .

.fuse
 *(.fuse)
 *(.lfuse)
 *(.hfuse)
 *(.efuse)

.lock
 *(.lock*)

.signature
 *(.signature*)

.stab
 *(.stab)

.stabstr
 *(.stabstr)

.stab.excl
 *(.stab.excl)

.stab.exclstr
 *(.stab.exclstr)

.stab.index
 *(.stab.index)

.stab.indexstr
 *(.stab.indexstr)

.comment
 *(.comment)

.debug
 *(.debug)

.line
 *(.line)

.debug_srcinfo
 *(.debug_srcinfo)

.debug_sfnames
 *(.debug_sfnames)

.debug_aranges  0x00000000      0x100
 *(.debug_aranges)
 .debug_aranges
                0x00000000       0x20 lbRTOS.o
 .debug_aranges
                0x00000020       0x20 timer640.o
 .debug_aranges
                0x00000040       0x20 uart4.o
 .debug_aranges
                0x00000060       0x20 a2d.o
 .debug_aranges
                0x00000080       0x20 rprintf.o
 .debug_aranges
                0x000000a0       0x20 i2c.o
 .debug_aranges
                0x000000c0       0x20 lds.o
 .debug_aranges
                0x000000e0       0x20 buffer.o

.debug_pubnames
                0x00000000     0x1216
 *(.debug_pubnames)
 .debug_pubnames
                0x00000000      0x44f lbRTOS.o
 .debug_pubnames
                0x0000044f      0x588 timer640.o
 .debug_pubnames
                0x000009d7      0x386 uart4.o
 .debug_pubnames
                0x00000d5d       0xd4 a2d.o
 .debug_pubnames
                0x00000e31       0xe5 rprintf.o
 .debug_pubnames
                0x00000f16      0x17c i2c.o
 .debug_pubnames
                0x00001092       0xe8 lds.o
 .debug_pubnames
                0x0000117a       0x9c buffer.o

.debug_info     0x00000000     0x3797
 *(.debug_info)
 .debug_info    0x00000000      0xc47 lbRTOS.o
 .debug_info    0x00000c47      0xbe7 timer640.o
 .debug_info    0x0000182e      0x933 uart4.o
 .debug_info    0x00002161      0x21b a2d.o
 .debug_info    0x0000237c      0x580 rprintf.o
 .debug_info    0x000028fc      0x68c i2c.o
 .debug_info    0x00002f88      0x544 lds.o
 .debug_info    0x000034cc      0x2cb buffer.o
 *(.gnu.linkonce.wi.*)

.debug_abbrev   0x00000000      0xede
 *(.debug_abbrev)
 .debug_abbrev  0x00000000      0x2b6 lbRTOS.o
 .debug_abbrev  0x000002b6      0x248 timer640.o
 .debug_abbrev  0x000004fe      0x1e0 uart4.o
 .debug_abbrev  0x000006de      0x12f a2d.o
 .debug_abbrev  0x0000080d      0x1c9 rprintf.o
 .debug_abbrev  0x000009d6      0x23f i2c.o
 .debug_abbrev  0x00000c15      0x1dd lds.o
 .debug_abbrev  0x00000df2       0xec buffer.o

.debug_line     0x00000000     0x2c9a
 *(.debug_line)
 .debug_line    0x00000000      0xd1b lbRTOS.o
 .debug_line    0x00000d1b      0x7a1 timer640.o
 .debug_line    0x000014bc      0x75f uart4.o
 .debug_line    0x00001c1b      0x1dc a2d.o
 .debug_line    0x00001df7      0x43d rprintf.o
 .debug_line    0x00002234      0x527 i2c.o
 .debug_line    0x0000275b      0x357 lds.o
 .debug_line    0x00002ab2      0x1e8 buffer.o

.debug_frame    0x00000000      0xdf0
 *(.debug_frame)
 .debug_frame   0x00000000      0x360 lbRTOS.o
 .debug_frame   0x00000360      0x400 timer640.o
 .debug_frame   0x00000760      0x2b0 uart4.o
 .debug_frame   0x00000a10       0xb0 a2d.o
 .debug_frame   0x00000ac0       0xe0 rprintf.o
 .debug_frame   0x00000ba0      0x130 i2c.o
 .debug_frame   0x00000cd0       0xa0 lds.o
 .debug_frame   0x00000d70       0x80 buffer.o

.debug_str      0x00000000     0x168c
 *(.debug_str)
 .debug_str     0x00000000      0x521 lbRTOS.o
                                0x577 (size before relaxing)
 .debug_str     0x00000521      0x74f timer640.o
                                0x834 (size before relaxing)
 .debug_str     0x00000c70      0x3ac uart4.o
                                0x479 (size before relaxing)
 .debug_str     0x0000101c       0xac a2d.o
                                0x165 (size before relaxing)
 .debug_str     0x000010c8      0x171 rprintf.o
                                0x273 (size before relaxing)
 .debug_str     0x00001239      0x288 i2c.o
                                0x34d (size before relaxing)
 .debug_str     0x000014c1      0x134 lds.o
                                0x21c (size before relaxing)
 .debug_str     0x000015f5       0x97 buffer.o
                                0x1a1 (size before relaxing)

.debug_loc      0x00000000     0x1a34
 *(.debug_loc)
 .debug_loc     0x00000000      0x56f lbRTOS.o
 .debug_loc     0x0000056f      0x1e6 timer640.o
 .debug_loc     0x00000755      0x502 uart4.o
 .debug_loc     0x00000c57       0x6d a2d.o
 .debug_loc     0x00000cc4      0x7c0 rprintf.o
 .debug_loc     0x00001484      0x232 i2c.o
 .debug_loc     0x000016b6      0x1dc lds.o
 .debug_loc     0x00001892      0x1a2 buffer.o

.debug_macinfo
 *(.debug_macinfo)
OUTPUT(lbRTOS.elf elf32-avr)
LOAD linker stubs

.debug_ranges   0x00000000       0x30
 .debug_ranges  0x00000000       0x30 lds.o
