Archive member included because of file (symbol)

c:/winavr-20081205/bin/../lib/gcc/avr/4.3.2/../../../../avr/lib/avr5\libm.a(addsf3.o)
                              lbRTOS.o (__subsf3)
c:/winavr-20081205/bin/../lib/gcc/avr/4.3.2/../../../../avr/lib/avr5\libm.a(addsf3x.o)
                              c:/winavr-20081205/bin/../lib/gcc/avr/4.3.2/../../../../avr/lib/avr5\libm.a(addsf3.o) (__addsf3x)
c:/winavr-20081205/bin/../lib/gcc/avr/4.3.2/../../../../avr/lib/avr5\libm.a(atan2.o)
                              lbRTOS.o (atan2)
c:/winavr-20081205/bin/../lib/gcc/avr/4.3.2/../../../../avr/lib/avr5\libm.a(atan.o)
                              c:/winavr-20081205/bin/../lib/gcc/avr/4.3.2/../../../../avr/lib/avr5\libm.a(atan2.o) (atan)
c:/winavr-20081205/bin/../lib/gcc/avr/4.3.2/../../../../avr/lib/avr5\libm.a(cmpsf2.o)
                              rprintf.o (__eqsf2)
c:/winavr-20081205/bin/../lib/gcc/avr/4.3.2/../../../../avr/lib/avr5\libm.a(cos.o)
                              lbRTOS.o (cos)
c:/winavr-20081205/bin/../lib/gcc/avr/4.3.2/../../../../avr/lib/avr5\libm.a(divsf3.o)
                              lbRTOS.o (__divsf3)
c:/winavr-20081205/bin/../lib/gcc/avr/4.3.2/../../../../avr/lib/avr5\libm.a(divsf3x.o)
                              c:/winavr-20081205/bin/../lib/gcc/avr/4.3.2/../../../../avr/lib/avr5\libm.a(divsf3.o) (__divsf3x)
c:/winavr-20081205/bin/../lib/gcc/avr/4.3.2/../../../../avr/lib/avr5\libm.a(fixunssfsi.o)
                              timer640.o (__fixunssfsi)
c:/winavr-20081205/bin/../lib/gcc/avr/4.3.2/../../../../avr/lib/avr5\libm.a(floatsisf.o)
                              lbRTOS.o (__floatunsisf)
c:/winavr-20081205/bin/../lib/gcc/avr/4.3.2/../../../../avr/lib/avr5\libm.a(fp_cmp.o)
                              c:/winavr-20081205/bin/../lib/gcc/avr/4.3.2/../../../../avr/lib/avr5\libm.a(cmpsf2.o) (__fp_cmp)
c:/winavr-20081205/bin/../lib/gcc/avr/4.3.2/../../../../avr/lib/avr5\libm.a(fp_inf.o)
                              c:/winavr-20081205/bin/../lib/gcc/avr/4.3.2/../../../../avr/lib/avr5\libm.a(addsf3x.o) (__fp_inf)
c:/winavr-20081205/bin/../lib/gcc/avr/4.3.2/../../../../avr/lib/avr5\libm.a(fp_nan.o)
                              c:/winavr-20081205/bin/../lib/gcc/avr/4.3.2/../../../../avr/lib/avr5\libm.a(addsf3x.o) (__fp_nan)
c:/winavr-20081205/bin/../lib/gcc/avr/4.3.2/../../../../avr/lib/avr5\libm.a(fp_powser.o)
                              c:/winavr-20081205/bin/../lib/gcc/avr/4.3.2/../../../../avr/lib/avr5\libm.a(atan.o) (__fp_powser)
c:/winavr-20081205/bin/../lib/gcc/avr/4.3.2/../../../../avr/lib/avr5\libm.a(fp_pscA.o)
                              c:/winavr-20081205/bin/../lib/gcc/avr/4.3.2/../../../../avr/lib/avr5\libm.a(addsf3x.o) (__fp_pscA)
c:/winavr-20081205/bin/../lib/gcc/avr/4.3.2/../../../../avr/lib/avr5\libm.a(fp_pscB.o)
                              c:/winavr-20081205/bin/../lib/gcc/avr/4.3.2/../../../../avr/lib/avr5\libm.a(addsf3x.o) (__fp_pscB)
c:/winavr-20081205/bin/../lib/gcc/avr/4.3.2/../../../../avr/lib/avr5\libm.a(fp_rempio2.o)
                              c:/winavr-20081205/bin/../lib/gcc/avr/4.3.2/../../../../avr/lib/avr5\libm.a(cos.o) (__fp_rempio2)
c:/winavr-20081205/bin/../lib/gcc/avr/4.3.2/../../../../avr/lib/avr5\libm.a(fp_round.o)
                              c:/winavr-20081205/bin/../lib/gcc/avr/4.3.2/../../../../avr/lib/avr5\libm.a(addsf3.o) (__fp_round)
c:/winavr-20081205/bin/../lib/gcc/avr/4.3.2/../../../../avr/lib/avr5\libm.a(fp_sinus.o)
                              c:/winavr-20081205/bin/../lib/gcc/avr/4.3.2/../../../../avr/lib/avr5\libm.a(cos.o) (__fp_sinus)
c:/winavr-20081205/bin/../lib/gcc/avr/4.3.2/../../../../avr/lib/avr5\libm.a(fp_split3.o)
                              c:/winavr-20081205/bin/../lib/gcc/avr/4.3.2/../../../../avr/lib/avr5\libm.a(addsf3x.o) (__fp_split3)
c:/winavr-20081205/bin/../lib/gcc/avr/4.3.2/../../../../avr/lib/avr5\libm.a(fp_zero.o)
                              c:/winavr-20081205/bin/../lib/gcc/avr/4.3.2/../../../../avr/lib/avr5\libm.a(addsf3x.o) (__fp_zero)
c:/winavr-20081205/bin/../lib/gcc/avr/4.3.2/../../../../avr/lib/avr5\libm.a(gesf2.o)
                              lbRTOS.o (__gtsf2)
c:/winavr-20081205/bin/../lib/gcc/avr/4.3.2/../../../../avr/lib/avr5\libm.a(inverse.o)
                              c:/winavr-20081205/bin/../lib/gcc/avr/4.3.2/../../../../avr/lib/avr5\libm.a(atan.o) (inverse)
c:/winavr-20081205/bin/../lib/gcc/avr/4.3.2/../../../../avr/lib/avr5\libm.a(log.o)
                              lbRTOS.o (log)
c:/winavr-20081205/bin/../lib/gcc/avr/4.3.2/../../../../avr/lib/avr5\libm.a(mulsf3.o)
                              lbRTOS.o (__mulsf3)
c:/winavr-20081205/bin/../lib/gcc/avr/4.3.2/../../../../avr/lib/avr5\libm.a(mulsf3x.o)
                              c:/winavr-20081205/bin/../lib/gcc/avr/4.3.2/../../../../avr/lib/avr5\libm.a(atan.o) (__mulsf3x)
c:/winavr-20081205/bin/../lib/gcc/avr/4.3.2/../../../../avr/lib/avr5\libm.a(pow.o)
                              lbRTOS.o (pow)
c:/winavr-20081205/bin/../lib/gcc/avr/4.3.2/../../../../avr/lib/avr5\libm.a(sin.o)
                              lbRTOS.o (sin)
c:/winavr-20081205/bin/../lib/gcc/avr/4.3.2/../../../../avr/lib/avr5\libm.a(sqrt.o)
                              lbRTOS.o (sqrt)
c:/winavr-20081205/bin/../lib/gcc/avr/4.3.2/../../../../avr/lib/avr5\libm.a(square.o)
                              lbRTOS.o (square)
c:/winavr-20081205/bin/../lib/gcc/avr/4.3.2/../../../../avr/lib/avr5\libm.a(exp.o)
                              c:/winavr-20081205/bin/../lib/gcc/avr/4.3.2/../../../../avr/lib/avr5\libm.a(pow.o) (exp)
c:/winavr-20081205/bin/../lib/gcc/avr/4.3.2/../../../../avr/lib/avr5\libm.a(fp_mpack.o)
                              c:/winavr-20081205/bin/../lib/gcc/avr/4.3.2/../../../../avr/lib/avr5\libm.a(fp_rempio2.o) (__fp_mpack)
c:/winavr-20081205/bin/../lib/gcc/avr/4.3.2/../../../../avr/lib/avr5\libm.a(fp_norm2.o)
                              c:/winavr-20081205/bin/../lib/gcc/avr/4.3.2/../../../../avr/lib/avr5\libm.a(sqrt.o) (__fp_norm2)
c:/winavr-20081205/bin/../lib/gcc/avr/4.3.2/../../../../avr/lib/avr5\libm.a(fp_powsodd.o)
                              c:/winavr-20081205/bin/../lib/gcc/avr/4.3.2/../../../../avr/lib/avr5\libm.a(fp_sinus.o) (__fp_powsodd)
c:/winavr-20081205/bin/../lib/gcc/avr/4.3.2/../../../../avr/lib/avr5\libm.a(ldexp.o)
                              c:/winavr-20081205/bin/../lib/gcc/avr/4.3.2/../../../../avr/lib/avr5\libm.a(exp.o) (ldexp)
c:/winavr-20081205/bin/../lib/gcc/avr/4.3.2/../../../../avr/lib/avr5\libm.a(modf.o)
                              c:/winavr-20081205/bin/../lib/gcc/avr/4.3.2/../../../../avr/lib/avr5\libm.a(exp.o) (modf)
c:/winavr-20081205/bin/../lib/gcc/avr/4.3.2/../../../../avr/lib/avr5\libc.a(exit.o)
                              c:/winavr-20081205/bin/../lib/gcc/avr/4.3.2/../../../../avr/lib/avr5/crtm640.o (exit)
c:/winavr-20081205/bin/../lib/gcc/avr/4.3.2/avr5\libgcc.a(_udivmodhi4.o)
                              rprintf.o (__udivmodhi4)
c:/winavr-20081205/bin/../lib/gcc/avr/4.3.2/avr5\libgcc.a(_divmodhi4.o)
                              lbRTOS.o (__divmodhi4)
c:/winavr-20081205/bin/../lib/gcc/avr/4.3.2/avr5\libgcc.a(_udivmodsi4.o)
                              uart4.o (__udivmodsi4)
c:/winavr-20081205/bin/../lib/gcc/avr/4.3.2/avr5\libgcc.a(_divmodsi4.o)
                              lbRTOS.o (__divmodsi4)
c:/winavr-20081205/bin/../lib/gcc/avr/4.3.2/avr5\libgcc.a(_exit.o)
                              c:/winavr-20081205/bin/../lib/gcc/avr/4.3.2/../../../../avr/lib/avr5\libc.a(exit.o) (_exit)
c:/winavr-20081205/bin/../lib/gcc/avr/4.3.2/avr5\libgcc.a(_copy_data.o)
                              lbRTOS.o (__do_copy_data)
c:/winavr-20081205/bin/../lib/gcc/avr/4.3.2/avr5\libgcc.a(_clear_bss.o)
                              lbRTOS.o (__do_clear_bss)

Allocating common symbols
Common symbol       size              file

uartReadyTx         0x4               uart4.o
timer4_ovrflow_cnt  0x4               timer640.o
timer1_ovrflow_cnt  0x4               timer640.o
timer0_ovrflow_cnt  0x4               timer640.o
uartRxBuffer        0x20              uart4.o
timer2_ovrflow_cnt  0x4               timer640.o
timer_sleep_cnt     0x4               timer640.o
uartBufferedTx      0x4               uart4.o
robot               0xc               lbRTOS.o
a2dCompleteFlag     0x1               a2d.o
timer3_ovrflow_cnt  0x4               timer640.o
uartTxBuffer        0x20              uart4.o
timer5_ovrflow_cnt  0x4               timer640.o
uartRxOverflow      0x8               uart4.o
lds_buffer          0x100             lds.o

Memory Configuration

Name             Origin             Length             Attributes
text             0x00000000         0x00020000         xr
data             0x00800060         0x0000ffa0         rw !x
eeprom           0x00810000         0x00010000         rw !x
fuse             0x00820000         0x00000400         rw !x
lock             0x00830000         0x00000400         rw !x
signature        0x00840000         0x00000400         rw !x
*default*        0x00000000         0xffffffff

Linker script and memory map

Address of section .data set to 0x800200
LOAD c:/winavr-20081205/bin/../lib/gcc/avr/4.3.2/../../../../avr/lib/avr5/crtm640.o
LOAD lbRTOS.o
LOAD timer640.o
LOAD uart4.o
LOAD a2d.o
LOAD rprintf.o
LOAD i2c.o
LOAD lds.o
LOAD buffer.o
LOAD c:/winavr-20081205/bin/../lib/gcc/avr/4.3.2/../../../../avr/lib/avr5\libm.a
LOAD c:/winavr-20081205/bin/../lib/gcc/avr/4.3.2/../../../../avr/lib/avr5\libc.a
LOAD c:/winavr-20081205/bin/../lib/gcc/avr/4.3.2/avr5\libgcc.a
LOAD c:/winavr-20081205/bin/../lib/gcc/avr/4.3.2/../../../../avr/lib/avr5\libc.a
LOAD c:/winavr-20081205/bin/../lib/gcc/avr/4.3.2/avr5\libgcc.a

.hash
 *(.hash)

.dynsym
 *(.dynsym)

.dynstr
 *(.dynstr)

.gnu.version
 *(.gnu.version)

.gnu.version_d
 *(.gnu.version_d)

.gnu.version_r
 *(.gnu.version_r)

.rel.init
 *(.rel.init)

.rela.init
 *(.rela.init)

.rel.text
 *(.rel.text)
 *(.rel.text.*)
 *(.rel.gnu.linkonce.t*)

.rela.text
 *(.rela.text)
 *(.rela.text.*)
 *(.rela.gnu.linkonce.t*)

.rel.fini
 *(.rel.fini)

.rela.fini
 *(.rela.fini)

.rel.rodata
 *(.rel.rodata)
 *(.rel.rodata.*)
 *(.rel.gnu.linkonce.r*)

.rela.rodata
 *(.rela.rodata)
 *(.rela.rodata.*)
 *(.rela.gnu.linkonce.r*)

.rel.data
 *(.rel.data)
 *(.rel.data.*)
 *(.rel.gnu.linkonce.d*)

.rela.data
 *(.rela.data)
 *(.rela.data.*)
 *(.rela.gnu.linkonce.d*)

.rel.ctors
 *(.rel.ctors)

.rela.ctors
 *(.rela.ctors)

.rel.dtors
 *(.rel.dtors)

.rela.dtors
 *(.rela.dtors)

.rel.got
 *(.rel.got)

.rela.got
 *(.rela.got)

.rel.bss
 *(.rel.bss)

.rela.bss
 *(.rela.bss)

.rel.plt
 *(.rel.plt)

.rela.plt
 *(.rela.plt)

.text           0x00000000     0x46ae
 *(.vectors)
 .vectors       0x00000000       0xe4 c:/winavr-20081205/bin/../lib/gcc/avr/4.3.2/../../../../avr/lib/avr5/crtm640.o
                0x00000000                __vectors
 *(.vectors)
 *(.progmem.gcc*)
 .progmem.gcc_fplib
                0x000000e4       0x2d c:/winavr-20081205/bin/../lib/gcc/avr/4.3.2/../../../../avr/lib/avr5\libm.a(atan.o)
 .progmem.gcc_fplib
                0x00000111       0x1e c:/winavr-20081205/bin/../lib/gcc/avr/4.3.2/../../../../avr/lib/avr5\libm.a(fp_sinus.o)
 .progmem.gcc_fplib
                0x0000012f       0x5a c:/winavr-20081205/bin/../lib/gcc/avr/4.3.2/../../../../avr/lib/avr5\libm.a(log.o)
 .progmem.gcc_fplib
                0x00000189       0x28 c:/winavr-20081205/bin/../lib/gcc/avr/4.3.2/../../../../avr/lib/avr5\libm.a(exp.o)
 *(.progmem*)
 .progmem.data  0x000001b1       0x4f lbRTOS.o
 .progmem.data  0x00000200       0x2d timer640.o
                0x00000200                TimerPrescaleFactor
                0x0000020c                Timer2PrescaleFactor
 .progmem.data  0x0000022d       0x11 rprintf.o
 .progmem.data  0x0000023e       0x28 lds.o
                0x00000266                . = ALIGN (0x2)
                0x00000266                __trampolines_start = .
 *(.trampolines)
 .trampolines   0x00000266        0x0 linker stubs
 *(.trampolines*)
                0x00000266                __trampolines_end = .
 *(.jumptables)
 *(.jumptables*)
 *(.lowtext)
 *(.lowtext*)
                0x00000266                __ctors_start = .
 *(.ctors)
                0x00000266                __ctors_end = .
                0x00000266                __dtors_start = .
 *(.dtors)
                0x00000266                __dtors_end = .
 SORT(*)(.ctors)
 SORT(*)(.dtors)
 *(.init0)
 .init0         0x00000266        0x0 c:/winavr-20081205/bin/../lib/gcc/avr/4.3.2/../../../../avr/lib/avr5/crtm640.o
                0x00000266                __init
 *(.init0)
 *(.init1)
 *(.init1)
 *(.init2)
 .init2         0x00000266        0xc c:/winavr-20081205/bin/../lib/gcc/avr/4.3.2/../../../../avr/lib/avr5/crtm640.o
 *(.init2)
 *(.init3)
 *(.init3)
 *(.init4)
 .init4         0x00000272       0x16 c:/winavr-20081205/bin/../lib/gcc/avr/4.3.2/avr5\libgcc.a(_copy_data.o)
                0x00000272                __do_copy_data
 .init4         0x00000288       0x10 c:/winavr-20081205/bin/../lib/gcc/avr/4.3.2/avr5\libgcc.a(_clear_bss.o)
                0x00000288                __do_clear_bss
 *(.init4)
 *(.init5)
 *(.init5)
 *(.init6)
 *(.init6)
 *(.init7)
 *(.init7)
 *(.init8)
 *(.init8)
 *(.init9)
 .init9         0x00000298        0x8 c:/winavr-20081205/bin/../lib/gcc/avr/4.3.2/../../../../avr/lib/avr5/crtm640.o
 *(.init9)
 *(.text)
 .text          0x000002a0        0x4 c:/winavr-20081205/bin/../lib/gcc/avr/4.3.2/../../../../avr/lib/avr5/crtm640.o
                0x000002a0                __vector_28
                0x000002a0                __vector_1
                0x000002a0                __vector_24
                0x000002a0                __vector_12
                0x000002a0                __vector_55
                0x000002a0                __bad_interrupt
                0x000002a0                __vector_6
                0x000002a0                __vector_3
                0x000002a0                __vector_30
                0x000002a0                __vector_11
                0x000002a0                __vector_17
                0x000002a0                __vector_7
                0x000002a0                __vector_5
                0x000002a0                __vector_52
                0x000002a0                __vector_37
                0x000002a0                __vector_4
                0x000002a0                __vector_9
                0x000002a0                __vector_2
                0x000002a0                __vector_40
                0x000002a0                __vector_8
                0x000002a0                __vector_26
                0x000002a0                __vector_10
 .text          0x000002a4     0x115c lbRTOS.o
                0x000006c2                PWM_timer3_Off_All
                0x0000062c                PWM_timer3_Off_E4
                0x00000824                sin_SoR
                0x00000320                PWM_Init_timer3_E3
                0x000003e0                PWM_Init_timer4_H3
                0x0000091a                lbRcv
                0x00000dea                solutionUpdater
                0x00000f56                addFrame
                0x0000091c                send_frame
                0x000005c0                PWM_timer4_On_H3
                0x000006a4                PWM_timer2_Off_All
                0x00000766                PWM_timer4_Set_H4
                0x000007aa                delay_cycles
                0x00000748                PWM_timer3_Set_E4
                0x000006f8                PWM_timer4_Off_All
                0x000007b0                LED_on
                0x0000072e                PWM_timer1_Set_LED
                0x0000073e                PWM_timer3_Set_E3
                0x00000738                PWM_timer2_Set_H6
                0x000002e4                PWM_Init_timer2_H6
                0x00000770                PWM_timer4_Set_H5
                0x000004a0                timer1PWMInitICR
                0x000009be                right_wall
                0x00000c5c                prvSetupHardware
                0x00000578                PWM_timer2_On_H6
                0x00000608                PWM_timer2_Off_H6
                0x000002a4                PWM_Init_timer1_LED
                0x00000524                timer4PWMInitICR
                0x000007ce                cos_SoR
                0x000007ac                LED_off
                0x000005d2                PWM_timer4_On_H4
                0x0000058a                PWM_timer3_On_E3
                0x000004e2                timer3PWMInitICR
                0x00000650                PWM_timer4_Off_H3
                0x00000d80                main
                0x000007b4                button_pressed
                0x0000061a                PWM_timer3_Off_E3
                0x0000075c                PWM_timer4_Set_H3
                0x00000662                PWM_timer4_Off_H4
                0x00000360                PWM_Init_timer3_E4
                0x0000077a                configure_ports
                0x00000882                tan_SoR
                0x00000420                PWM_Init_timer4_H4
                0x00000566                PWM_timer1_On_LED
                0x000005e4                PWM_timer4_On_H5
                0x000003a0                PWM_Init_timer3_E5
                0x00000674                PWM_timer4_Off_H5
                0x0000059c                PWM_timer3_On_E4
                0x000005ae                PWM_timer3_On_E5
                0x000005f6                PWM_timer1_Off_LED
                0x0000063e                PWM_timer3_Off_E5
                0x00000460                PWM_Init_timer4_H5
                0x00000686                PWM_timer1_Off_All
                0x00000752                PWM_timer3_Set_E5
 .text          0x00001400      0xdfa timer640.o
                0x00001b44                __vector_22
                0x00001482                get_timer3_prescaler
                0x00001594                reset_timer0
                0x00001628                init_timer0
                0x0000144a                get_timer1_prescaler
                0x00001dba                __vector_32
                0x00001518                get_timer3_overflow
                0x0000152e                get_timer4_overflow
                0x00001588                get_timer5_counter
                0x00001e6e                __vector_34
                0x0000157c                get_timer4_counter
                0x00001688                init_timer3
                0x00002030                __vector_46
                0x00001d60                __vector_31
                0x0000171e                sleep
                0x00001706                timer_detach
                0x000016ac                init_timer4
                0x0000196a                __vector_35
                0x0000160c                reset_timer5
                0x000017c4                __vector_23
                0x000019ea                __vector_45
                0x00001466                get_timer2_prescaler
                0x00001418                prescaler_hex_to_value_for_timer2
                0x00001cac                __vector_13
                0x0000155a                get_timer0_counter
                0x00001c52                __vector_19
                0x0000156a                get_timer2_counter
                0x0000213e                __vector_49
                0x00001ec8                __vector_41
                0x00001400                prescaler_hex_to_value
                0x00001f7c                __vector_43
                0x000014ec                get_timer1_overflow
                0x00002198                __vector_default
                0x00001e14                __vector_33
                0x000015d8                reset_timer3
                0x0000208a                __vector_47
                0x000014d6                get_timer0_overflow
                0x00001626                delay_us
                0x0000149e                get_timer4_prescaler
                0x00001502                get_timer2_overflow
                0x000015f2                reset_timer4
                0x00001fd6                __vector_44
                0x000016d0                init_timer5
                0x00001aea                __vector_21
                0x000018ea                __vector_15
                0x00001570                get_timer3_counter
                0x00001718                _delay_loop_2
                0x00001644                init_timer1
                0x000014ba                get_timer5_prescaler
                0x000020e4                __vector_48
                0x00001544                get_timer5_overflow
                0x000015a8                reset_timer1
                0x00001d06                __vector_14
                0x0000155e                get_timer1_counter
                0x000016f4                timer_attach
                0x00001430                get_timer0_prescaler
                0x00001a6a                __vector_50
                0x00001b9e                __vector_16
                0x00001bf8                __vector_18
                0x000015c2                reset_timer2
                0x0000186a                __vector_20
                0x00001668                init_timer2
                0x00001f22                __vector_42
 .text          0x000021fa      0x874 uart4.o
                0x00002708                __vector_38
                0x0000279c                uartSendTxBuffer
                0x00002342                uartReceiveService
                0x000025ce                uart2AddToTxBuffer
                0x000022aa                uartSendByte
                0x00002a04                uart0InitBuffers
                0x0000230c                uart2SendByte
                0x00002886                uart1GetByte
                0x000027ca                uartReceiveByte
                0x000024e2                uartSendBuffer
                0x00002498                __vector_25
                0x000028b6                uart0GetByte
                0x000025ac                uartAddToTxBuffer
                0x000023ba                __vector_54
                0x00002316                uart3SendByte
                0x000025f2                uartTransmitService
                0x000021fa                uartSetRxHandler
                0x00002674                __vector_56
                0x00002a26                uart0Init
                0x000029ce                uart1Init
                0x000028e6                uartFlushReceiveBuffer
                0x00002752                __vector_27
                0x00002a5c                uartInit
                0x000022f8                uart0SendByte
                0x00002320                uartReceiveBufferIsEmpty
                0x0000291e                uart3Init
                0x00002210                uartSetBaudRate
                0x000025c2                uart3AddToTxBuffer
                0x000028fc                uart3InitBuffers
                0x00002302                uart1SendByte
                0x00002294                uartGetTxBuffer
                0x00002404                __vector_51
                0x0000227e                uartGetRxBuffer
                0x00002976                uart2Init
                0x0000244e                __vector_36
                0x000029ac                uart1InitBuffers
                0x000025e6                uart0AddToTxBuffer
                0x00002954                uart2InitBuffers
                0x00002856                uart2GetByte
                0x000026be                __vector_53
                0x00002826                uart3GetByte
                0x000025da                uart1AddToTxBuffer
 .text          0x00002a6e      0x116 a2d.o
                0x00002afe                a2dIsComplete
                0x00002b58                a2dConvert8bit
                0x00002aa6                a2dOff
                0x00002ab8                a2dSetPrescaler
                0x00002b06                a2dConvert10bit
                0x00002a6e                a2dInit
                0x00002ac6                a2dSetReference
                0x00002b66                __vector_29
                0x00002adc                a2dSetChannel
                0x00002aec                a2dStartConvert
 .text          0x00002b84      0x570 rprintf.o
                0x00002fcc                rprintf1RamRom
                0x00002c6a                rprintfu08
                0x00002c94                rprintfu32
                0x00002bb2                rprintfStr
                0x00002e3a                rprintfFloat
                0x00002bd0                rprintfStrLen
                0x00002c2c                rprintfProgStr
                0x00002c80                rprintfu16
                0x00002b84                rprintfInit
                0x00002b8e                rprintfChar
                0x00002c4c                rprintfCRLF
                0x00002c54                rprintfu04
                0x00002cba                rprintfNum
 .text          0x000030f4      0x506 i2c.o
                0x00003130                i2cInit
                0x0000318e                i2cSendStart
                0x000031aa                i2cWaitForComplete
                0x000031e2                i2cGetReceivedByte
                0x000031ee                i2cMasterSend
                0x000033a2                __vector_39
                0x0000322e                i2cMasterReceive
                0x00003276                i2cMasterSendNI
                0x0000317a                i2cSetSlaveReceiveHandler
                0x000035f4                i2cGetState
                0x000031e8                i2cGetStatus
                0x000031b4                i2cSendByte
                0x00003184                i2cSetSlaveTransmitHandler
                0x0000316a                i2cSetLocalDeviceAddr
                0x00003304                i2cMasterReceiveNI
                0x000031c6                i2cReceiveByte
                0x000030f4                i2cSetBitrate
                0x0000319c                i2cSendStop
 .text          0x000035fa      0x55c lds.o
                0x000035fa                init_LDS_buffer
                0x00003882                parse_frame
                0x00003610                LDSRcv
                0x00003ae4                get_range_scan
                0x000036b2                conv_FrametoDist
                0x00003724                print_frame
                0x00003842                read_LDS
                0x00003644                error_checker
                0x00003a50                grab_frames
 .text          0x00003b56      0x160 buffer.o
                0x00003c90                bufferIsNotFull
                0x00003b70                bufferGetFromFront
                0x00003c1a                bufferGetAtIndex
                0x00003bd6                bufferDumpFromFront
                0x00003b56                bufferInit
                0x00003c42                bufferAddToEnd
                0x00003ca8                bufferFlush
 .text          0x00003cb6        0x0 c:/winavr-20081205/bin/../lib/gcc/avr/4.3.2/../../../../avr/lib/avr5\libm.a(addsf3.o)
 .text          0x00003cb6        0x0 c:/winavr-20081205/bin/../lib/gcc/avr/4.3.2/../../../../avr/lib/avr5\libm.a(addsf3x.o)
 .text          0x00003cb6        0x0 c:/winavr-20081205/bin/../lib/gcc/avr/4.3.2/../../../../avr/lib/avr5\libm.a(atan2.o)
 .text          0x00003cb6        0x0 c:/winavr-20081205/bin/../lib/gcc/avr/4.3.2/../../../../avr/lib/avr5\libm.a(atan.o)
 .text          0x00003cb6        0x0 c:/winavr-20081205/bin/../lib/gcc/avr/4.3.2/../../../../avr/lib/avr5\libm.a(cmpsf2.o)
 .text          0x00003cb6        0x0 c:/winavr-20081205/bin/../lib/gcc/avr/4.3.2/../../../../avr/lib/avr5\libm.a(cos.o)
 .text          0x00003cb6        0x0 c:/winavr-20081205/bin/../lib/gcc/avr/4.3.2/../../../../avr/lib/avr5\libm.a(divsf3.o)
 .text          0x00003cb6        0x0 c:/winavr-20081205/bin/../lib/gcc/avr/4.3.2/../../../../avr/lib/avr5\libm.a(divsf3x.o)
 .text          0x00003cb6        0x0 c:/winavr-20081205/bin/../lib/gcc/avr/4.3.2/../../../../avr/lib/avr5\libm.a(fixunssfsi.o)
 .text          0x00003cb6        0x0 c:/winavr-20081205/bin/../lib/gcc/avr/4.3.2/../../../../avr/lib/avr5\libm.a(floatsisf.o)
 .text          0x00003cb6        0x0 c:/winavr-20081205/bin/../lib/gcc/avr/4.3.2/../../../../avr/lib/avr5\libm.a(fp_cmp.o)
 .text          0x00003cb6        0x0 c:/winavr-20081205/bin/../lib/gcc/avr/4.3.2/../../../../avr/lib/avr5\libm.a(fp_inf.o)
 .text          0x00003cb6        0x0 c:/winavr-20081205/bin/../lib/gcc/avr/4.3.2/../../../../avr/lib/avr5\libm.a(fp_nan.o)
 .text          0x00003cb6        0x0 c:/winavr-20081205/bin/../lib/gcc/avr/4.3.2/../../../../avr/lib/avr5\libm.a(fp_powser.o)
 .text          0x00003cb6        0x0 c:/winavr-20081205/bin/../lib/gcc/avr/4.3.2/../../../../avr/lib/avr5\libm.a(fp_pscA.o)
 .text          0x00003cb6        0x0 c:/winavr-20081205/bin/../lib/gcc/avr/4.3.2/../../../../avr/lib/avr5\libm.a(fp_pscB.o)
 .text          0x00003cb6        0x0 c:/winavr-20081205/bin/../lib/gcc/avr/4.3.2/../../../../avr/lib/avr5\libm.a(fp_rempio2.o)
 .text          0x00003cb6        0x0 c:/winavr-20081205/bin/../lib/gcc/avr/4.3.2/../../../../avr/lib/avr5\libm.a(fp_round.o)
 .text          0x00003cb6        0x0 c:/winavr-20081205/bin/../lib/gcc/avr/4.3.2/../../../../avr/lib/avr5\libm.a(fp_sinus.o)
 .text          0x00003cb6        0x0 c:/winavr-20081205/bin/../lib/gcc/avr/4.3.2/../../../../avr/lib/avr5\libm.a(fp_split3.o)
 .text          0x00003cb6        0x0 c:/winavr-20081205/bin/../lib/gcc/avr/4.3.2/../../../../avr/lib/avr5\libm.a(fp_zero.o)
 .text          0x00003cb6        0x0 c:/winavr-20081205/bin/../lib/gcc/avr/4.3.2/../../../../avr/lib/avr5\libm.a(gesf2.o)
 .text          0x00003cb6        0x0 c:/winavr-20081205/bin/../lib/gcc/avr/4.3.2/../../../../avr/lib/avr5\libm.a(inverse.o)
 .text          0x00003cb6        0x0 c:/winavr-20081205/bin/../lib/gcc/avr/4.3.2/../../../../avr/lib/avr5\libm.a(log.o)
 .text          0x00003cb6        0x0 c:/winavr-20081205/bin/../lib/gcc/avr/4.3.2/../../../../avr/lib/avr5\libm.a(mulsf3.o)
 .text          0x00003cb6        0x0 c:/winavr-20081205/bin/../lib/gcc/avr/4.3.2/../../../../avr/lib/avr5\libm.a(mulsf3x.o)
 .text          0x00003cb6        0x0 c:/winavr-20081205/bin/../lib/gcc/avr/4.3.2/../../../../avr/lib/avr5\libm.a(pow.o)
 .text          0x00003cb6        0x0 c:/winavr-20081205/bin/../lib/gcc/avr/4.3.2/../../../../avr/lib/avr5\libm.a(sin.o)
 .text          0x00003cb6        0x0 c:/winavr-20081205/bin/../lib/gcc/avr/4.3.2/../../../../avr/lib/avr5\libm.a(sqrt.o)
 .text          0x00003cb6        0x0 c:/winavr-20081205/bin/../lib/gcc/avr/4.3.2/../../../../avr/lib/avr5\libm.a(square.o)
 .text          0x00003cb6        0x0 c:/winavr-20081205/bin/../lib/gcc/avr/4.3.2/../../../../avr/lib/avr5\libm.a(exp.o)
 .text          0x00003cb6        0x0 c:/winavr-20081205/bin/../lib/gcc/avr/4.3.2/../../../../avr/lib/avr5\libm.a(fp_mpack.o)
 .text          0x00003cb6        0x0 c:/winavr-20081205/bin/../lib/gcc/avr/4.3.2/../../../../avr/lib/avr5\libm.a(fp_norm2.o)
 .text          0x00003cb6        0x0 c:/winavr-20081205/bin/../lib/gcc/avr/4.3.2/../../../../avr/lib/avr5\libm.a(fp_powsodd.o)
 .text          0x00003cb6        0x0 c:/winavr-20081205/bin/../lib/gcc/avr/4.3.2/../../../../avr/lib/avr5\libm.a(ldexp.o)
 .text          0x00003cb6        0x0 c:/winavr-20081205/bin/../lib/gcc/avr/4.3.2/../../../../avr/lib/avr5\libm.a(modf.o)
 .text          0x00003cb6        0x6 c:/winavr-20081205/bin/../lib/gcc/avr/4.3.2/../../../../avr/lib/avr5\libc.a(exit.o)
                0x00003cb6                exit
 .text          0x00003cbc        0x0 c:/winavr-20081205/bin/../lib/gcc/avr/4.3.2/avr5\libgcc.a(_udivmodhi4.o)
 .text          0x00003cbc        0x0 c:/winavr-20081205/bin/../lib/gcc/avr/4.3.2/avr5\libgcc.a(_divmodhi4.o)
 .text          0x00003cbc        0x0 c:/winavr-20081205/bin/../lib/gcc/avr/4.3.2/avr5\libgcc.a(_udivmodsi4.o)
 .text          0x00003cbc        0x0 c:/winavr-20081205/bin/../lib/gcc/avr/4.3.2/avr5\libgcc.a(_divmodsi4.o)
 .text          0x00003cbc        0x0 c:/winavr-20081205/bin/../lib/gcc/avr/4.3.2/avr5\libgcc.a(_exit.o)
 .text          0x00003cbc        0x0 c:/winavr-20081205/bin/../lib/gcc/avr/4.3.2/avr5\libgcc.a(_copy_data.o)
 .text          0x00003cbc        0x0 c:/winavr-20081205/bin/../lib/gcc/avr/4.3.2/avr5\libgcc.a(_clear_bss.o)
                0x00003cbc                . = ALIGN (0x2)
 *(.text.*)
 .text.fplib    0x00003cbc        0xa c:/winavr-20081205/bin/../lib/gcc/avr/4.3.2/../../../../avr/lib/avr5\libm.a(addsf3.o)
                0x00003cbc                __subsf3
                0x00003cbe                __addsf3
 .text.fplib    0x00003cc6       0xc0 c:/winavr-20081205/bin/../lib/gcc/avr/4.3.2/../../../../avr/lib/avr5\libm.a(addsf3x.o)
                0x00003ce0                __addsf3x
 .text.fplib    0x00003d86       0x74 c:/winavr-20081205/bin/../lib/gcc/avr/4.3.2/../../../../avr/lib/avr5\libm.a(atan2.o)
                0x00003da4                atan2
 .text.fplib    0x00003dfa       0x50 c:/winavr-20081205/bin/../lib/gcc/avr/4.3.2/../../../../avr/lib/avr5\libm.a(atan.o)
                0x00003dfa                atan
 .text.fplib    0x00003e4a        0x8 c:/winavr-20081205/bin/../lib/gcc/avr/4.3.2/../../../../avr/lib/avr5\libm.a(cmpsf2.o)
                0x00003e4a                __lesf2
                0x00003e4a                __nesf2
                0x00003e4a                __eqsf2
                0x00003e4a                __cmpsf2
                0x00003e4a                __ltsf2
 .text.fplib    0x00003e52        0x6 c:/winavr-20081205/bin/../lib/gcc/avr/4.3.2/../../../../avr/lib/avr5\libm.a(cos.o)
                0x00003e52                cos
 .text.fplib    0x00003e58        0x4 c:/winavr-20081205/bin/../lib/gcc/avr/4.3.2/../../../../avr/lib/avr5\libm.a(divsf3.o)
                0x00003e58                __divsf3
 .text.fplib    0x00003e5c       0xcc c:/winavr-20081205/bin/../lib/gcc/avr/4.3.2/../../../../avr/lib/avr5\libm.a(divsf3x.o)
                0x00003e72                __divsf3x
                0x00003e76                __divsf3_pse
 .text.fplib    0x00003f28       0x58 c:/winavr-20081205/bin/../lib/gcc/avr/4.3.2/../../../../avr/lib/avr5\libm.a(fixunssfsi.o)
                0x00003f28                __fixunssfsi
 .text.fplib    0x00003f80       0x7a c:/winavr-20081205/bin/../lib/gcc/avr/4.3.2/../../../../avr/lib/avr5\libm.a(floatsisf.o)
                0x00003f84                __floatsisf
                0x00003f80                __floatunsisf
 .text.fplib    0x00003ffa       0x48 c:/winavr-20081205/bin/../lib/gcc/avr/4.3.2/../../../../avr/lib/avr5\libm.a(fp_cmp.o)
                0x00003ffa                __fp_cmp
 .text.fplib    0x00004042        0xc c:/winavr-20081205/bin/../lib/gcc/avr/4.3.2/../../../../avr/lib/avr5\libm.a(fp_inf.o)
                0x00004042                __fp_inf
 .text.fplib    0x0000404e        0x6 c:/winavr-20081205/bin/../lib/gcc/avr/4.3.2/../../../../avr/lib/avr5\libm.a(fp_nan.o)
                0x0000404e                __fp_nan
 .text.fplib    0x00004054       0x4a c:/winavr-20081205/bin/../lib/gcc/avr/4.3.2/../../../../avr/lib/avr5\libm.a(fp_powser.o)
                0x00004054                __fp_powser
 .text.fplib    0x0000409e        0xe c:/winavr-20081205/bin/../lib/gcc/avr/4.3.2/../../../../avr/lib/avr5\libm.a(fp_pscA.o)
                0x0000409e                __fp_pscA
 .text.fplib    0x000040ac        0xe c:/winavr-20081205/bin/../lib/gcc/avr/4.3.2/../../../../avr/lib/avr5\libm.a(fp_pscB.o)
                0x000040ac                __fp_pscB
 .text.fplib    0x000040ba       0x62 c:/winavr-20081205/bin/../lib/gcc/avr/4.3.2/../../../../avr/lib/avr5\libm.a(fp_rempio2.o)
                0x000040bc                __fp_rempio2
 .text.fplib    0x0000411c       0x22 c:/winavr-20081205/bin/../lib/gcc/avr/4.3.2/../../../../avr/lib/avr5\libm.a(fp_round.o)
                0x0000411c                __fp_round
 .text.fplib    0x0000413e       0x22 c:/winavr-20081205/bin/../lib/gcc/avr/4.3.2/../../../../avr/lib/avr5\libm.a(fp_sinus.o)
                0x0000413e                __fp_sinus
 .text.fplib    0x00004160       0x44 c:/winavr-20081205/bin/../lib/gcc/avr/4.3.2/../../../../avr/lib/avr5\libm.a(fp_split3.o)
                0x00004160                __fp_split3
                0x00004170                __fp_splitA
 .text.fplib    0x000041a4        0xe c:/winavr-20081205/bin/../lib/gcc/avr/4.3.2/../../../../avr/lib/avr5\libm.a(fp_zero.o)
                0x000041a4                __fp_zero
                0x000041a6                __fp_szero
 .text.fplib    0x000041b2        0x8 c:/winavr-20081205/bin/../lib/gcc/avr/4.3.2/../../../../avr/lib/avr5\libm.a(gesf2.o)
                0x000041b2                __gtsf2
                0x000041b2                __gesf2
 .text.fplib    0x000041ba        0xe c:/winavr-20081205/bin/../lib/gcc/avr/4.3.2/../../../../avr/lib/avr5\libm.a(inverse.o)
                0x000041ba                inverse
 .text.fplib    0x000041c8       0x8a c:/winavr-20081205/bin/../lib/gcc/avr/4.3.2/../../../../avr/lib/avr5\libm.a(log.o)
                0x000041d2                log
 .text.fplib    0x00004252        0x4 c:/winavr-20081205/bin/../lib/gcc/avr/4.3.2/../../../../avr/lib/avr5\libm.a(mulsf3.o)
                0x00004252                __mulsf3
 .text.fplib    0x00004256       0xc2 c:/winavr-20081205/bin/../lib/gcc/avr/4.3.2/../../../../avr/lib/avr5\libm.a(mulsf3x.o)
                0x0000426e                __mulsf3_pse
                0x0000426a                __mulsf3x
 .text.fplib    0x00004318       0x98 c:/winavr-20081205/bin/../lib/gcc/avr/4.3.2/../../../../avr/lib/avr5\libm.a(pow.o)
                0x00004318                pow
 .text.fplib    0x000043b0        0xc c:/winavr-20081205/bin/../lib/gcc/avr/4.3.2/../../../../avr/lib/avr5\libm.a(sin.o)
                0x000043b0                sin
 .text.fplib    0x000043bc       0x9c c:/winavr-20081205/bin/../lib/gcc/avr/4.3.2/../../../../avr/lib/avr5\libm.a(sqrt.o)
                0x000043c4                sqrt
 .text.fplib    0x00004458        0x6 c:/winavr-20081205/bin/../lib/gcc/avr/4.3.2/../../../../avr/lib/avr5\libm.a(square.o)
                0x00004458                square
 .text.fplib    0x0000445e       0x62 c:/winavr-20081205/bin/../lib/gcc/avr/4.3.2/../../../../avr/lib/avr5\libm.a(exp.o)
                0x00004468                exp
 .text.fplib    0x000044c0       0x20 c:/winavr-20081205/bin/../lib/gcc/avr/4.3.2/../../../../avr/lib/avr5\libm.a(fp_mpack.o)
                0x000044c0                __fp_mpack
 .text.fplib    0x000044e0        0xe c:/winavr-20081205/bin/../lib/gcc/avr/4.3.2/../../../../avr/lib/avr5\libm.a(fp_norm2.o)
                0x000044e0                __fp_norm2
 .text.fplib    0x000044ee       0x22 c:/winavr-20081205/bin/../lib/gcc/avr/4.3.2/../../../../avr/lib/avr5\libm.a(fp_powsodd.o)
                0x000044ee                __fp_powsodd
 .text.fplib    0x00004510       0x6c c:/winavr-20081205/bin/../lib/gcc/avr/4.3.2/../../../../avr/lib/avr5\libm.a(ldexp.o)
                0x00004514                ldexp
 .text.fplib    0x0000457c       0x66 c:/winavr-20081205/bin/../lib/gcc/avr/4.3.2/../../../../avr/lib/avr5\libm.a(modf.o)
                0x0000457c                modf
 .text.libgcc   0x000045e2       0x28 c:/winavr-20081205/bin/../lib/gcc/avr/4.3.2/avr5\libgcc.a(_udivmodhi4.o)
                0x000045e2                __udivmodhi4
 .text.libgcc   0x0000460a       0x26 c:/winavr-20081205/bin/../lib/gcc/avr/4.3.2/avr5\libgcc.a(_divmodhi4.o)
                0x0000460a                __divmodhi4
                0x0000460a                _div
 .text.libgcc   0x00004630       0x44 c:/winavr-20081205/bin/../lib/gcc/avr/4.3.2/avr5\libgcc.a(_udivmodsi4.o)
                0x00004630                __udivmodsi4
 .text.libgcc   0x00004674       0x36 c:/winavr-20081205/bin/../lib/gcc/avr/4.3.2/avr5\libgcc.a(_divmodsi4.o)
                0x00004674                __divmodsi4
 .text.libgcc   0x000046aa        0x0 c:/winavr-20081205/bin/../lib/gcc/avr/4.3.2/avr5\libgcc.a(_exit.o)
 .text.libgcc   0x000046aa        0x0 c:/winavr-20081205/bin/../lib/gcc/avr/4.3.2/avr5\libgcc.a(_copy_data.o)
 .text.libgcc   0x000046aa        0x0 c:/winavr-20081205/bin/../lib/gcc/avr/4.3.2/avr5\libgcc.a(_clear_bss.o)
                0x000046aa                . = ALIGN (0x2)
 *(.fini9)
 .fini9         0x000046aa        0x0 c:/winavr-20081205/bin/../lib/gcc/avr/4.3.2/avr5\libgcc.a(_exit.o)
                0x000046aa                _exit
 *(.fini9)
 *(.fini8)
 *(.fini8)
 *(.fini7)
 *(.fini7)
 *(.fini6)
 *(.fini6)
 *(.fini5)
 *(.fini5)
 *(.fini4)
 *(.fini4)
 *(.fini3)
 *(.fini3)
 *(.fini2)
 *(.fini2)
 *(.fini1)
 *(.fini1)
 *(.fini0)
 .fini0         0x000046aa        0x4 c:/winavr-20081205/bin/../lib/gcc/avr/4.3.2/avr5\libgcc.a(_exit.o)
 *(.fini0)
                0x000046ae                _etext = .

.data           0x00800200       0xd2 load address 0x000046ae
                0x00800200                PROVIDE (__data_start, .)
 *(.data)
 .data          0x00800200        0x0 c:/winavr-20081205/bin/../lib/gcc/avr/4.3.2/../../../../avr/lib/avr5/crtm640.o
 .data          0x00800200       0xd2 lbRTOS.o
                0x00800240                angtable
 .data          0x008002d2        0x0 timer640.o
 .data          0x008002d2        0x0 uart4.o
 .data          0x008002d2        0x0 a2d.o
 .data          0x008002d2        0x0 rprintf.o
 .data          0x008002d2        0x0 i2c.o
 .data          0x008002d2        0x0 lds.o
 .data          0x008002d2        0x0 buffer.o
 .data          0x008002d2        0x0 c:/winavr-20081205/bin/../lib/gcc/avr/4.3.2/../../../../avr/lib/avr5\libm.a(addsf3.o)
 .data          0x008002d2        0x0 c:/winavr-20081205/bin/../lib/gcc/avr/4.3.2/../../../../avr/lib/avr5\libm.a(addsf3x.o)
 .data          0x008002d2        0x0 c:/winavr-20081205/bin/../lib/gcc/avr/4.3.2/../../../../avr/lib/avr5\libm.a(atan2.o)
 .data          0x008002d2        0x0 c:/winavr-20081205/bin/../lib/gcc/avr/4.3.2/../../../../avr/lib/avr5\libm.a(atan.o)
 .data          0x008002d2        0x0 c:/winavr-20081205/bin/../lib/gcc/avr/4.3.2/../../../../avr/lib/avr5\libm.a(cmpsf2.o)
 .data          0x008002d2        0x0 c:/winavr-20081205/bin/../lib/gcc/avr/4.3.2/../../../../avr/lib/avr5\libm.a(cos.o)
 .data          0x008002d2        0x0 c:/winavr-20081205/bin/../lib/gcc/avr/4.3.2/../../../../avr/lib/avr5\libm.a(divsf3.o)
 .data          0x008002d2        0x0 c:/winavr-20081205/bin/../lib/gcc/avr/4.3.2/../../../../avr/lib/avr5\libm.a(divsf3x.o)
 .data          0x008002d2        0x0 c:/winavr-20081205/bin/../lib/gcc/avr/4.3.2/../../../../avr/lib/avr5\libm.a(fixunssfsi.o)
 .data          0x008002d2        0x0 c:/winavr-20081205/bin/../lib/gcc/avr/4.3.2/../../../../avr/lib/avr5\libm.a(floatsisf.o)
 .data          0x008002d2        0x0 c:/winavr-20081205/bin/../lib/gcc/avr/4.3.2/../../../../avr/lib/avr5\libm.a(fp_cmp.o)
 .data          0x008002d2        0x0 c:/winavr-20081205/bin/../lib/gcc/avr/4.3.2/../../../../avr/lib/avr5\libm.a(fp_inf.o)
 .data          0x008002d2        0x0 c:/winavr-20081205/bin/../lib/gcc/avr/4.3.2/../../../../avr/lib/avr5\libm.a(fp_nan.o)
 .data          0x008002d2        0x0 c:/winavr-20081205/bin/../lib/gcc/avr/4.3.2/../../../../avr/lib/avr5\libm.a(fp_powser.o)
 .data          0x008002d2        0x0 c:/winavr-20081205/bin/../lib/gcc/avr/4.3.2/../../../../avr/lib/avr5\libm.a(fp_pscA.o)
 .data          0x008002d2        0x0 c:/winavr-20081205/bin/../lib/gcc/avr/4.3.2/../../../../avr/lib/avr5\libm.a(fp_pscB.o)
 .data          0x008002d2        0x0 c:/winavr-20081205/bin/../lib/gcc/avr/4.3.2/../../../../avr/lib/avr5\libm.a(fp_rempio2.o)
 .data          0x008002d2        0x0 c:/winavr-20081205/bin/../lib/gcc/avr/4.3.2/../../../../avr/lib/avr5\libm.a(fp_round.o)
 .data          0x008002d2        0x0 c:/winavr-20081205/bin/../lib/gcc/avr/4.3.2/../../../../avr/lib/avr5\libm.a(fp_sinus.o)
 .data          0x008002d2        0x0 c:/winavr-20081205/bin/../lib/gcc/avr/4.3.2/../../../../avr/lib/avr5\libm.a(fp_split3.o)
 .data          0x008002d2        0x0 c:/winavr-20081205/bin/../lib/gcc/avr/4.3.2/../../../../avr/lib/avr5\libm.a(fp_zero.o)
 .data          0x008002d2        0x0 c:/winavr-20081205/bin/../lib/gcc/avr/4.3.2/../../../../avr/lib/avr5\libm.a(gesf2.o)
 .data          0x008002d2        0x0 c:/winavr-20081205/bin/../lib/gcc/avr/4.3.2/../../../../avr/lib/avr5\libm.a(inverse.o)
 .data          0x008002d2        0x0 c:/winavr-20081205/bin/../lib/gcc/avr/4.3.2/../../../../avr/lib/avr5\libm.a(log.o)
 .data          0x008002d2        0x0 c:/winavr-20081205/bin/../lib/gcc/avr/4.3.2/../../../../avr/lib/avr5\libm.a(mulsf3.o)
 .data          0x008002d2        0x0 c:/winavr-20081205/bin/../lib/gcc/avr/4.3.2/../../../../avr/lib/avr5\libm.a(mulsf3x.o)
 .data          0x008002d2        0x0 c:/winavr-20081205/bin/../lib/gcc/avr/4.3.2/../../../../avr/lib/avr5\libm.a(pow.o)
 .data          0x008002d2        0x0 c:/winavr-20081205/bin/../lib/gcc/avr/4.3.2/../../../../avr/lib/avr5\libm.a(sin.o)
 .data          0x008002d2        0x0 c:/winavr-20081205/bin/../lib/gcc/avr/4.3.2/../../../../avr/lib/avr5\libm.a(sqrt.o)
 .data          0x008002d2        0x0 c:/winavr-20081205/bin/../lib/gcc/avr/4.3.2/../../../../avr/lib/avr5\libm.a(square.o)
 .data          0x008002d2        0x0 c:/winavr-20081205/bin/../lib/gcc/avr/4.3.2/../../../../avr/lib/avr5\libm.a(exp.o)
 .data          0x008002d2        0x0 c:/winavr-20081205/bin/../lib/gcc/avr/4.3.2/../../../../avr/lib/avr5\libm.a(fp_mpack.o)
 .data          0x008002d2        0x0 c:/winavr-20081205/bin/../lib/gcc/avr/4.3.2/../../../../avr/lib/avr5\libm.a(fp_norm2.o)
 .data          0x008002d2        0x0 c:/winavr-20081205/bin/../lib/gcc/avr/4.3.2/../../../../avr/lib/avr5\libm.a(fp_powsodd.o)
 .data          0x008002d2        0x0 c:/winavr-20081205/bin/../lib/gcc/avr/4.3.2/../../../../avr/lib/avr5\libm.a(ldexp.o)
 .data          0x008002d2        0x0 c:/winavr-20081205/bin/../lib/gcc/avr/4.3.2/../../../../avr/lib/avr5\libm.a(modf.o)
 .data          0x008002d2        0x0 c:/winavr-20081205/bin/../lib/gcc/avr/4.3.2/../../../../avr/lib/avr5\libc.a(exit.o)
 .data          0x008002d2        0x0 c:/winavr-20081205/bin/../lib/gcc/avr/4.3.2/avr5\libgcc.a(_udivmodhi4.o)
 .data          0x008002d2        0x0 c:/winavr-20081205/bin/../lib/gcc/avr/4.3.2/avr5\libgcc.a(_divmodhi4.o)
 .data          0x008002d2        0x0 c:/winavr-20081205/bin/../lib/gcc/avr/4.3.2/avr5\libgcc.a(_udivmodsi4.o)
 .data          0x008002d2        0x0 c:/winavr-20081205/bin/../lib/gcc/avr/4.3.2/avr5\libgcc.a(_divmodsi4.o)
 .data          0x008002d2        0x0 c:/winavr-20081205/bin/../lib/gcc/avr/4.3.2/avr5\libgcc.a(_exit.o)
 .data          0x008002d2        0x0 c:/winavr-20081205/bin/../lib/gcc/avr/4.3.2/avr5\libgcc.a(_copy_data.o)
 .data          0x008002d2        0x0 c:/winavr-20081205/bin/../lib/gcc/avr/4.3.2/avr5\libgcc.a(_clear_bss.o)
 *(.data*)
 *(.rodata)
 *(.rodata*)
 *(.gnu.linkonce.d*)
                0x008002d2                . = ALIGN (0x2)
                0x008002d2                _edata = .
                0x008002d2                PROVIDE (__data_end, .)

.bss            0x008002d2      0x46f
                0x008002d2                PROVIDE (__bss_start, .)
 *(.bss)
 .bss           0x008002d2        0x0 c:/winavr-20081205/bin/../lib/gcc/avr/4.3.2/../../../../avr/lib/avr5/crtm640.o
 .bss           0x008002d2       0x2a lbRTOS.o
                0x008002f4                _omegasolution
                0x008002f0                _wieghtedsum
                0x008002dc                _currY
                0x008002e8                _velocitysum
                0x008002d8                _currX
                0x008002e4                _lastY
                0x008002d4                _veloccount
                0x008002f8                _velocsolution
                0x008002d2                _framecount
                0x008002e0                _lastX
                0x008002d6                _scopecount
                0x008002ec                _potentialsum
 .bss           0x008002fc       0x34 timer640.o
 .bss           0x00800330      0x248 uart4.o
 .bss           0x00800578        0x0 a2d.o
 .bss           0x00800578        0x2 rprintf.o
 .bss           0x0080057a       0x4a i2c.o
 .bss           0x008005c4        0x4 lds.o
                0x008005c4                lds_buffer_write_ndx
                0x008005c6                lds_buffer_read_ndx
 .bss           0x008005c8        0x0 buffer.o
 .bss           0x008005c8        0x0 c:/winavr-20081205/bin/../lib/gcc/avr/4.3.2/../../../../avr/lib/avr5\libm.a(addsf3.o)
 .bss           0x008005c8        0x0 c:/winavr-20081205/bin/../lib/gcc/avr/4.3.2/../../../../avr/lib/avr5\libm.a(addsf3x.o)
 .bss           0x008005c8        0x0 c:/winavr-20081205/bin/../lib/gcc/avr/4.3.2/../../../../avr/lib/avr5\libm.a(atan2.o)
 .bss           0x008005c8        0x0 c:/winavr-20081205/bin/../lib/gcc/avr/4.3.2/../../../../avr/lib/avr5\libm.a(atan.o)
 .bss           0x008005c8        0x0 c:/winavr-20081205/bin/../lib/gcc/avr/4.3.2/../../../../avr/lib/avr5\libm.a(cmpsf2.o)
 .bss           0x008005c8        0x0 c:/winavr-20081205/bin/../lib/gcc/avr/4.3.2/../../../../avr/lib/avr5\libm.a(cos.o)
 .bss           0x008005c8        0x0 c:/winavr-20081205/bin/../lib/gcc/avr/4.3.2/../../../../avr/lib/avr5\libm.a(divsf3.o)
 .bss           0x008005c8        0x0 c:/winavr-20081205/bin/../lib/gcc/avr/4.3.2/../../../../avr/lib/avr5\libm.a(divsf3x.o)
 .bss           0x008005c8        0x0 c:/winavr-20081205/bin/../lib/gcc/avr/4.3.2/../../../../avr/lib/avr5\libm.a(fixunssfsi.o)
 .bss           0x008005c8        0x0 c:/winavr-20081205/bin/../lib/gcc/avr/4.3.2/../../../../avr/lib/avr5\libm.a(floatsisf.o)
 .bss           0x008005c8        0x0 c:/winavr-20081205/bin/../lib/gcc/avr/4.3.2/../../../../avr/lib/avr5\libm.a(fp_cmp.o)
 .bss           0x008005c8        0x0 c:/winavr-20081205/bin/../lib/gcc/avr/4.3.2/../../../../avr/lib/avr5\libm.a(fp_inf.o)
 .bss           0x008005c8        0x0 c:/winavr-20081205/bin/../lib/gcc/avr/4.3.2/../../../../avr/lib/avr5\libm.a(fp_nan.o)
 .bss           0x008005c8        0x0 c:/winavr-20081205/bin/../lib/gcc/avr/4.3.2/../../../../avr/lib/avr5\libm.a(fp_powser.o)
 .bss           0x008005c8        0x0 c:/winavr-20081205/bin/../lib/gcc/avr/4.3.2/../../../../avr/lib/avr5\libm.a(fp_pscA.o)
 .bss           0x008005c8        0x0 c:/winavr-20081205/bin/../lib/gcc/avr/4.3.2/../../../../avr/lib/avr5\libm.a(fp_pscB.o)
 .bss           0x008005c8        0x0 c:/winavr-20081205/bin/../lib/gcc/avr/4.3.2/../../../../avr/lib/avr5\libm.a(fp_rempio2.o)
 .bss           0x008005c8        0x0 c:/winavr-20081205/bin/../lib/gcc/avr/4.3.2/../../../../avr/lib/avr5\libm.a(fp_round.o)
 .bss           0x008005c8        0x0 c:/winavr-20081205/bin/../lib/gcc/avr/4.3.2/../../../../avr/lib/avr5\libm.a(fp_sinus.o)
 .bss           0x008005c8        0x0 c:/winavr-20081205/bin/../lib/gcc/avr/4.3.2/../../../../avr/lib/avr5\libm.a(fp_split3.o)
 .bss           0x008005c8        0x0 c:/winavr-20081205/bin/../lib/gcc/avr/4.3.2/../../../../avr/lib/avr5\libm.a(fp_zero.o)
 .bss           0x008005c8        0x0 c:/winavr-20081205/bin/../lib/gcc/avr/4.3.2/../../../../avr/lib/avr5\libm.a(gesf2.o)
 .bss           0x008005c8        0x0 c:/winavr-20081205/bin/../lib/gcc/avr/4.3.2/../../../../avr/lib/avr5\libm.a(inverse.o)
 .bss           0x008005c8        0x0 c:/winavr-20081205/bin/../lib/gcc/avr/4.3.2/../../../../avr/lib/avr5\libm.a(log.o)
 .bss           0x008005c8        0x0 c:/winavr-20081205/bin/../lib/gcc/avr/4.3.2/../../../../avr/lib/avr5\libm.a(mulsf3.o)
 .bss           0x008005c8        0x0 c:/winavr-20081205/bin/../lib/gcc/avr/4.3.2/../../../../avr/lib/avr5\libm.a(mulsf3x.o)
 .bss           0x008005c8        0x0 c:/winavr-20081205/bin/../lib/gcc/avr/4.3.2/../../../../avr/lib/avr5\libm.a(pow.o)
 .bss           0x008005c8        0x0 c:/winavr-20081205/bin/../lib/gcc/avr/4.3.2/../../../../avr/lib/avr5\libm.a(sin.o)
 .bss           0x008005c8        0x0 c:/winavr-20081205/bin/../lib/gcc/avr/4.3.2/../../../../avr/lib/avr5\libm.a(sqrt.o)
 .bss           0x008005c8        0x0 c:/winavr-20081205/bin/../lib/gcc/avr/4.3.2/../../../../avr/lib/avr5\libm.a(square.o)
 .bss           0x008005c8        0x0 c:/winavr-20081205/bin/../lib/gcc/avr/4.3.2/../../../../avr/lib/avr5\libm.a(exp.o)
 .bss           0x008005c8        0x0 c:/winavr-20081205/bin/../lib/gcc/avr/4.3.2/../../../../avr/lib/avr5\libm.a(fp_mpack.o)
 .bss           0x008005c8        0x0 c:/winavr-20081205/bin/../lib/gcc/avr/4.3.2/../../../../avr/lib/avr5\libm.a(fp_norm2.o)
 .bss           0x008005c8        0x0 c:/winavr-20081205/bin/../lib/gcc/avr/4.3.2/../../../../avr/lib/avr5\libm.a(fp_powsodd.o)
 .bss           0x008005c8        0x0 c:/winavr-20081205/bin/../lib/gcc/avr/4.3.2/../../../../avr/lib/avr5\libm.a(ldexp.o)
 .bss           0x008005c8        0x0 c:/winavr-20081205/bin/../lib/gcc/avr/4.3.2/../../../../avr/lib/avr5\libm.a(modf.o)
 .bss           0x008005c8        0x0 c:/winavr-20081205/bin/../lib/gcc/avr/4.3.2/../../../../avr/lib/avr5\libc.a(exit.o)
 .bss           0x008005c8        0x0 c:/winavr-20081205/bin/../lib/gcc/avr/4.3.2/avr5\libgcc.a(_udivmodhi4.o)
 .bss           0x008005c8        0x0 c:/winavr-20081205/bin/../lib/gcc/avr/4.3.2/avr5\libgcc.a(_divmodhi4.o)
 .bss           0x008005c8        0x0 c:/winavr-20081205/bin/../lib/gcc/avr/4.3.2/avr5\libgcc.a(_udivmodsi4.o)
 .bss           0x008005c8        0x0 c:/winavr-20081205/bin/../lib/gcc/avr/4.3.2/avr5\libgcc.a(_divmodsi4.o)
 .bss           0x008005c8        0x0 c:/winavr-20081205/bin/../lib/gcc/avr/4.3.2/avr5\libgcc.a(_exit.o)
 .bss           0x008005c8        0x0 c:/winavr-20081205/bin/../lib/gcc/avr/4.3.2/avr5\libgcc.a(_copy_data.o)
 .bss           0x008005c8        0x0 c:/winavr-20081205/bin/../lib/gcc/avr/4.3.2/avr5\libgcc.a(_clear_bss.o)
 *(.bss*)
 *(COMMON)
 COMMON         0x008005c8        0xc lbRTOS.o
                0x008005c8                robot
 COMMON         0x008005d4       0x1c timer640.o
                0x008005d4                timer4_ovrflow_cnt
                0x008005d8                timer1_ovrflow_cnt
                0x008005dc                timer0_ovrflow_cnt
                0x008005e0                timer2_ovrflow_cnt
                0x008005e4                timer_sleep_cnt
                0x008005e8                timer3_ovrflow_cnt
                0x008005ec                timer5_ovrflow_cnt
 COMMON         0x008005f0       0x50 uart4.o
                0x008005f0                uartReadyTx
                0x008005f4                uartRxBuffer
                0x00800614                uartBufferedTx
                0x00800618                uartTxBuffer
                0x00800638                uartRxOverflow
 COMMON         0x00800640        0x1 a2d.o
                0x00800640                a2dCompleteFlag
 COMMON         0x00800641      0x100 lds.o
                0x00800641                lds_buffer
                0x00800741                PROVIDE (__bss_end, .)
                0x000046ae                __data_load_start = LOADADDR (.data)
                0x00004780                __data_load_end = (__data_load_start + SIZEOF (.data))

.noinit         0x00800741        0x0
                0x00800741                PROVIDE (__noinit_start, .)
 *(.noinit*)
                0x00800741                PROVIDE (__noinit_end, .)
                0x00800741                _end = .
                0x00800741                PROVIDE (__heap_start, .)

.eeprom         0x00810000        0x0
 *(.eeprom*)
                0x00810000                __eeprom_end = .

.fuse
 *(.fuse)
 *(.lfuse)
 *(.hfuse)
 *(.efuse)

.lock
 *(.lock*)

.signature
 *(.signature*)

.stab
 *(.stab)

.stabstr
 *(.stabstr)

.stab.excl
 *(.stab.excl)

.stab.exclstr
 *(.stab.exclstr)

.stab.index
 *(.stab.index)

.stab.indexstr
 *(.stab.indexstr)

.comment
 *(.comment)

.debug
 *(.debug)

.line
 *(.line)

.debug_srcinfo
 *(.debug_srcinfo)

.debug_sfnames
 *(.debug_sfnames)

.debug_aranges  0x00000000      0x100
 *(.debug_aranges)
 .debug_aranges
                0x00000000       0x20 lbRTOS.o
 .debug_aranges
                0x00000020       0x20 timer640.o
 .debug_aranges
                0x00000040       0x20 uart4.o
 .debug_aranges
                0x00000060       0x20 a2d.o
 .debug_aranges
                0x00000080       0x20 rprintf.o
 .debug_aranges
                0x000000a0       0x20 i2c.o
 .debug_aranges
                0x000000c0       0x20 lds.o
 .debug_aranges
                0x000000e0       0x20 buffer.o

.debug_pubnames
                0x00000000     0x12df
 *(.debug_pubnames)
 .debug_pubnames
                0x00000000      0x518 lbRTOS.o
 .debug_pubnames
                0x00000518      0x588 timer640.o
 .debug_pubnames
                0x00000aa0      0x386 uart4.o
 .debug_pubnames
                0x00000e26       0xd4 a2d.o
 .debug_pubnames
                0x00000efa       0xe5 rprintf.o
 .debug_pubnames
                0x00000fdf      0x17c i2c.o
 .debug_pubnames
                0x0000115b       0xe8 lds.o
 .debug_pubnames
                0x00001243       0x9c buffer.o

.debug_info     0x00000000     0x37c7
 *(.debug_info)
 .debug_info    0x00000000      0xc77 lbRTOS.o
 .debug_info    0x00000c77      0xbe7 timer640.o
 .debug_info    0x0000185e      0x933 uart4.o
 .debug_info    0x00002191      0x21b a2d.o
 .debug_info    0x000023ac      0x580 rprintf.o
 .debug_info    0x0000292c      0x68c i2c.o
 .debug_info    0x00002fb8      0x544 lds.o
 .debug_info    0x000034fc      0x2cb buffer.o
 *(.gnu.linkonce.wi.*)

.debug_abbrev   0x00000000      0xeb1
 *(.debug_abbrev)
 .debug_abbrev  0x00000000      0x289 lbRTOS.o
 .debug_abbrev  0x00000289      0x248 timer640.o
 .debug_abbrev  0x000004d1      0x1e0 uart4.o
 .debug_abbrev  0x000006b1      0x12f a2d.o
 .debug_abbrev  0x000007e0      0x1c9 rprintf.o
 .debug_abbrev  0x000009a9      0x23f i2c.o
 .debug_abbrev  0x00000be8      0x1dd lds.o
 .debug_abbrev  0x00000dc5       0xec buffer.o

.debug_line     0x00000000     0x2ce9
 *(.debug_line)
 .debug_line    0x00000000      0xd6a lbRTOS.o
 .debug_line    0x00000d6a      0x7a1 timer640.o
 .debug_line    0x0000150b      0x75f uart4.o
 .debug_line    0x00001c6a      0x1dc a2d.o
 .debug_line    0x00001e46      0x43d rprintf.o
 .debug_line    0x00002283      0x527 i2c.o
 .debug_line    0x000027aa      0x357 lds.o
 .debug_line    0x00002b01      0x1e8 buffer.o

.debug_frame    0x00000000      0xe00
 *(.debug_frame)
 .debug_frame   0x00000000      0x370 lbRTOS.o
 .debug_frame   0x00000370      0x400 timer640.o
 .debug_frame   0x00000770      0x2b0 uart4.o
 .debug_frame   0x00000a20       0xb0 a2d.o
 .debug_frame   0x00000ad0       0xe0 rprintf.o
 .debug_frame   0x00000bb0      0x130 i2c.o
 .debug_frame   0x00000ce0       0xa0 lds.o
 .debug_frame   0x00000d80       0x80 buffer.o

.debug_str      0x00000000     0x171c
 *(.debug_str)
 .debug_str     0x00000000      0x5ab lbRTOS.o
                                0x5fa (size before relaxing)
 .debug_str     0x000005ab      0x74f timer640.o
                                0x834 (size before relaxing)
 .debug_str     0x00000cfa      0x3ac uart4.o
                                0x479 (size before relaxing)
 .debug_str     0x000010a6       0xac a2d.o
                                0x165 (size before relaxing)
 .debug_str     0x00001152      0x177 rprintf.o
                                0x273 (size before relaxing)
 .debug_str     0x000012c9      0x288 i2c.o
                                0x34d (size before relaxing)
 .debug_str     0x00001551      0x134 lds.o
                                0x21c (size before relaxing)
 .debug_str     0x00001685       0x97 buffer.o
                                0x1a1 (size before relaxing)

.debug_loc      0x00000000     0x1a5a
 *(.debug_loc)
 .debug_loc     0x00000000      0x595 lbRTOS.o
 .debug_loc     0x00000595      0x1e6 timer640.o
 .debug_loc     0x0000077b      0x502 uart4.o
 .debug_loc     0x00000c7d       0x6d a2d.o
 .debug_loc     0x00000cea      0x7c0 rprintf.o
 .debug_loc     0x000014aa      0x232 i2c.o
 .debug_loc     0x000016dc      0x1dc lds.o
 .debug_loc     0x000018b8      0x1a2 buffer.o

.debug_macinfo
 *(.debug_macinfo)
OUTPUT(lbRTOS.elf elf32-avr)
LOAD linker stubs

.debug_ranges   0x00000000       0x30
 .debug_ranges  0x00000000       0x30 lds.o
