Archive member included because of file (symbol)

c:/winavr-20081205/bin/../lib/gcc/avr/4.3.2/../../../../avr/lib/avr5\libm.a(addsf3.o)
                              rprintf.o (__subsf3)
c:/winavr-20081205/bin/../lib/gcc/avr/4.3.2/../../../../avr/lib/avr5\libm.a(addsf3x.o)
                              c:/winavr-20081205/bin/../lib/gcc/avr/4.3.2/../../../../avr/lib/avr5\libm.a(addsf3.o) (__addsf3x)
c:/winavr-20081205/bin/../lib/gcc/avr/4.3.2/../../../../avr/lib/avr5\libm.a(cmpsf2.o)
                              rprintf.o (__eqsf2)
c:/winavr-20081205/bin/../lib/gcc/avr/4.3.2/../../../../avr/lib/avr5\libm.a(divsf3.o)
                              rprintf.o (__divsf3)
c:/winavr-20081205/bin/../lib/gcc/avr/4.3.2/../../../../avr/lib/avr5\libm.a(divsf3x.o)
                              c:/winavr-20081205/bin/../lib/gcc/avr/4.3.2/../../../../avr/lib/avr5\libm.a(divsf3.o) (__divsf3x)
c:/winavr-20081205/bin/../lib/gcc/avr/4.3.2/../../../../avr/lib/avr5\libm.a(fixunssfsi.o)
                              timer640.o (__fixunssfsi)
c:/winavr-20081205/bin/../lib/gcc/avr/4.3.2/../../../../avr/lib/avr5\libm.a(floatsisf.o)
                              timer640.o (__floatunsisf)
c:/winavr-20081205/bin/../lib/gcc/avr/4.3.2/../../../../avr/lib/avr5\libm.a(fp_cmp.o)
                              c:/winavr-20081205/bin/../lib/gcc/avr/4.3.2/../../../../avr/lib/avr5\libm.a(cmpsf2.o) (__fp_cmp)
c:/winavr-20081205/bin/../lib/gcc/avr/4.3.2/../../../../avr/lib/avr5\libm.a(fp_inf.o)
                              c:/winavr-20081205/bin/../lib/gcc/avr/4.3.2/../../../../avr/lib/avr5\libm.a(addsf3x.o) (__fp_inf)
c:/winavr-20081205/bin/../lib/gcc/avr/4.3.2/../../../../avr/lib/avr5\libm.a(fp_nan.o)
                              c:/winavr-20081205/bin/../lib/gcc/avr/4.3.2/../../../../avr/lib/avr5\libm.a(addsf3x.o) (__fp_nan)
c:/winavr-20081205/bin/../lib/gcc/avr/4.3.2/../../../../avr/lib/avr5\libm.a(fp_pscA.o)
                              c:/winavr-20081205/bin/../lib/gcc/avr/4.3.2/../../../../avr/lib/avr5\libm.a(addsf3x.o) (__fp_pscA)
c:/winavr-20081205/bin/../lib/gcc/avr/4.3.2/../../../../avr/lib/avr5\libm.a(fp_pscB.o)
                              c:/winavr-20081205/bin/../lib/gcc/avr/4.3.2/../../../../avr/lib/avr5\libm.a(addsf3x.o) (__fp_pscB)
c:/winavr-20081205/bin/../lib/gcc/avr/4.3.2/../../../../avr/lib/avr5\libm.a(fp_round.o)
                              c:/winavr-20081205/bin/../lib/gcc/avr/4.3.2/../../../../avr/lib/avr5\libm.a(addsf3.o) (__fp_round)
c:/winavr-20081205/bin/../lib/gcc/avr/4.3.2/../../../../avr/lib/avr5\libm.a(fp_split3.o)
                              c:/winavr-20081205/bin/../lib/gcc/avr/4.3.2/../../../../avr/lib/avr5\libm.a(addsf3x.o) (__fp_split3)
c:/winavr-20081205/bin/../lib/gcc/avr/4.3.2/../../../../avr/lib/avr5\libm.a(fp_zero.o)
                              c:/winavr-20081205/bin/../lib/gcc/avr/4.3.2/../../../../avr/lib/avr5\libm.a(addsf3x.o) (__fp_zero)
c:/winavr-20081205/bin/../lib/gcc/avr/4.3.2/../../../../avr/lib/avr5\libm.a(gesf2.o)
                              timer640.o (__gtsf2)
c:/winavr-20081205/bin/../lib/gcc/avr/4.3.2/../../../../avr/lib/avr5\libm.a(mulsf3.o)
                              timer640.o (__mulsf3)
c:/winavr-20081205/bin/../lib/gcc/avr/4.3.2/../../../../avr/lib/avr5\libm.a(mulsf3x.o)
                              c:/winavr-20081205/bin/../lib/gcc/avr/4.3.2/../../../../avr/lib/avr5\libm.a(mulsf3.o) (__mulsf3x)
c:/winavr-20081205/bin/../lib/gcc/avr/4.3.2/../../../../avr/lib/avr5\libc.a(exit.o)
                              c:/winavr-20081205/bin/../lib/gcc/avr/4.3.2/../../../../avr/lib/avr5/crtm640.o (exit)
c:/winavr-20081205/bin/../lib/gcc/avr/4.3.2/../../../../avr/lib/avr5\libc.a(memcpy.o)
                              queue.o (memcpy)
c:/winavr-20081205/bin/../lib/gcc/avr/4.3.2/../../../../avr/lib/avr5\libc.a(memset.o)
                              tasks.o (memset)
c:/winavr-20081205/bin/../lib/gcc/avr/4.3.2/../../../../avr/lib/avr5\libc.a(strncpy.o)
                              tasks.o (strncpy)
c:/winavr-20081205/bin/../lib/gcc/avr/4.3.2/avr5\libgcc.a(_udivmodhi4.o)
                              buffer.o (__udivmodhi4)
c:/winavr-20081205/bin/../lib/gcc/avr/4.3.2/avr5\libgcc.a(_divmodhi4.o)
                              lbRTOS.o (__divmodhi4)
c:/winavr-20081205/bin/../lib/gcc/avr/4.3.2/avr5\libgcc.a(_udivmodsi4.o)
                              uart4.o (__udivmodsi4)
c:/winavr-20081205/bin/../lib/gcc/avr/4.3.2/avr5\libgcc.a(_divmodsi4.o)
                              lbRTOS.o (__divmodsi4)
c:/winavr-20081205/bin/../lib/gcc/avr/4.3.2/avr5\libgcc.a(_exit.o)
                              c:/winavr-20081205/bin/../lib/gcc/avr/4.3.2/../../../../avr/lib/avr5\libc.a(exit.o) (_exit)
c:/winavr-20081205/bin/../lib/gcc/avr/4.3.2/avr5\libgcc.a(_copy_data.o)
                              lbRTOS.o (__do_copy_data)
c:/winavr-20081205/bin/../lib/gcc/avr/4.3.2/avr5\libgcc.a(_clear_bss.o)
                              lbRTOS.o (__do_clear_bss)

Allocating common symbols
Common symbol       size              file

uartReadyTx         0x4               uart4.o
timer4_ovrflow_cnt  0x4               timer640.o
timer1_ovrflow_cnt  0x4               timer640.o
timer0_ovrflow_cnt  0x4               timer640.o
uartRxBuffer        0x20              uart4.o
timer2_ovrflow_cnt  0x4               timer640.o
timer_sleep_cnt     0x4               timer640.o
uartBufferedTx      0x4               uart4.o
robot               0xc               lbRTOS.o
a2dCompleteFlag     0x1               a2d.o
timer3_ovrflow_cnt  0x4               timer640.o
uartTxBuffer        0x20              uart4.o
timer5_ovrflow_cnt  0x4               timer640.o
uartRxOverflow      0x8               uart4.o
lds_buffer          0x100             lbRTOS.o

Memory Configuration

Name             Origin             Length             Attributes
text             0x00000000         0x00020000         xr
data             0x00800060         0x0000ffa0         rw !x
eeprom           0x00810000         0x00010000         rw !x
fuse             0x00820000         0x00000400         rw !x
lock             0x00830000         0x00000400         rw !x
signature        0x00840000         0x00000400         rw !x
*default*        0x00000000         0xffffffff

Linker script and memory map

Address of section .data set to 0x800200
LOAD c:/winavr-20081205/bin/../lib/gcc/avr/4.3.2/../../../../avr/lib/avr5/crtm640.o
LOAD lbRTOS.o
LOAD list.o
LOAD queue.o
LOAD tasks.o
LOAD port.o
LOAD croutine.o
LOAD heap_1.o
LOAD timer640.o
LOAD uart4.o
LOAD buffer.o
LOAD a2d.o
LOAD rprintf.o
LOAD i2c.o
LOAD c:/winavr-20081205/bin/../lib/gcc/avr/4.3.2/../../../../avr/lib/avr5\libm.a
LOAD c:/winavr-20081205/bin/../lib/gcc/avr/4.3.2/../../../../avr/lib/avr5\libc.a
LOAD c:/winavr-20081205/bin/../lib/gcc/avr/4.3.2/avr5\libgcc.a
LOAD c:/winavr-20081205/bin/../lib/gcc/avr/4.3.2/../../../../avr/lib/avr5\libc.a
LOAD c:/winavr-20081205/bin/../lib/gcc/avr/4.3.2/avr5\libgcc.a

.hash
 *(.hash)

.dynsym
 *(.dynsym)

.dynstr
 *(.dynstr)

.gnu.version
 *(.gnu.version)

.gnu.version_d
 *(.gnu.version_d)

.gnu.version_r
 *(.gnu.version_r)

.rel.init
 *(.rel.init)

.rela.init
 *(.rela.init)

.rel.text
 *(.rel.text)
 *(.rel.text.*)
 *(.rel.gnu.linkonce.t*)

.rela.text
 *(.rela.text)
 *(.rela.text.*)
 *(.rela.gnu.linkonce.t*)

.rel.fini
 *(.rel.fini)

.rela.fini
 *(.rela.fini)

.rel.rodata
 *(.rel.rodata)
 *(.rel.rodata.*)
 *(.rel.gnu.linkonce.r*)

.rela.rodata
 *(.rela.rodata)
 *(.rela.rodata.*)
 *(.rela.gnu.linkonce.r*)

.rel.data
 *(.rel.data)
 *(.rel.data.*)
 *(.rel.gnu.linkonce.d*)

.rela.data
 *(.rela.data)
 *(.rela.data.*)
 *(.rela.gnu.linkonce.d*)

.rel.ctors
 *(.rel.ctors)

.rela.ctors
 *(.rela.ctors)

.rel.dtors
 *(.rel.dtors)

.rela.dtors
 *(.rela.dtors)

.rel.got
 *(.rel.got)

.rela.got
 *(.rela.got)

.rel.bss
 *(.rel.bss)

.rela.bss
 *(.rela.bss)

.rel.plt
 *(.rel.plt)

.rela.plt
 *(.rela.plt)

.text           0x00000000     0x5236
 *(.vectors)
 .vectors       0x00000000       0xe4 c:/winavr-20081205/bin/../lib/gcc/avr/4.3.2/../../../../avr/lib/avr5/crtm640.o
                0x00000000                __vectors
 *(.vectors)
 *(.progmem.gcc*)
 *(.progmem*)
 .progmem.data  0x000000e4       0xaa lbRTOS.o
 .progmem.data  0x0000018e       0x2d timer640.o
                0x0000018e                TimerPrescaleFactor
                0x0000019a                Timer2PrescaleFactor
 .progmem.data  0x000001bb       0x11 rprintf.o
                0x000001cc                . = ALIGN (0x2)
                0x000001cc                __trampolines_start = .
 *(.trampolines)
 .trampolines   0x000001cc        0x0 linker stubs
 *(.trampolines*)
                0x000001cc                __trampolines_end = .
 *(.jumptables)
 *(.jumptables*)
 *(.lowtext)
 *(.lowtext*)
                0x000001cc                __ctors_start = .
 *(.ctors)
                0x000001cc                __ctors_end = .
                0x000001cc                __dtors_start = .
 *(.dtors)
                0x000001cc                __dtors_end = .
 SORT(*)(.ctors)
 SORT(*)(.dtors)
 *(.init0)
 .init0         0x000001cc        0x0 c:/winavr-20081205/bin/../lib/gcc/avr/4.3.2/../../../../avr/lib/avr5/crtm640.o
                0x000001cc                __init
 *(.init0)
 *(.init1)
 *(.init1)
 *(.init2)
 .init2         0x000001cc        0xc c:/winavr-20081205/bin/../lib/gcc/avr/4.3.2/../../../../avr/lib/avr5/crtm640.o
 *(.init2)
 *(.init3)
 *(.init3)
 *(.init4)
 .init4         0x000001d8       0x16 c:/winavr-20081205/bin/../lib/gcc/avr/4.3.2/avr5\libgcc.a(_copy_data.o)
                0x000001d8                __do_copy_data
 .init4         0x000001ee       0x10 c:/winavr-20081205/bin/../lib/gcc/avr/4.3.2/avr5\libgcc.a(_clear_bss.o)
                0x000001ee                __do_clear_bss
 *(.init4)
 *(.init5)
 *(.init5)
 *(.init6)
 *(.init6)
 *(.init7)
 *(.init7)
 *(.init8)
 *(.init8)
 *(.init9)
 .init9         0x000001fe        0x8 c:/winavr-20081205/bin/../lib/gcc/avr/4.3.2/../../../../avr/lib/avr5/crtm640.o
 *(.init9)
 *(.text)
 .text          0x00000206        0x4 c:/winavr-20081205/bin/../lib/gcc/avr/4.3.2/../../../../avr/lib/avr5/crtm640.o
                0x00000206                __vector_28
                0x00000206                __vector_1
                0x00000206                __vector_24
                0x00000206                __vector_12
                0x00000206                __vector_55
                0x00000206                __bad_interrupt
                0x00000206                __vector_6
                0x00000206                __vector_3
                0x00000206                __vector_30
                0x00000206                __vector_11
                0x00000206                __vector_7
                0x00000206                __vector_5
                0x00000206                __vector_52
                0x00000206                __vector_37
                0x00000206                __vector_4
                0x00000206                __vector_9
                0x00000206                __vector_2
                0x00000206                __vector_40
                0x00000206                __vector_8
                0x00000206                __vector_26
                0x00000206                __vector_10
 .text          0x0000020a     0x110a lbRTOS.o
                0x00000628                PWM_timer3_Off_All
                0x00000592                PWM_timer3_Off_E4
                0x0000078a                sin_SoR
                0x00000286                PWM_Init_timer3_E3
                0x00000f32                parse_frame
                0x00000346                PWM_Init_timer4_H3
                0x00000d1c                send_frame
                0x00000afe                LDSRcv
                0x00000526                PWM_timer4_On_H3
                0x0000060a                PWM_timer2_Off_All
                0x000006cc                PWM_timer4_Set_H4
                0x00000710                delay_cycles
                0x00000ba0                num2char
                0x000006ae                PWM_timer3_Set_E4
                0x0000065e                PWM_timer4_Off_All
                0x0000089a                char2hex
                0x00000bb6                conv_FrametoDist
                0x00000716                LED_on
                0x00000694                PWM_timer1_Set_LED
                0x000006a4                PWM_timer3_Set_E3
                0x0000069e                PWM_timer2_Set_H6
                0x0000024a                PWM_Init_timer2_H6
                0x000006d6                PWM_timer4_Set_H5
                0x00000406                timer1PWMInitICR
                0x00000dd4                prvSetupHardware
                0x000004de                PWM_timer2_On_H6
                0x00000880                prvPWMSetup
                0x0000056e                PWM_timer2_Off_H6
                0x0000020a                PWM_Init_timer1_LED
                0x0000048a                timer4PWMInitICR
                0x00000734                cos_SoR
                0x00000712                LED_off
                0x00000538                PWM_timer4_On_H4
                0x000004f0                PWM_timer3_On_E3
                0x00000448                timer3PWMInitICR
                0x000008b2                retConv_s16
                0x000005b6                PWM_timer4_Off_H3
                0x00001194                main
                0x0000071a                button_pressed
                0x00000580                PWM_timer3_Off_E3
                0x000006c2                PWM_timer4_Set_H3
                0x000005c8                PWM_timer4_Off_H4
                0x000002c6                PWM_Init_timer3_E4
                0x000006e0                configure_ports
                0x00000950                retConv_s32
                0x00000bfe                print_frame
                0x000007e8                tan_SoR
                0x00000386                PWM_Init_timer4_H4
                0x000004cc                PWM_timer1_On_LED
                0x0000054a                PWM_timer4_On_H5
                0x00000ef2                read_LDS
                0x00000306                PWM_Init_timer3_E5
                0x000005da                PWM_timer4_Off_H5
                0x00000502                PWM_timer3_On_E4
                0x00000514                PWM_timer3_On_E5
                0x0000055c                PWM_timer1_Off_LED
                0x00000b32                error_checker
                0x000005a4                PWM_timer3_Off_E5
                0x000003c6                PWM_Init_timer4_H5
                0x000005ec                PWM_timer1_Off_All
                0x00001100                grab_frames
                0x000006b8                PWM_timer3_Set_E5
 .text          0x00001314      0x134 list.o
                0x0000133c                vListInsertEnd
                0x000013f8                vListRemove
                0x00001334                vListInitialiseItem
                0x00001314                vListInitialise
                0x0000138e                vListInsert
 .text          0x00001448      0x5ca queue.o
                0x0000159c                xQueueGenericSendFromISR
                0x0000194c                xQueueCreate
                0x00001480                vQueueDelete
                0x00001804                xQueueGenericSend
                0x0000149c                xQueueReceiveFromISR
                0x0000146e                xQueueIsQueueFullFromISR
                0x0000166c                xQueueGenericReceive
                0x00001448                uxQueueMessagesWaiting
                0x00001458                uxQueueMessagesWaitingFromISR
                0x0000145e                xQueueIsQueueEmptyFromISR
 .text          0x00001a12      0x918 tasks.o
                0x00002000                vTaskEndScheduler
                0x00001cce                vTaskPlaceOnEventList
                0x0000208c                xTaskGenericCreate
                0x00001a1e                xTaskGetTickCount
                0x00001b5c                xTaskRemoveFromEventList
                0x00001f66                vTaskDelete
                0x00001ae0                xTaskCheckForTimeOut
                0x00001a12                vTaskSuspendAll
                0x00001a34                xTaskGetTickCountFromISR
                0x00001a46                vTaskSwitchContext
                0x00001a40                uxTaskGetNumberOfTasks
                0x00001be2                vTaskIncrementTick
                0x00001eb8                vTaskDelayUntil
                0x00001d40                xTaskResumeAll
                0x000022d4                vTaskStartScheduler
                0x00001b54                vTaskMissedYield
                0x00001e3c                vTaskDelay
                0x00001aca                vTaskSetTimeOutState
 .text          0x0000232a      0x274 port.o
                0x000023ba                xPortStartScheduler
                0x00002430                vPortYieldFromTick
                0x0000242e                vPortEndScheduler
                0x000024e6                __vector_17
                0x000024ec                vPortYield
                0x0000232a                pxPortInitialiseStack
 .text          0x0000259e      0x394 croutine.o
                0x0000259e                xCoRoutineRemoveFromEventList
                0x0000283e                xCoRoutineCreate
                0x000025f4                vCoRoutineSchedule
                0x000027c4                vCoRoutineAddToDelayedList
 .text          0x00002932       0x6e heap_1.o
                0x0000293e                xPortGetFreeHeapSize
                0x00002932                vPortFree
                0x00002952                pvPortMalloc
                0x00002934                vPortInitialiseBlocks
 .text          0x000029a0      0xdfa timer640.o
                0x000030e4                __vector_22
                0x00002a22                get_timer3_prescaler
                0x00002b34                reset_timer0
                0x00002bc8                init_timer0
                0x000029ea                get_timer1_prescaler
                0x0000335a                __vector_32
                0x00002ab8                get_timer3_overflow
                0x00002ace                get_timer4_overflow
                0x00002b28                get_timer5_counter
                0x0000340e                __vector_34
                0x00002b1c                get_timer4_counter
                0x00002c28                init_timer3
                0x000035d0                __vector_46
                0x00003300                __vector_31
                0x00002cbe                sleep
                0x00002ca6                timer_detach
                0x00002c4c                init_timer4
                0x00002f0a                __vector_35
                0x00002bac                reset_timer5
                0x00002d64                __vector_23
                0x00002f8a                __vector_45
                0x00002a06                get_timer2_prescaler
                0x000029b8                prescaler_hex_to_value_for_timer2
                0x0000324c                __vector_13
                0x00002afa                get_timer0_counter
                0x000031f2                __vector_19
                0x00002b0a                get_timer2_counter
                0x000036de                __vector_49
                0x00003468                __vector_41
                0x000029a0                prescaler_hex_to_value
                0x0000351c                __vector_43
                0x00002a8c                get_timer1_overflow
                0x00003738                __vector_default
                0x000033b4                __vector_33
                0x00002b78                reset_timer3
                0x0000362a                __vector_47
                0x00002a76                get_timer0_overflow
                0x00002bc6                delay_us
                0x00002a3e                get_timer4_prescaler
                0x00002aa2                get_timer2_overflow
                0x00002b92                reset_timer4
                0x00003576                __vector_44
                0x00002c70                init_timer5
                0x0000308a                __vector_21
                0x00002e8a                __vector_15
                0x00002b10                get_timer3_counter
                0x00002cb8                _delay_loop_2
                0x00002be4                init_timer1
                0x00002a5a                get_timer5_prescaler
                0x00003684                __vector_48
                0x00002ae4                get_timer5_overflow
                0x00002b48                reset_timer1
                0x000032a6                __vector_14
                0x00002afe                get_timer1_counter
                0x00002c94                timer_attach
                0x000029d0                get_timer0_prescaler
                0x0000300a                __vector_50
                0x0000313e                __vector_16
                0x00003198                __vector_18
                0x00002b62                reset_timer2
                0x00002e0a                __vector_20
                0x00002c08                init_timer2
                0x000034c2                __vector_42
 .text          0x0000379a      0x874 uart4.o
                0x00003ca8                __vector_38
                0x00003d3c                uartSendTxBuffer
                0x000038e2                uartReceiveService
                0x00003b6e                uart2AddToTxBuffer
                0x0000384a                uartSendByte
                0x00003fa4                uart0InitBuffers
                0x000038ac                uart2SendByte
                0x00003e26                uart1GetByte
                0x00003d6a                uartReceiveByte
                0x00003a82                uartSendBuffer
                0x00003a38                __vector_25
                0x00003e56                uart0GetByte
                0x00003b4c                uartAddToTxBuffer
                0x0000395a                __vector_54
                0x000038b6                uart3SendByte
                0x00003b92                uartTransmitService
                0x0000379a                uartSetRxHandler
                0x00003c14                __vector_56
                0x00003fc6                uart0Init
                0x00003f6e                uart1Init
                0x00003e86                uartFlushReceiveBuffer
                0x00003cf2                __vector_27
                0x00003ffc                uartInit
                0x00003898                uart0SendByte
                0x000038c0                uartReceiveBufferIsEmpty
                0x00003ebe                uart3Init
                0x000037b0                uartSetBaudRate
                0x00003b62                uart3AddToTxBuffer
                0x00003e9c                uart3InitBuffers
                0x000038a2                uart1SendByte
                0x00003834                uartGetTxBuffer
                0x000039a4                __vector_51
                0x0000381e                uartGetRxBuffer
                0x00003f16                uart2Init
                0x000039ee                __vector_36
                0x00003f4c                uart1InitBuffers
                0x00003b86                uart0AddToTxBuffer
                0x00003ef4                uart2InitBuffers
                0x00003df6                uart2GetByte
                0x00003c5e                __vector_53
                0x00003dc6                uart3GetByte
                0x00003b7a                uart1AddToTxBuffer
 .text          0x0000400e      0x160 buffer.o
                0x00004148                bufferIsNotFull
                0x00004028                bufferGetFromFront
                0x000040d2                bufferGetAtIndex
                0x0000408e                bufferDumpFromFront
                0x0000400e                bufferInit
                0x000040fa                bufferAddToEnd
                0x00004160                bufferFlush
 .text          0x0000416e      0x116 a2d.o
                0x000041fe                a2dIsComplete
                0x00004258                a2dConvert8bit
                0x000041a6                a2dOff
                0x000041b8                a2dSetPrescaler
                0x00004206                a2dConvert10bit
                0x0000416e                a2dInit
                0x000041c6                a2dSetReference
                0x00004266                __vector_29
                0x000041dc                a2dSetChannel
                0x000041ec                a2dStartConvert
 .text          0x00004284      0x570 rprintf.o
                0x000046cc                rprintf1RamRom
                0x0000436a                rprintfu08
                0x00004394                rprintfu32
                0x000042b2                rprintfStr
                0x0000453a                rprintfFloat
                0x000042d0                rprintfStrLen
                0x0000432c                rprintfProgStr
                0x00004380                rprintfu16
                0x00004284                rprintfInit
                0x0000428e                rprintfChar
                0x0000434c                rprintfCRLF
                0x00004354                rprintfu04
                0x000043ba                rprintfNum
 .text          0x000047f4      0x506 i2c.o
                0x00004830                i2cInit
                0x0000488e                i2cSendStart
                0x000048aa                i2cWaitForComplete
                0x000048e2                i2cGetReceivedByte
                0x000048ee                i2cMasterSend
                0x00004aa2                __vector_39
                0x0000492e                i2cMasterReceive
                0x00004976                i2cMasterSendNI
                0x0000487a                i2cSetSlaveReceiveHandler
                0x00004cf4                i2cGetState
                0x000048e8                i2cGetStatus
                0x000048b4                i2cSendByte
                0x00004884                i2cSetSlaveTransmitHandler
                0x0000486a                i2cSetLocalDeviceAddr
                0x00004a04                i2cMasterReceiveNI
                0x000048c6                i2cReceiveByte
                0x000047f4                i2cSetBitrate
                0x0000489c                i2cSendStop
 .text          0x00004cfa        0x0 c:/winavr-20081205/bin/../lib/gcc/avr/4.3.2/../../../../avr/lib/avr5\libm.a(addsf3.o)
 .text          0x00004cfa        0x0 c:/winavr-20081205/bin/../lib/gcc/avr/4.3.2/../../../../avr/lib/avr5\libm.a(addsf3x.o)
 .text          0x00004cfa        0x0 c:/winavr-20081205/bin/../lib/gcc/avr/4.3.2/../../../../avr/lib/avr5\libm.a(cmpsf2.o)
 .text          0x00004cfa        0x0 c:/winavr-20081205/bin/../lib/gcc/avr/4.3.2/../../../../avr/lib/avr5\libm.a(divsf3.o)
 .text          0x00004cfa        0x0 c:/winavr-20081205/bin/../lib/gcc/avr/4.3.2/../../../../avr/lib/avr5\libm.a(divsf3x.o)
 .text          0x00004cfa        0x0 c:/winavr-20081205/bin/../lib/gcc/avr/4.3.2/../../../../avr/lib/avr5\libm.a(fixunssfsi.o)
 .text          0x00004cfa        0x0 c:/winavr-20081205/bin/../lib/gcc/avr/4.3.2/../../../../avr/lib/avr5\libm.a(floatsisf.o)
 .text          0x00004cfa        0x0 c:/winavr-20081205/bin/../lib/gcc/avr/4.3.2/../../../../avr/lib/avr5\libm.a(fp_cmp.o)
 .text          0x00004cfa        0x0 c:/winavr-20081205/bin/../lib/gcc/avr/4.3.2/../../../../avr/lib/avr5\libm.a(fp_inf.o)
 .text          0x00004cfa        0x0 c:/winavr-20081205/bin/../lib/gcc/avr/4.3.2/../../../../avr/lib/avr5\libm.a(fp_nan.o)
 .text          0x00004cfa        0x0 c:/winavr-20081205/bin/../lib/gcc/avr/4.3.2/../../../../avr/lib/avr5\libm.a(fp_pscA.o)
 .text          0x00004cfa        0x0 c:/winavr-20081205/bin/../lib/gcc/avr/4.3.2/../../../../avr/lib/avr5\libm.a(fp_pscB.o)
 .text          0x00004cfa        0x0 c:/winavr-20081205/bin/../lib/gcc/avr/4.3.2/../../../../avr/lib/avr5\libm.a(fp_round.o)
 .text          0x00004cfa        0x0 c:/winavr-20081205/bin/../lib/gcc/avr/4.3.2/../../../../avr/lib/avr5\libm.a(fp_split3.o)
 .text          0x00004cfa        0x0 c:/winavr-20081205/bin/../lib/gcc/avr/4.3.2/../../../../avr/lib/avr5\libm.a(fp_zero.o)
 .text          0x00004cfa        0x0 c:/winavr-20081205/bin/../lib/gcc/avr/4.3.2/../../../../avr/lib/avr5\libm.a(gesf2.o)
 .text          0x00004cfa        0x0 c:/winavr-20081205/bin/../lib/gcc/avr/4.3.2/../../../../avr/lib/avr5\libm.a(mulsf3.o)
 .text          0x00004cfa        0x0 c:/winavr-20081205/bin/../lib/gcc/avr/4.3.2/../../../../avr/lib/avr5\libm.a(mulsf3x.o)
 .text          0x00004cfa        0x6 c:/winavr-20081205/bin/../lib/gcc/avr/4.3.2/../../../../avr/lib/avr5\libc.a(exit.o)
                0x00004cfa                exit
 .text          0x00004d00       0x12 c:/winavr-20081205/bin/../lib/gcc/avr/4.3.2/../../../../avr/lib/avr5\libc.a(memcpy.o)
                0x00004d00                memcpy
 .text          0x00004d12        0xe c:/winavr-20081205/bin/../lib/gcc/avr/4.3.2/../../../../avr/lib/avr5\libc.a(memset.o)
                0x00004d12                memset
 .text          0x00004d20       0x1e c:/winavr-20081205/bin/../lib/gcc/avr/4.3.2/../../../../avr/lib/avr5\libc.a(strncpy.o)
                0x00004d20                strncpy
 .text          0x00004d3e        0x0 c:/winavr-20081205/bin/../lib/gcc/avr/4.3.2/avr5\libgcc.a(_udivmodhi4.o)
 .text          0x00004d3e        0x0 c:/winavr-20081205/bin/../lib/gcc/avr/4.3.2/avr5\libgcc.a(_divmodhi4.o)
 .text          0x00004d3e        0x0 c:/winavr-20081205/bin/../lib/gcc/avr/4.3.2/avr5\libgcc.a(_udivmodsi4.o)
 .text          0x00004d3e        0x0 c:/winavr-20081205/bin/../lib/gcc/avr/4.3.2/avr5\libgcc.a(_divmodsi4.o)
 .text          0x00004d3e        0x0 c:/winavr-20081205/bin/../lib/gcc/avr/4.3.2/avr5\libgcc.a(_exit.o)
 .text          0x00004d3e        0x0 c:/winavr-20081205/bin/../lib/gcc/avr/4.3.2/avr5\libgcc.a(_copy_data.o)
 .text          0x00004d3e        0x0 c:/winavr-20081205/bin/../lib/gcc/avr/4.3.2/avr5\libgcc.a(_clear_bss.o)
                0x00004d3e                . = ALIGN (0x2)
 *(.text.*)
 .text.fplib    0x00004d3e        0xa c:/winavr-20081205/bin/../lib/gcc/avr/4.3.2/../../../../avr/lib/avr5\libm.a(addsf3.o)
                0x00004d3e                __subsf3
                0x00004d40                __addsf3
 .text.fplib    0x00004d48       0xc0 c:/winavr-20081205/bin/../lib/gcc/avr/4.3.2/../../../../avr/lib/avr5\libm.a(addsf3x.o)
                0x00004d62                __addsf3x
 .text.fplib    0x00004e08        0x8 c:/winavr-20081205/bin/../lib/gcc/avr/4.3.2/../../../../avr/lib/avr5\libm.a(cmpsf2.o)
                0x00004e08                __lesf2
                0x00004e08                __nesf2
                0x00004e08                __eqsf2
                0x00004e08                __cmpsf2
                0x00004e08                __ltsf2
 .text.fplib    0x00004e10        0x4 c:/winavr-20081205/bin/../lib/gcc/avr/4.3.2/../../../../avr/lib/avr5\libm.a(divsf3.o)
                0x00004e10                __divsf3
 .text.fplib    0x00004e14       0xcc c:/winavr-20081205/bin/../lib/gcc/avr/4.3.2/../../../../avr/lib/avr5\libm.a(divsf3x.o)
                0x00004e2a                __divsf3x
                0x00004e2e                __divsf3_pse
 .text.fplib    0x00004ee0       0x58 c:/winavr-20081205/bin/../lib/gcc/avr/4.3.2/../../../../avr/lib/avr5\libm.a(fixunssfsi.o)
                0x00004ee0                __fixunssfsi
 .text.fplib    0x00004f38       0x7a c:/winavr-20081205/bin/../lib/gcc/avr/4.3.2/../../../../avr/lib/avr5\libm.a(floatsisf.o)
                0x00004f3c                __floatsisf
                0x00004f38                __floatunsisf
 .text.fplib    0x00004fb2       0x48 c:/winavr-20081205/bin/../lib/gcc/avr/4.3.2/../../../../avr/lib/avr5\libm.a(fp_cmp.o)
                0x00004fb2                __fp_cmp
 .text.fplib    0x00004ffa        0xc c:/winavr-20081205/bin/../lib/gcc/avr/4.3.2/../../../../avr/lib/avr5\libm.a(fp_inf.o)
                0x00004ffa                __fp_inf
 .text.fplib    0x00005006        0x6 c:/winavr-20081205/bin/../lib/gcc/avr/4.3.2/../../../../avr/lib/avr5\libm.a(fp_nan.o)
                0x00005006                __fp_nan
 .text.fplib    0x0000500c        0xe c:/winavr-20081205/bin/../lib/gcc/avr/4.3.2/../../../../avr/lib/avr5\libm.a(fp_pscA.o)
                0x0000500c                __fp_pscA
 .text.fplib    0x0000501a        0xe c:/winavr-20081205/bin/../lib/gcc/avr/4.3.2/../../../../avr/lib/avr5\libm.a(fp_pscB.o)
                0x0000501a                __fp_pscB
 .text.fplib    0x00005028       0x22 c:/winavr-20081205/bin/../lib/gcc/avr/4.3.2/../../../../avr/lib/avr5\libm.a(fp_round.o)
                0x00005028                __fp_round
 .text.fplib    0x0000504a       0x44 c:/winavr-20081205/bin/../lib/gcc/avr/4.3.2/../../../../avr/lib/avr5\libm.a(fp_split3.o)
                0x0000504a                __fp_split3
                0x0000505a                __fp_splitA
 .text.fplib    0x0000508e        0xe c:/winavr-20081205/bin/../lib/gcc/avr/4.3.2/../../../../avr/lib/avr5\libm.a(fp_zero.o)
                0x0000508e                __fp_zero
                0x00005090                __fp_szero
 .text.fplib    0x0000509c        0x8 c:/winavr-20081205/bin/../lib/gcc/avr/4.3.2/../../../../avr/lib/avr5\libm.a(gesf2.o)
                0x0000509c                __gtsf2
                0x0000509c                __gesf2
 .text.fplib    0x000050a4        0x4 c:/winavr-20081205/bin/../lib/gcc/avr/4.3.2/../../../../avr/lib/avr5\libm.a(mulsf3.o)
                0x000050a4                __mulsf3
 .text.fplib    0x000050a8       0xc2 c:/winavr-20081205/bin/../lib/gcc/avr/4.3.2/../../../../avr/lib/avr5\libm.a(mulsf3x.o)
                0x000050c0                __mulsf3_pse
                0x000050bc                __mulsf3x
 .text.libgcc   0x0000516a       0x28 c:/winavr-20081205/bin/../lib/gcc/avr/4.3.2/avr5\libgcc.a(_udivmodhi4.o)
                0x0000516a                __udivmodhi4
 .text.libgcc   0x00005192       0x26 c:/winavr-20081205/bin/../lib/gcc/avr/4.3.2/avr5\libgcc.a(_divmodhi4.o)
                0x00005192                __divmodhi4
                0x00005192                _div
 .text.libgcc   0x000051b8       0x44 c:/winavr-20081205/bin/../lib/gcc/avr/4.3.2/avr5\libgcc.a(_udivmodsi4.o)
                0x000051b8                __udivmodsi4
 .text.libgcc   0x000051fc       0x36 c:/winavr-20081205/bin/../lib/gcc/avr/4.3.2/avr5\libgcc.a(_divmodsi4.o)
                0x000051fc                __divmodsi4
 .text.libgcc   0x00005232        0x0 c:/winavr-20081205/bin/../lib/gcc/avr/4.3.2/avr5\libgcc.a(_exit.o)
 .text.libgcc   0x00005232        0x0 c:/winavr-20081205/bin/../lib/gcc/avr/4.3.2/avr5\libgcc.a(_copy_data.o)
 .text.libgcc   0x00005232        0x0 c:/winavr-20081205/bin/../lib/gcc/avr/4.3.2/avr5\libgcc.a(_clear_bss.o)
                0x00005232                . = ALIGN (0x2)
 *(.fini9)
 .fini9         0x00005232        0x0 c:/winavr-20081205/bin/../lib/gcc/avr/4.3.2/avr5\libgcc.a(_exit.o)
                0x00005232                _exit
 *(.fini9)
 *(.fini8)
 *(.fini8)
 *(.fini7)
 *(.fini7)
 *(.fini6)
 *(.fini6)
 *(.fini5)
 *(.fini5)
 *(.fini4)
 *(.fini4)
 *(.fini3)
 *(.fini3)
 *(.fini2)
 *(.fini2)
 *(.fini1)
 *(.fini1)
 *(.fini0)
 .fini0         0x00005232        0x4 c:/winavr-20081205/bin/../lib/gcc/avr/4.3.2/avr5\libgcc.a(_exit.o)
 *(.fini0)
                0x00005236                _etext = .

.data           0x00800200       0x98 load address 0x00005236
                0x00800200                PROVIDE (__data_start, .)
 *(.data)
 .data          0x00800200        0x0 c:/winavr-20081205/bin/../lib/gcc/avr/4.3.2/../../../../avr/lib/avr5/crtm640.o
 .data          0x00800200       0x92 lbRTOS.o
                0x00800200                angtable
 .data          0x00800292        0x0 list.o
 .data          0x00800292        0x0 queue.o
 .data          0x00800292        0x5 tasks.o
 .data          0x00800297        0x0 port.o
 .data          0x00800297        0x0 croutine.o
 .data          0x00800297        0x0 heap_1.o
 .data          0x00800297        0x0 timer640.o
 .data          0x00800297        0x0 uart4.o
 .data          0x00800297        0x0 buffer.o
 .data          0x00800297        0x0 a2d.o
 .data          0x00800297        0x0 rprintf.o
 .data          0x00800297        0x0 i2c.o
 .data          0x00800297        0x0 c:/winavr-20081205/bin/../lib/gcc/avr/4.3.2/../../../../avr/lib/avr5\libm.a(addsf3.o)
 .data          0x00800297        0x0 c:/winavr-20081205/bin/../lib/gcc/avr/4.3.2/../../../../avr/lib/avr5\libm.a(addsf3x.o)
 .data          0x00800297        0x0 c:/winavr-20081205/bin/../lib/gcc/avr/4.3.2/../../../../avr/lib/avr5\libm.a(cmpsf2.o)
 .data          0x00800297        0x0 c:/winavr-20081205/bin/../lib/gcc/avr/4.3.2/../../../../avr/lib/avr5\libm.a(divsf3.o)
 .data          0x00800297        0x0 c:/winavr-20081205/bin/../lib/gcc/avr/4.3.2/../../../../avr/lib/avr5\libm.a(divsf3x.o)
 .data          0x00800297        0x0 c:/winavr-20081205/bin/../lib/gcc/avr/4.3.2/../../../../avr/lib/avr5\libm.a(fixunssfsi.o)
 .data          0x00800297        0x0 c:/winavr-20081205/bin/../lib/gcc/avr/4.3.2/../../../../avr/lib/avr5\libm.a(floatsisf.o)
 .data          0x00800297        0x0 c:/winavr-20081205/bin/../lib/gcc/avr/4.3.2/../../../../avr/lib/avr5\libm.a(fp_cmp.o)
 .data          0x00800297        0x0 c:/winavr-20081205/bin/../lib/gcc/avr/4.3.2/../../../../avr/lib/avr5\libm.a(fp_inf.o)
 .data          0x00800297        0x0 c:/winavr-20081205/bin/../lib/gcc/avr/4.3.2/../../../../avr/lib/avr5\libm.a(fp_nan.o)
 .data          0x00800297        0x0 c:/winavr-20081205/bin/../lib/gcc/avr/4.3.2/../../../../avr/lib/avr5\libm.a(fp_pscA.o)
 .data          0x00800297        0x0 c:/winavr-20081205/bin/../lib/gcc/avr/4.3.2/../../../../avr/lib/avr5\libm.a(fp_pscB.o)
 .data          0x00800297        0x0 c:/winavr-20081205/bin/../lib/gcc/avr/4.3.2/../../../../avr/lib/avr5\libm.a(fp_round.o)
 .data          0x00800297        0x0 c:/winavr-20081205/bin/../lib/gcc/avr/4.3.2/../../../../avr/lib/avr5\libm.a(fp_split3.o)
 .data          0x00800297        0x0 c:/winavr-20081205/bin/../lib/gcc/avr/4.3.2/../../../../avr/lib/avr5\libm.a(fp_zero.o)
 .data          0x00800297        0x0 c:/winavr-20081205/bin/../lib/gcc/avr/4.3.2/../../../../avr/lib/avr5\libm.a(gesf2.o)
 .data          0x00800297        0x0 c:/winavr-20081205/bin/../lib/gcc/avr/4.3.2/../../../../avr/lib/avr5\libm.a(mulsf3.o)
 .data          0x00800297        0x0 c:/winavr-20081205/bin/../lib/gcc/avr/4.3.2/../../../../avr/lib/avr5\libm.a(mulsf3x.o)
 .data          0x00800297        0x0 c:/winavr-20081205/bin/../lib/gcc/avr/4.3.2/../../../../avr/lib/avr5\libc.a(exit.o)
 .data          0x00800297        0x0 c:/winavr-20081205/bin/../lib/gcc/avr/4.3.2/../../../../avr/lib/avr5\libc.a(memcpy.o)
 .data          0x00800297        0x0 c:/winavr-20081205/bin/../lib/gcc/avr/4.3.2/../../../../avr/lib/avr5\libc.a(memset.o)
 .data          0x00800297        0x0 c:/winavr-20081205/bin/../lib/gcc/avr/4.3.2/../../../../avr/lib/avr5\libc.a(strncpy.o)
 .data          0x00800297        0x0 c:/winavr-20081205/bin/../lib/gcc/avr/4.3.2/avr5\libgcc.a(_udivmodhi4.o)
 .data          0x00800297        0x0 c:/winavr-20081205/bin/../lib/gcc/avr/4.3.2/avr5\libgcc.a(_divmodhi4.o)
 .data          0x00800297        0x0 c:/winavr-20081205/bin/../lib/gcc/avr/4.3.2/avr5\libgcc.a(_udivmodsi4.o)
 .data          0x00800297        0x0 c:/winavr-20081205/bin/../lib/gcc/avr/4.3.2/avr5\libgcc.a(_divmodsi4.o)
 .data          0x00800297        0x0 c:/winavr-20081205/bin/../lib/gcc/avr/4.3.2/avr5\libgcc.a(_exit.o)
 .data          0x00800297        0x0 c:/winavr-20081205/bin/../lib/gcc/avr/4.3.2/avr5\libgcc.a(_copy_data.o)
 .data          0x00800297        0x0 c:/winavr-20081205/bin/../lib/gcc/avr/4.3.2/avr5\libgcc.a(_clear_bss.o)
 *(.data*)
 *(.rodata)
 *(.rodata*)
 *(.gnu.linkonce.d*)
                0x00800298                . = ALIGN (0x2)
 *fill*         0x00800297        0x1 00
                0x00800298                _edata = .
                0x00800298                PROVIDE (__data_end, .)

.bss            0x00800298     0x1093
                0x00800298                PROVIDE (__bss_start, .)
 *(.bss)
 .bss           0x00800298        0x0 c:/winavr-20081205/bin/../lib/gcc/avr/4.3.2/../../../../avr/lib/avr5/crtm640.o
 .bss           0x00800298        0x4 lbRTOS.o
                0x00800298                lds_buffer_write_ndx
                0x0080029a                lds_buffer_read_ndx
 .bss           0x0080029c        0x0 list.o
 .bss           0x0080029c        0x0 queue.o
 .bss           0x0080029c       0x5a tasks.o
                0x0080029c                pxCurrentTCB
 .bss           0x008002f6        0x0 port.o
 .bss           0x008002f6       0x3a croutine.o
                0x008002f6                pxCurrentCoRoutine
 .bss           0x00800330      0xbba heap_1.o
 .bss           0x00800eea       0x34 timer640.o
 .bss           0x00800f1e      0x248 uart4.o
 .bss           0x00801166        0x0 buffer.o
 .bss           0x00801166        0x0 a2d.o
 .bss           0x00801166        0x2 rprintf.o
 .bss           0x00801168       0x4a i2c.o
 .bss           0x008011b2        0x0 c:/winavr-20081205/bin/../lib/gcc/avr/4.3.2/../../../../avr/lib/avr5\libm.a(addsf3.o)
 .bss           0x008011b2        0x0 c:/winavr-20081205/bin/../lib/gcc/avr/4.3.2/../../../../avr/lib/avr5\libm.a(addsf3x.o)
 .bss           0x008011b2        0x0 c:/winavr-20081205/bin/../lib/gcc/avr/4.3.2/../../../../avr/lib/avr5\libm.a(cmpsf2.o)
 .bss           0x008011b2        0x0 c:/winavr-20081205/bin/../lib/gcc/avr/4.3.2/../../../../avr/lib/avr5\libm.a(divsf3.o)
 .bss           0x008011b2        0x0 c:/winavr-20081205/bin/../lib/gcc/avr/4.3.2/../../../../avr/lib/avr5\libm.a(divsf3x.o)
 .bss           0x008011b2        0x0 c:/winavr-20081205/bin/../lib/gcc/avr/4.3.2/../../../../avr/lib/avr5\libm.a(fixunssfsi.o)
 .bss           0x008011b2        0x0 c:/winavr-20081205/bin/../lib/gcc/avr/4.3.2/../../../../avr/lib/avr5\libm.a(floatsisf.o)
 .bss           0x008011b2        0x0 c:/winavr-20081205/bin/../lib/gcc/avr/4.3.2/../../../../avr/lib/avr5\libm.a(fp_cmp.o)
 .bss           0x008011b2        0x0 c:/winavr-20081205/bin/../lib/gcc/avr/4.3.2/../../../../avr/lib/avr5\libm.a(fp_inf.o)
 .bss           0x008011b2        0x0 c:/winavr-20081205/bin/../lib/gcc/avr/4.3.2/../../../../avr/lib/avr5\libm.a(fp_nan.o)
 .bss           0x008011b2        0x0 c:/winavr-20081205/bin/../lib/gcc/avr/4.3.2/../../../../avr/lib/avr5\libm.a(fp_pscA.o)
 .bss           0x008011b2        0x0 c:/winavr-20081205/bin/../lib/gcc/avr/4.3.2/../../../../avr/lib/avr5\libm.a(fp_pscB.o)
 .bss           0x008011b2        0x0 c:/winavr-20081205/bin/../lib/gcc/avr/4.3.2/../../../../avr/lib/avr5\libm.a(fp_round.o)
 .bss           0x008011b2        0x0 c:/winavr-20081205/bin/../lib/gcc/avr/4.3.2/../../../../avr/lib/avr5\libm.a(fp_split3.o)
 .bss           0x008011b2        0x0 c:/winavr-20081205/bin/../lib/gcc/avr/4.3.2/../../../../avr/lib/avr5\libm.a(fp_zero.o)
 .bss           0x008011b2        0x0 c:/winavr-20081205/bin/../lib/gcc/avr/4.3.2/../../../../avr/lib/avr5\libm.a(gesf2.o)
 .bss           0x008011b2        0x0 c:/winavr-20081205/bin/../lib/gcc/avr/4.3.2/../../../../avr/lib/avr5\libm.a(mulsf3.o)
 .bss           0x008011b2        0x0 c:/winavr-20081205/bin/../lib/gcc/avr/4.3.2/../../../../avr/lib/avr5\libm.a(mulsf3x.o)
 .bss           0x008011b2        0x0 c:/winavr-20081205/bin/../lib/gcc/avr/4.3.2/../../../../avr/lib/avr5\libc.a(exit.o)
 .bss           0x008011b2        0x0 c:/winavr-20081205/bin/../lib/gcc/avr/4.3.2/../../../../avr/lib/avr5\libc.a(memcpy.o)
 .bss           0x008011b2        0x0 c:/winavr-20081205/bin/../lib/gcc/avr/4.3.2/../../../../avr/lib/avr5\libc.a(memset.o)
 .bss           0x008011b2        0x0 c:/winavr-20081205/bin/../lib/gcc/avr/4.3.2/../../../../avr/lib/avr5\libc.a(strncpy.o)
 .bss           0x008011b2        0x0 c:/winavr-20081205/bin/../lib/gcc/avr/4.3.2/avr5\libgcc.a(_udivmodhi4.o)
 .bss           0x008011b2        0x0 c:/winavr-20081205/bin/../lib/gcc/avr/4.3.2/avr5\libgcc.a(_divmodhi4.o)
 .bss           0x008011b2        0x0 c:/winavr-20081205/bin/../lib/gcc/avr/4.3.2/avr5\libgcc.a(_udivmodsi4.o)
 .bss           0x008011b2        0x0 c:/winavr-20081205/bin/../lib/gcc/avr/4.3.2/avr5\libgcc.a(_divmodsi4.o)
 .bss           0x008011b2        0x0 c:/winavr-20081205/bin/../lib/gcc/avr/4.3.2/avr5\libgcc.a(_exit.o)
 .bss           0x008011b2        0x0 c:/winavr-20081205/bin/../lib/gcc/avr/4.3.2/avr5\libgcc.a(_copy_data.o)
 .bss           0x008011b2        0x0 c:/winavr-20081205/bin/../lib/gcc/avr/4.3.2/avr5\libgcc.a(_clear_bss.o)
 *(.bss*)
 *(COMMON)
 COMMON         0x008011b2      0x10c lbRTOS.o
                0x008011b2                robot
                0x008011be                lds_buffer
 COMMON         0x008012be       0x1c timer640.o
                0x008012be                timer4_ovrflow_cnt
                0x008012c2                timer1_ovrflow_cnt
                0x008012c6                timer0_ovrflow_cnt
                0x008012ca                timer2_ovrflow_cnt
                0x008012ce                timer_sleep_cnt
                0x008012d2                timer3_ovrflow_cnt
                0x008012d6                timer5_ovrflow_cnt
 COMMON         0x008012da       0x50 uart4.o
                0x008012da                uartReadyTx
                0x008012de                uartRxBuffer
                0x008012fe                uartBufferedTx
                0x00801302                uartTxBuffer
                0x00801322                uartRxOverflow
 COMMON         0x0080132a        0x1 a2d.o
                0x0080132a                a2dCompleteFlag
                0x0080132b                PROVIDE (__bss_end, .)
                0x00005236                __data_load_start = LOADADDR (.data)
                0x000052ce                __data_load_end = (__data_load_start + SIZEOF (.data))

.noinit         0x0080132b        0x0
                0x0080132b                PROVIDE (__noinit_start, .)
 *(.noinit*)
                0x0080132b                PROVIDE (__noinit_end, .)
                0x0080132b                _end = .
                0x0080132b                PROVIDE (__heap_start, .)

.eeprom         0x00810000        0x0
 *(.eeprom*)
                0x00810000                __eeprom_end = .

.fuse
 *(.fuse)
 *(.lfuse)
 *(.hfuse)
 *(.efuse)

.lock
 *(.lock*)

.signature
 *(.signature*)

.stab
 *(.stab)

.stabstr
 *(.stabstr)

.stab.excl
 *(.stab.excl)

.stab.exclstr
 *(.stab.exclstr)

.stab.index
 *(.stab.index)

.stab.indexstr
 *(.stab.indexstr)

.comment
 *(.comment)

.debug
 *(.debug)

.line
 *(.line)

.debug_srcinfo
 *(.debug_srcinfo)

.debug_sfnames
 *(.debug_sfnames)

.debug_aranges  0x00000000      0x1a0
 *(.debug_aranges)
 .debug_aranges
                0x00000000       0x20 lbRTOS.o
 .debug_aranges
                0x00000020       0x20 list.o
 .debug_aranges
                0x00000040       0x20 queue.o
 .debug_aranges
                0x00000060       0x20 tasks.o
 .debug_aranges
                0x00000080       0x20 port.o
 .debug_aranges
                0x000000a0       0x20 croutine.o
 .debug_aranges
                0x000000c0       0x20 heap_1.o
 .debug_aranges
                0x000000e0       0x20 timer640.o
 .debug_aranges
                0x00000100       0x20 uart4.o
 .debug_aranges
                0x00000120       0x20 buffer.o
 .debug_aranges
                0x00000140       0x20 a2d.o
 .debug_aranges
                0x00000160       0x20 rprintf.o
 .debug_aranges
                0x00000180       0x20 i2c.o

.debug_pubnames
                0x00000000     0x16c8
 *(.debug_pubnames)
 .debug_pubnames
                0x00000000      0x521 lbRTOS.o
 .debug_pubnames
                0x00000521       0x71 list.o
 .debug_pubnames
                0x00000592      0x111 queue.o
 .debug_pubnames
                0x000006a3      0x1bc tasks.o
 .debug_pubnames
                0x0000085f       0x90 port.o
 .debug_pubnames
                0x000008ef       0x96 croutine.o
 .debug_pubnames
                0x00000985       0x64 heap_1.o
 .debug_pubnames
                0x000009e9      0x588 timer640.o
 .debug_pubnames
                0x00000f71      0x386 uart4.o
 .debug_pubnames
                0x000012f7       0x9c buffer.o
 .debug_pubnames
                0x00001393       0xd4 a2d.o
 .debug_pubnames
                0x00001467       0xe5 rprintf.o
 .debug_pubnames
                0x0000154c      0x17c i2c.o

.debug_info     0x00000000     0x5584
 *(.debug_info)
 .debug_info    0x00000000     0x1207 lbRTOS.o
 .debug_info    0x00001207      0x2b1 list.o
 .debug_info    0x000014b8      0x771 queue.o
 .debug_info    0x00001c29      0xb1a tasks.o
 .debug_info    0x00002743      0x1c2 port.o
 .debug_info    0x00002905      0x50a croutine.o
 .debug_info    0x00002e0f      0x169 heap_1.o
 .debug_info    0x00002f78      0xbe7 timer640.o
 .debug_info    0x00003b5f      0x933 uart4.o
 .debug_info    0x00004492      0x2cb buffer.o
 .debug_info    0x0000475d      0x21b a2d.o
 .debug_info    0x00004978      0x580 rprintf.o
 .debug_info    0x00004ef8      0x68c i2c.o
 *(.gnu.linkonce.wi.*)

.debug_abbrev   0x00000000     0x16e3
 *(.debug_abbrev)
 .debug_abbrev  0x00000000      0x3a1 lbRTOS.o
 .debug_abbrev  0x000003a1       0xdd list.o
 .debug_abbrev  0x0000047e      0x1b3 queue.o
 .debug_abbrev  0x00000631      0x25e tasks.o
 .debug_abbrev  0x0000088f      0x118 port.o
 .debug_abbrev  0x000009a7      0x1dd croutine.o
 .debug_abbrev  0x00000b84      0x114 heap_1.o
 .debug_abbrev  0x00000c98      0x248 timer640.o
 .debug_abbrev  0x00000ee0      0x1e0 uart4.o
 .debug_abbrev  0x000010c0       0xec buffer.o
 .debug_abbrev  0x000011ac      0x12f a2d.o
 .debug_abbrev  0x000012db      0x1c9 rprintf.o
 .debug_abbrev  0x000014a4      0x23f i2c.o

.debug_line     0x00000000     0x4461
 *(.debug_line)
 .debug_line    0x00000000     0x10af lbRTOS.o
 .debug_line    0x000010af      0x223 list.o
 .debug_line    0x000012d2      0x6a7 queue.o
 .debug_line    0x00001979      0x791 tasks.o
 .debug_line    0x0000210a      0x2d7 port.o
 .debug_line    0x000023e1      0x336 croutine.o
 .debug_line    0x00002717      0x122 heap_1.o
 .debug_line    0x00002839      0x7a1 timer640.o
 .debug_line    0x00002fda      0x75f uart4.o
 .debug_line    0x00003739      0x1e8 buffer.o
 .debug_line    0x00003921      0x1dc a2d.o
 .debug_line    0x00003afd      0x43d rprintf.o
 .debug_line    0x00003f3a      0x527 i2c.o

.debug_frame    0x00000000     0x1160
 *(.debug_frame)
 .debug_frame   0x00000000      0x3f0 lbRTOS.o
 .debug_frame   0x000003f0       0x60 list.o
 .debug_frame   0x00000450       0xd0 queue.o
 .debug_frame   0x00000520      0x140 tasks.o
 .debug_frame   0x00000660       0x70 port.o
 .debug_frame   0x000006d0       0x50 croutine.o
 .debug_frame   0x00000720       0x50 heap_1.o
 .debug_frame   0x00000770      0x400 timer640.o
 .debug_frame   0x00000b70      0x2b0 uart4.o
 .debug_frame   0x00000e20       0x80 buffer.o
 .debug_frame   0x00000ea0       0xb0 a2d.o
 .debug_frame   0x00000f50       0xe0 rprintf.o
 .debug_frame   0x00001030      0x130 i2c.o

.debug_str      0x00000000     0x22f8
 *(.debug_str)
 .debug_str     0x00000000      0x57a lbRTOS.o
                                0x5e6 (size before relaxing)
 .debug_str     0x0000057a      0x164 list.o
                                0x1e2 (size before relaxing)
 .debug_str     0x000006de      0x2fe queue.o
                                0x46d (size before relaxing)
 .debug_str     0x000009dc      0x52b tasks.o
                                0x6c7 (size before relaxing)
 .debug_str     0x00000f07       0xda port.o
                                0x1b3 (size before relaxing)
 .debug_str     0x00000fe1      0x249 croutine.o
                                0x406 (size before relaxing)
 .debug_str     0x0000122a       0xa9 heap_1.o
                                0x163 (size before relaxing)
 .debug_str     0x000012d3      0x73e timer640.o
                                0x838 (size before relaxing)
 .debug_str     0x00001a11      0x3a5 uart4.o
                                0x47d (size before relaxing)
 .debug_str     0x00001db6       0x9d buffer.o
                                0x1a5 (size before relaxing)
 .debug_str     0x00001e53       0xac a2d.o
                                0x169 (size before relaxing)
 .debug_str     0x00001eff      0x171 rprintf.o
                                0x277 (size before relaxing)
 .debug_str     0x00002070      0x288 i2c.o
                                0x351 (size before relaxing)

.debug_loc      0x00000000     0x29cf
 *(.debug_loc)
 .debug_loc     0x00000000      0x857 lbRTOS.o
 .debug_loc     0x00000857      0x100 list.o
 .debug_loc     0x00000957      0x5e0 queue.o
 .debug_loc     0x00000f37      0x514 tasks.o
 .debug_loc     0x0000144b       0x3b port.o
 .debug_loc     0x00001486      0x210 croutine.o
 .debug_loc     0x00001696       0x50 heap_1.o
 .debug_loc     0x000016e6      0x1e6 timer640.o
 .debug_loc     0x000018cc      0x502 uart4.o
 .debug_loc     0x00001dce      0x1a2 buffer.o
 .debug_loc     0x00001f70       0x6d a2d.o
 .debug_loc     0x00001fdd      0x7c0 rprintf.o
 .debug_loc     0x0000279d      0x232 i2c.o

.debug_macinfo
 *(.debug_macinfo)
OUTPUT(lbRTOS.elf elf32-avr)
LOAD linker stubs

.debug_ranges   0x00000000       0x60
 .debug_ranges  0x00000000       0x48 lbRTOS.o
 .debug_ranges  0x00000048       0x18 tasks.o
