Archive member included because of file (symbol)

c:/winavr-20081205/bin/../lib/gcc/avr/4.3.2/../../../../avr/lib/avr5\libm.a(addsf3.o)
                              lbRTOS.o (__subsf3)
c:/winavr-20081205/bin/../lib/gcc/avr/4.3.2/../../../../avr/lib/avr5\libm.a(addsf3x.o)
                              c:/winavr-20081205/bin/../lib/gcc/avr/4.3.2/../../../../avr/lib/avr5\libm.a(addsf3.o) (__addsf3x)
c:/winavr-20081205/bin/../lib/gcc/avr/4.3.2/../../../../avr/lib/avr5\libm.a(cmpsf2.o)
                              rprintf.o (__eqsf2)
c:/winavr-20081205/bin/../lib/gcc/avr/4.3.2/../../../../avr/lib/avr5\libm.a(divsf3.o)
                              lbRTOS.o (__divsf3)
c:/winavr-20081205/bin/../lib/gcc/avr/4.3.2/../../../../avr/lib/avr5\libm.a(divsf3x.o)
                              c:/winavr-20081205/bin/../lib/gcc/avr/4.3.2/../../../../avr/lib/avr5\libm.a(divsf3.o) (__divsf3x)
c:/winavr-20081205/bin/../lib/gcc/avr/4.3.2/../../../../avr/lib/avr5\libm.a(fixunssfsi.o)
                              timer640.o (__fixunssfsi)
c:/winavr-20081205/bin/../lib/gcc/avr/4.3.2/../../../../avr/lib/avr5\libm.a(floatsisf.o)
                              lbRTOS.o (__floatunsisf)
c:/winavr-20081205/bin/../lib/gcc/avr/4.3.2/../../../../avr/lib/avr5\libm.a(fp_cmp.o)
                              c:/winavr-20081205/bin/../lib/gcc/avr/4.3.2/../../../../avr/lib/avr5\libm.a(cmpsf2.o) (__fp_cmp)
c:/winavr-20081205/bin/../lib/gcc/avr/4.3.2/../../../../avr/lib/avr5\libm.a(fp_inf.o)
                              c:/winavr-20081205/bin/../lib/gcc/avr/4.3.2/../../../../avr/lib/avr5\libm.a(addsf3x.o) (__fp_inf)
c:/winavr-20081205/bin/../lib/gcc/avr/4.3.2/../../../../avr/lib/avr5\libm.a(fp_nan.o)
                              c:/winavr-20081205/bin/../lib/gcc/avr/4.3.2/../../../../avr/lib/avr5\libm.a(addsf3x.o) (__fp_nan)
c:/winavr-20081205/bin/../lib/gcc/avr/4.3.2/../../../../avr/lib/avr5\libm.a(fp_pscA.o)
                              c:/winavr-20081205/bin/../lib/gcc/avr/4.3.2/../../../../avr/lib/avr5\libm.a(addsf3x.o) (__fp_pscA)
c:/winavr-20081205/bin/../lib/gcc/avr/4.3.2/../../../../avr/lib/avr5\libm.a(fp_pscB.o)
                              c:/winavr-20081205/bin/../lib/gcc/avr/4.3.2/../../../../avr/lib/avr5\libm.a(addsf3x.o) (__fp_pscB)
c:/winavr-20081205/bin/../lib/gcc/avr/4.3.2/../../../../avr/lib/avr5\libm.a(fp_round.o)
                              c:/winavr-20081205/bin/../lib/gcc/avr/4.3.2/../../../../avr/lib/avr5\libm.a(addsf3.o) (__fp_round)
c:/winavr-20081205/bin/../lib/gcc/avr/4.3.2/../../../../avr/lib/avr5\libm.a(fp_split3.o)
                              c:/winavr-20081205/bin/../lib/gcc/avr/4.3.2/../../../../avr/lib/avr5\libm.a(addsf3x.o) (__fp_split3)
c:/winavr-20081205/bin/../lib/gcc/avr/4.3.2/../../../../avr/lib/avr5\libm.a(fp_zero.o)
                              c:/winavr-20081205/bin/../lib/gcc/avr/4.3.2/../../../../avr/lib/avr5\libm.a(addsf3x.o) (__fp_zero)
c:/winavr-20081205/bin/../lib/gcc/avr/4.3.2/../../../../avr/lib/avr5\libm.a(gesf2.o)
                              timer640.o (__gtsf2)
c:/winavr-20081205/bin/../lib/gcc/avr/4.3.2/../../../../avr/lib/avr5\libm.a(mulsf3.o)
                              lbRTOS.o (__mulsf3)
c:/winavr-20081205/bin/../lib/gcc/avr/4.3.2/../../../../avr/lib/avr5\libm.a(mulsf3x.o)
                              c:/winavr-20081205/bin/../lib/gcc/avr/4.3.2/../../../../avr/lib/avr5\libm.a(mulsf3.o) (__mulsf3x)
c:/winavr-20081205/bin/../lib/gcc/avr/4.3.2/../../../../avr/lib/avr5\libm.a(pow.o)
                              lbRTOS.o (pow)
c:/winavr-20081205/bin/../lib/gcc/avr/4.3.2/../../../../avr/lib/avr5\libm.a(sqrt.o)
                              lbRTOS.o (sqrt)
c:/winavr-20081205/bin/../lib/gcc/avr/4.3.2/../../../../avr/lib/avr5\libm.a(square.o)
                              lbRTOS.o (square)
c:/winavr-20081205/bin/../lib/gcc/avr/4.3.2/../../../../avr/lib/avr5\libm.a(exp.o)
                              c:/winavr-20081205/bin/../lib/gcc/avr/4.3.2/../../../../avr/lib/avr5\libm.a(pow.o) (exp)
c:/winavr-20081205/bin/../lib/gcc/avr/4.3.2/../../../../avr/lib/avr5\libm.a(fp_mpack.o)
                              c:/winavr-20081205/bin/../lib/gcc/avr/4.3.2/../../../../avr/lib/avr5\libm.a(sqrt.o) (__fp_mpack)
c:/winavr-20081205/bin/../lib/gcc/avr/4.3.2/../../../../avr/lib/avr5\libm.a(fp_norm2.o)
                              c:/winavr-20081205/bin/../lib/gcc/avr/4.3.2/../../../../avr/lib/avr5\libm.a(sqrt.o) (__fp_norm2)
c:/winavr-20081205/bin/../lib/gcc/avr/4.3.2/../../../../avr/lib/avr5\libm.a(fp_powser.o)
                              c:/winavr-20081205/bin/../lib/gcc/avr/4.3.2/../../../../avr/lib/avr5\libm.a(exp.o) (__fp_powser)
c:/winavr-20081205/bin/../lib/gcc/avr/4.3.2/../../../../avr/lib/avr5\libm.a(inverse.o)
                              c:/winavr-20081205/bin/../lib/gcc/avr/4.3.2/../../../../avr/lib/avr5\libm.a(exp.o) (inverse)
c:/winavr-20081205/bin/../lib/gcc/avr/4.3.2/../../../../avr/lib/avr5\libm.a(ldexp.o)
                              c:/winavr-20081205/bin/../lib/gcc/avr/4.3.2/../../../../avr/lib/avr5\libm.a(exp.o) (ldexp)
c:/winavr-20081205/bin/../lib/gcc/avr/4.3.2/../../../../avr/lib/avr5\libm.a(log.o)
                              c:/winavr-20081205/bin/../lib/gcc/avr/4.3.2/../../../../avr/lib/avr5\libm.a(pow.o) (log)
c:/winavr-20081205/bin/../lib/gcc/avr/4.3.2/../../../../avr/lib/avr5\libm.a(modf.o)
                              c:/winavr-20081205/bin/../lib/gcc/avr/4.3.2/../../../../avr/lib/avr5\libm.a(exp.o) (modf)
c:/winavr-20081205/bin/../lib/gcc/avr/4.3.2/../../../../avr/lib/avr5\libc.a(exit.o)
                              c:/winavr-20081205/bin/../lib/gcc/avr/4.3.2/../../../../avr/lib/avr5/crtm640.o (exit)
c:/winavr-20081205/bin/../lib/gcc/avr/4.3.2/avr5\libgcc.a(_udivmodhi4.o)
                              rprintf.o (__udivmodhi4)
c:/winavr-20081205/bin/../lib/gcc/avr/4.3.2/avr5\libgcc.a(_divmodhi4.o)
                              lbRTOS.o (__divmodhi4)
c:/winavr-20081205/bin/../lib/gcc/avr/4.3.2/avr5\libgcc.a(_udivmodsi4.o)
                              uart4.o (__udivmodsi4)
c:/winavr-20081205/bin/../lib/gcc/avr/4.3.2/avr5\libgcc.a(_divmodsi4.o)
                              lbRTOS.o (__divmodsi4)
c:/winavr-20081205/bin/../lib/gcc/avr/4.3.2/avr5\libgcc.a(_exit.o)
                              c:/winavr-20081205/bin/../lib/gcc/avr/4.3.2/../../../../avr/lib/avr5\libc.a(exit.o) (_exit)
c:/winavr-20081205/bin/../lib/gcc/avr/4.3.2/avr5\libgcc.a(_copy_data.o)
                              lbRTOS.o (__do_copy_data)
c:/winavr-20081205/bin/../lib/gcc/avr/4.3.2/avr5\libgcc.a(_clear_bss.o)
                              lbRTOS.o (__do_clear_bss)

Allocating common symbols
Common symbol       size              file

uartReadyTx         0x4               uart4.o
timer4_ovrflow_cnt  0x4               timer640.o
timer1_ovrflow_cnt  0x4               timer640.o
timer0_ovrflow_cnt  0x4               timer640.o
uartRxBuffer        0x20              uart4.o
timer2_ovrflow_cnt  0x4               timer640.o
timer_sleep_cnt     0x4               timer640.o
uartBufferedTx      0x4               uart4.o
robot               0xc               lbRTOS.o
a2dCompleteFlag     0x1               a2d.o
timer3_ovrflow_cnt  0x4               timer640.o
uartTxBuffer        0x20              uart4.o
timer5_ovrflow_cnt  0x4               timer640.o
uartRxOverflow      0x8               uart4.o
lds_buffer          0x100             lds.o

Memory Configuration

Name             Origin             Length             Attributes
text             0x00000000         0x00020000         xr
data             0x00800060         0x0000ffa0         rw !x
eeprom           0x00810000         0x00010000         rw !x
fuse             0x00820000         0x00000400         rw !x
lock             0x00830000         0x00000400         rw !x
signature        0x00840000         0x00000400         rw !x
*default*        0x00000000         0xffffffff

Linker script and memory map

Address of section .data set to 0x800200
LOAD c:/winavr-20081205/bin/../lib/gcc/avr/4.3.2/../../../../avr/lib/avr5/crtm640.o
LOAD lbRTOS.o
LOAD timer640.o
LOAD uart4.o
LOAD a2d.o
LOAD rprintf.o
LOAD i2c.o
LOAD lds.o
LOAD buffer.o
LOAD c:/winavr-20081205/bin/../lib/gcc/avr/4.3.2/../../../../avr/lib/avr5\libm.a
LOAD c:/winavr-20081205/bin/../lib/gcc/avr/4.3.2/../../../../avr/lib/avr5\libc.a
LOAD c:/winavr-20081205/bin/../lib/gcc/avr/4.3.2/avr5\libgcc.a
LOAD c:/winavr-20081205/bin/../lib/gcc/avr/4.3.2/../../../../avr/lib/avr5\libc.a
LOAD c:/winavr-20081205/bin/../lib/gcc/avr/4.3.2/avr5\libgcc.a

.hash
 *(.hash)

.dynsym
 *(.dynsym)

.dynstr
 *(.dynstr)

.gnu.version
 *(.gnu.version)

.gnu.version_d
 *(.gnu.version_d)

.gnu.version_r
 *(.gnu.version_r)

.rel.init
 *(.rel.init)

.rela.init
 *(.rela.init)

.rel.text
 *(.rel.text)
 *(.rel.text.*)
 *(.rel.gnu.linkonce.t*)

.rela.text
 *(.rela.text)
 *(.rela.text.*)
 *(.rela.gnu.linkonce.t*)

.rel.fini
 *(.rel.fini)

.rela.fini
 *(.rela.fini)

.rel.rodata
 *(.rel.rodata)
 *(.rel.rodata.*)
 *(.rel.gnu.linkonce.r*)

.rela.rodata
 *(.rela.rodata)
 *(.rela.rodata.*)
 *(.rela.gnu.linkonce.r*)

.rel.data
 *(.rel.data)
 *(.rel.data.*)
 *(.rel.gnu.linkonce.d*)

.rela.data
 *(.rela.data)
 *(.rela.data.*)
 *(.rela.gnu.linkonce.d*)

.rel.ctors
 *(.rel.ctors)

.rela.ctors
 *(.rela.ctors)

.rel.dtors
 *(.rel.dtors)

.rela.dtors
 *(.rela.dtors)

.rel.got
 *(.rel.got)

.rela.got
 *(.rela.got)

.rel.bss
 *(.rel.bss)

.rela.bss
 *(.rela.bss)

.rel.plt
 *(.rel.plt)

.rela.plt
 *(.rela.plt)

.text           0x00000000     0x4234
 *(.vectors)
 .vectors       0x00000000       0xe4 c:/winavr-20081205/bin/../lib/gcc/avr/4.3.2/../../../../avr/lib/avr5/crtm640.o
                0x00000000                __vectors
 *(.vectors)
 *(.progmem.gcc*)
 .progmem.gcc_fplib
                0x000000e4       0x28 c:/winavr-20081205/bin/../lib/gcc/avr/4.3.2/../../../../avr/lib/avr5\libm.a(exp.o)
 .progmem.gcc_fplib
                0x0000010c       0x5a c:/winavr-20081205/bin/../lib/gcc/avr/4.3.2/../../../../avr/lib/avr5\libm.a(log.o)
 *(.progmem*)
 .progmem.data  0x00000166       0x76 lbRTOS.o
 .progmem.data  0x000001dc       0x2d timer640.o
                0x000001dc                TimerPrescaleFactor
                0x000001e8                Timer2PrescaleFactor
 .progmem.data  0x00000209       0x11 rprintf.o
 .progmem.data  0x0000021a       0x28 lds.o
                0x00000242                . = ALIGN (0x2)
                0x00000242                __trampolines_start = .
 *(.trampolines)
 .trampolines   0x00000242        0x0 linker stubs
 *(.trampolines*)
                0x00000242                __trampolines_end = .
 *(.jumptables)
 *(.jumptables*)
 *(.lowtext)
 *(.lowtext*)
                0x00000242                __ctors_start = .
 *(.ctors)
                0x00000242                __ctors_end = .
                0x00000242                __dtors_start = .
 *(.dtors)
                0x00000242                __dtors_end = .
 SORT(*)(.ctors)
 SORT(*)(.dtors)
 *(.init0)
 .init0         0x00000242        0x0 c:/winavr-20081205/bin/../lib/gcc/avr/4.3.2/../../../../avr/lib/avr5/crtm640.o
                0x00000242                __init
 *(.init0)
 *(.init1)
 *(.init1)
 *(.init2)
 .init2         0x00000242        0xc c:/winavr-20081205/bin/../lib/gcc/avr/4.3.2/../../../../avr/lib/avr5/crtm640.o
 *(.init2)
 *(.init3)
 *(.init3)
 *(.init4)
 .init4         0x0000024e       0x16 c:/winavr-20081205/bin/../lib/gcc/avr/4.3.2/avr5\libgcc.a(_copy_data.o)
                0x0000024e                __do_copy_data
 .init4         0x00000264       0x10 c:/winavr-20081205/bin/../lib/gcc/avr/4.3.2/avr5\libgcc.a(_clear_bss.o)
                0x00000264                __do_clear_bss
 *(.init4)
 *(.init5)
 *(.init5)
 *(.init6)
 *(.init6)
 *(.init7)
 *(.init7)
 *(.init8)
 *(.init8)
 *(.init9)
 .init9         0x00000274        0x8 c:/winavr-20081205/bin/../lib/gcc/avr/4.3.2/../../../../avr/lib/avr5/crtm640.o
 *(.init9)
 *(.text)
 .text          0x0000027c        0x4 c:/winavr-20081205/bin/../lib/gcc/avr/4.3.2/../../../../avr/lib/avr5/crtm640.o
                0x0000027c                __vector_28
                0x0000027c                __vector_1
                0x0000027c                __vector_24
                0x0000027c                __vector_12
                0x0000027c                __vector_55
                0x0000027c                __bad_interrupt
                0x0000027c                __vector_6
                0x0000027c                __vector_3
                0x0000027c                __vector_30
                0x0000027c                __vector_11
                0x0000027c                __vector_17
                0x0000027c                __vector_7
                0x0000027c                __vector_5
                0x0000027c                __vector_52
                0x0000027c                __vector_37
                0x0000027c                __vector_4
                0x0000027c                __vector_9
                0x0000027c                __vector_2
                0x0000027c                __vector_40
                0x0000027c                __vector_8
                0x0000027c                __vector_26
                0x0000027c                __vector_10
 .text          0x00000280      0xe82 lbRTOS.o
                0x0000069e                PWM_timer3_Off_All
                0x00000608                PWM_timer3_Off_E4
                0x00000800                sin_SoR
                0x000002fc                PWM_Init_timer3_E3
                0x000003bc                PWM_Init_timer4_H3
                0x00000b3a                lbRcv
                0x00000b3c                send_frame
                0x0000059c                PWM_timer4_On_H3
                0x00000680                PWM_timer2_Off_All
                0x00000742                PWM_timer4_Set_H4
                0x00000786                delay_cycles
                0x00000724                PWM_timer3_Set_E4
                0x000006d4                PWM_timer4_Off_All
                0x0000078c                LED_on
                0x0000070a                PWM_timer1_Set_LED
                0x0000071a                PWM_timer3_Set_E3
                0x00000714                PWM_timer2_Set_H6
                0x000002c0                PWM_Init_timer2_H6
                0x0000074c                PWM_timer4_Set_H5
                0x0000047c                timer1PWMInitICR
                0x00000bde                right_wall
                0x00000e30                prvSetupHardware
                0x00000554                PWM_timer2_On_H6
                0x000005e4                PWM_timer2_Off_H6
                0x00000280                PWM_Init_timer1_LED
                0x00000500                timer4PWMInitICR
                0x000007aa                cos_SoR
                0x00000788                LED_off
                0x000005ae                PWM_timer4_On_H4
                0x00000566                PWM_timer3_On_E3
                0x000004be                timer3PWMInitICR
                0x0000062c                PWM_timer4_Off_H3
                0x00000f54                main
                0x00000790                button_pressed
                0x000005f6                PWM_timer3_Off_E3
                0x00000738                PWM_timer4_Set_H3
                0x0000063e                PWM_timer4_Off_H4
                0x0000033c                PWM_Init_timer3_E4
                0x00000756                configure_ports
                0x0000085e                tan_SoR
                0x000003fc                PWM_Init_timer4_H4
                0x00000542                PWM_timer1_On_LED
                0x000005c0                PWM_timer4_On_H5
                0x0000037c                PWM_Init_timer3_E5
                0x00000650                PWM_timer4_Off_H5
                0x00000578                PWM_timer3_On_E4
                0x0000058a                PWM_timer3_On_E5
                0x000005d2                PWM_timer1_Off_LED
                0x000008f6                navupdate
                0x0000061a                PWM_timer3_Off_E5
                0x0000043c                PWM_Init_timer4_H5
                0x00000662                PWM_timer1_Off_All
                0x0000072e                PWM_timer3_Set_E5
 .text          0x00001102      0xdfa timer640.o
                0x00001846                __vector_22
                0x00001184                get_timer3_prescaler
                0x00001296                reset_timer0
                0x0000132a                init_timer0
                0x0000114c                get_timer1_prescaler
                0x00001abc                __vector_32
                0x0000121a                get_timer3_overflow
                0x00001230                get_timer4_overflow
                0x0000128a                get_timer5_counter
                0x00001b70                __vector_34
                0x0000127e                get_timer4_counter
                0x0000138a                init_timer3
                0x00001d32                __vector_46
                0x00001a62                __vector_31
                0x00001420                sleep
                0x00001408                timer_detach
                0x000013ae                init_timer4
                0x0000166c                __vector_35
                0x0000130e                reset_timer5
                0x000014c6                __vector_23
                0x000016ec                __vector_45
                0x00001168                get_timer2_prescaler
                0x0000111a                prescaler_hex_to_value_for_timer2
                0x000019ae                __vector_13
                0x0000125c                get_timer0_counter
                0x00001954                __vector_19
                0x0000126c                get_timer2_counter
                0x00001e40                __vector_49
                0x00001bca                __vector_41
                0x00001102                prescaler_hex_to_value
                0x00001c7e                __vector_43
                0x000011ee                get_timer1_overflow
                0x00001e9a                __vector_default
                0x00001b16                __vector_33
                0x000012da                reset_timer3
                0x00001d8c                __vector_47
                0x000011d8                get_timer0_overflow
                0x00001328                delay_us
                0x000011a0                get_timer4_prescaler
                0x00001204                get_timer2_overflow
                0x000012f4                reset_timer4
                0x00001cd8                __vector_44
                0x000013d2                init_timer5
                0x000017ec                __vector_21
                0x000015ec                __vector_15
                0x00001272                get_timer3_counter
                0x0000141a                _delay_loop_2
                0x00001346                init_timer1
                0x000011bc                get_timer5_prescaler
                0x00001de6                __vector_48
                0x00001246                get_timer5_overflow
                0x000012aa                reset_timer1
                0x00001a08                __vector_14
                0x00001260                get_timer1_counter
                0x000013f6                timer_attach
                0x00001132                get_timer0_prescaler
                0x0000176c                __vector_50
                0x000018a0                __vector_16
                0x000018fa                __vector_18
                0x000012c4                reset_timer2
                0x0000156c                __vector_20
                0x0000136a                init_timer2
                0x00001c24                __vector_42
 .text          0x00001efc      0x874 uart4.o
                0x0000240a                __vector_38
                0x0000249e                uartSendTxBuffer
                0x00002044                uartReceiveService
                0x000022d0                uart2AddToTxBuffer
                0x00001fac                uartSendByte
                0x00002706                uart0InitBuffers
                0x0000200e                uart2SendByte
                0x00002588                uart1GetByte
                0x000024cc                uartReceiveByte
                0x000021e4                uartSendBuffer
                0x0000219a                __vector_25
                0x000025b8                uart0GetByte
                0x000022ae                uartAddToTxBuffer
                0x000020bc                __vector_54
                0x00002018                uart3SendByte
                0x000022f4                uartTransmitService
                0x00001efc                uartSetRxHandler
                0x00002376                __vector_56
                0x00002728                uart0Init
                0x000026d0                uart1Init
                0x000025e8                uartFlushReceiveBuffer
                0x00002454                __vector_27
                0x0000275e                uartInit
                0x00001ffa                uart0SendByte
                0x00002022                uartReceiveBufferIsEmpty
                0x00002620                uart3Init
                0x00001f12                uartSetBaudRate
                0x000022c4                uart3AddToTxBuffer
                0x000025fe                uart3InitBuffers
                0x00002004                uart1SendByte
                0x00001f96                uartGetTxBuffer
                0x00002106                __vector_51
                0x00001f80                uartGetRxBuffer
                0x00002678                uart2Init
                0x00002150                __vector_36
                0x000026ae                uart1InitBuffers
                0x000022e8                uart0AddToTxBuffer
                0x00002656                uart2InitBuffers
                0x00002558                uart2GetByte
                0x000023c0                __vector_53
                0x00002528                uart3GetByte
                0x000022dc                uart1AddToTxBuffer
 .text          0x00002770      0x116 a2d.o
                0x00002800                a2dIsComplete
                0x0000285a                a2dConvert8bit
                0x000027a8                a2dOff
                0x000027ba                a2dSetPrescaler
                0x00002808                a2dConvert10bit
                0x00002770                a2dInit
                0x000027c8                a2dSetReference
                0x00002868                __vector_29
                0x000027de                a2dSetChannel
                0x000027ee                a2dStartConvert
 .text          0x00002886      0x570 rprintf.o
                0x00002cce                rprintf1RamRom
                0x0000296c                rprintfu08
                0x00002996                rprintfu32
                0x000028b4                rprintfStr
                0x00002b3c                rprintfFloat
                0x000028d2                rprintfStrLen
                0x0000292e                rprintfProgStr
                0x00002982                rprintfu16
                0x00002886                rprintfInit
                0x00002890                rprintfChar
                0x0000294e                rprintfCRLF
                0x00002956                rprintfu04
                0x000029bc                rprintfNum
 .text          0x00002df6      0x506 i2c.o
                0x00002e32                i2cInit
                0x00002e90                i2cSendStart
                0x00002eac                i2cWaitForComplete
                0x00002ee4                i2cGetReceivedByte
                0x00002ef0                i2cMasterSend
                0x000030a4                __vector_39
                0x00002f30                i2cMasterReceive
                0x00002f78                i2cMasterSendNI
                0x00002e7c                i2cSetSlaveReceiveHandler
                0x000032f6                i2cGetState
                0x00002eea                i2cGetStatus
                0x00002eb6                i2cSendByte
                0x00002e86                i2cSetSlaveTransmitHandler
                0x00002e6c                i2cSetLocalDeviceAddr
                0x00003006                i2cMasterReceiveNI
                0x00002ec8                i2cReceiveByte
                0x00002df6                i2cSetBitrate
                0x00002e9e                i2cSendStop
 .text          0x000032fc      0x55c lds.o
                0x000032fc                init_LDS_buffer
                0x00003584                parse_frame
                0x00003312                LDSRcv
                0x000037e6                get_range_scan
                0x000033b4                conv_FrametoDist
                0x00003426                print_frame
                0x00003544                read_LDS
                0x00003346                error_checker
                0x00003752                grab_frames
 .text          0x00003858      0x160 buffer.o
                0x00003992                bufferIsNotFull
                0x00003872                bufferGetFromFront
                0x0000391c                bufferGetAtIndex
                0x000038d8                bufferDumpFromFront
                0x00003858                bufferInit
                0x00003944                bufferAddToEnd
                0x000039aa                bufferFlush
 .text          0x000039b8        0x0 c:/winavr-20081205/bin/../lib/gcc/avr/4.3.2/../../../../avr/lib/avr5\libm.a(addsf3.o)
 .text          0x000039b8        0x0 c:/winavr-20081205/bin/../lib/gcc/avr/4.3.2/../../../../avr/lib/avr5\libm.a(addsf3x.o)
 .text          0x000039b8        0x0 c:/winavr-20081205/bin/../lib/gcc/avr/4.3.2/../../../../avr/lib/avr5\libm.a(cmpsf2.o)
 .text          0x000039b8        0x0 c:/winavr-20081205/bin/../lib/gcc/avr/4.3.2/../../../../avr/lib/avr5\libm.a(divsf3.o)
 .text          0x000039b8        0x0 c:/winavr-20081205/bin/../lib/gcc/avr/4.3.2/../../../../avr/lib/avr5\libm.a(divsf3x.o)
 .text          0x000039b8        0x0 c:/winavr-20081205/bin/../lib/gcc/avr/4.3.2/../../../../avr/lib/avr5\libm.a(fixunssfsi.o)
 .text          0x000039b8        0x0 c:/winavr-20081205/bin/../lib/gcc/avr/4.3.2/../../../../avr/lib/avr5\libm.a(floatsisf.o)
 .text          0x000039b8        0x0 c:/winavr-20081205/bin/../lib/gcc/avr/4.3.2/../../../../avr/lib/avr5\libm.a(fp_cmp.o)
 .text          0x000039b8        0x0 c:/winavr-20081205/bin/../lib/gcc/avr/4.3.2/../../../../avr/lib/avr5\libm.a(fp_inf.o)
 .text          0x000039b8        0x0 c:/winavr-20081205/bin/../lib/gcc/avr/4.3.2/../../../../avr/lib/avr5\libm.a(fp_nan.o)
 .text          0x000039b8        0x0 c:/winavr-20081205/bin/../lib/gcc/avr/4.3.2/../../../../avr/lib/avr5\libm.a(fp_pscA.o)
 .text          0x000039b8        0x0 c:/winavr-20081205/bin/../lib/gcc/avr/4.3.2/../../../../avr/lib/avr5\libm.a(fp_pscB.o)
 .text          0x000039b8        0x0 c:/winavr-20081205/bin/../lib/gcc/avr/4.3.2/../../../../avr/lib/avr5\libm.a(fp_round.o)
 .text          0x000039b8        0x0 c:/winavr-20081205/bin/../lib/gcc/avr/4.3.2/../../../../avr/lib/avr5\libm.a(fp_split3.o)
 .text          0x000039b8        0x0 c:/winavr-20081205/bin/../lib/gcc/avr/4.3.2/../../../../avr/lib/avr5\libm.a(fp_zero.o)
 .text          0x000039b8        0x0 c:/winavr-20081205/bin/../lib/gcc/avr/4.3.2/../../../../avr/lib/avr5\libm.a(gesf2.o)
 .text          0x000039b8        0x0 c:/winavr-20081205/bin/../lib/gcc/avr/4.3.2/../../../../avr/lib/avr5\libm.a(mulsf3.o)
 .text          0x000039b8        0x0 c:/winavr-20081205/bin/../lib/gcc/avr/4.3.2/../../../../avr/lib/avr5\libm.a(mulsf3x.o)
 .text          0x000039b8        0x0 c:/winavr-20081205/bin/../lib/gcc/avr/4.3.2/../../../../avr/lib/avr5\libm.a(pow.o)
 .text          0x000039b8        0x0 c:/winavr-20081205/bin/../lib/gcc/avr/4.3.2/../../../../avr/lib/avr5\libm.a(sqrt.o)
 .text          0x000039b8        0x0 c:/winavr-20081205/bin/../lib/gcc/avr/4.3.2/../../../../avr/lib/avr5\libm.a(square.o)
 .text          0x000039b8        0x0 c:/winavr-20081205/bin/../lib/gcc/avr/4.3.2/../../../../avr/lib/avr5\libm.a(exp.o)
 .text          0x000039b8        0x0 c:/winavr-20081205/bin/../lib/gcc/avr/4.3.2/../../../../avr/lib/avr5\libm.a(fp_mpack.o)
 .text          0x000039b8        0x0 c:/winavr-20081205/bin/../lib/gcc/avr/4.3.2/../../../../avr/lib/avr5\libm.a(fp_norm2.o)
 .text          0x000039b8        0x0 c:/winavr-20081205/bin/../lib/gcc/avr/4.3.2/../../../../avr/lib/avr5\libm.a(fp_powser.o)
 .text          0x000039b8        0x0 c:/winavr-20081205/bin/../lib/gcc/avr/4.3.2/../../../../avr/lib/avr5\libm.a(inverse.o)
 .text          0x000039b8        0x0 c:/winavr-20081205/bin/../lib/gcc/avr/4.3.2/../../../../avr/lib/avr5\libm.a(ldexp.o)
 .text          0x000039b8        0x0 c:/winavr-20081205/bin/../lib/gcc/avr/4.3.2/../../../../avr/lib/avr5\libm.a(log.o)
 .text          0x000039b8        0x0 c:/winavr-20081205/bin/../lib/gcc/avr/4.3.2/../../../../avr/lib/avr5\libm.a(modf.o)
 .text          0x000039b8        0x6 c:/winavr-20081205/bin/../lib/gcc/avr/4.3.2/../../../../avr/lib/avr5\libc.a(exit.o)
                0x000039b8                exit
 .text          0x000039be        0x0 c:/winavr-20081205/bin/../lib/gcc/avr/4.3.2/avr5\libgcc.a(_udivmodhi4.o)
 .text          0x000039be        0x0 c:/winavr-20081205/bin/../lib/gcc/avr/4.3.2/avr5\libgcc.a(_divmodhi4.o)
 .text          0x000039be        0x0 c:/winavr-20081205/bin/../lib/gcc/avr/4.3.2/avr5\libgcc.a(_udivmodsi4.o)
 .text          0x000039be        0x0 c:/winavr-20081205/bin/../lib/gcc/avr/4.3.2/avr5\libgcc.a(_divmodsi4.o)
 .text          0x000039be        0x0 c:/winavr-20081205/bin/../lib/gcc/avr/4.3.2/avr5\libgcc.a(_exit.o)
 .text          0x000039be        0x0 c:/winavr-20081205/bin/../lib/gcc/avr/4.3.2/avr5\libgcc.a(_copy_data.o)
 .text          0x000039be        0x0 c:/winavr-20081205/bin/../lib/gcc/avr/4.3.2/avr5\libgcc.a(_clear_bss.o)
                0x000039be                . = ALIGN (0x2)
 *(.text.*)
 .text.fplib    0x000039be        0xa c:/winavr-20081205/bin/../lib/gcc/avr/4.3.2/../../../../avr/lib/avr5\libm.a(addsf3.o)
                0x000039be                __subsf3
                0x000039c0                __addsf3
 .text.fplib    0x000039c8       0xc0 c:/winavr-20081205/bin/../lib/gcc/avr/4.3.2/../../../../avr/lib/avr5\libm.a(addsf3x.o)
                0x000039e2                __addsf3x
 .text.fplib    0x00003a88        0x8 c:/winavr-20081205/bin/../lib/gcc/avr/4.3.2/../../../../avr/lib/avr5\libm.a(cmpsf2.o)
                0x00003a88                __lesf2
                0x00003a88                __nesf2
                0x00003a88                __eqsf2
                0x00003a88                __cmpsf2
                0x00003a88                __ltsf2
 .text.fplib    0x00003a90        0x4 c:/winavr-20081205/bin/../lib/gcc/avr/4.3.2/../../../../avr/lib/avr5\libm.a(divsf3.o)
                0x00003a90                __divsf3
 .text.fplib    0x00003a94       0xcc c:/winavr-20081205/bin/../lib/gcc/avr/4.3.2/../../../../avr/lib/avr5\libm.a(divsf3x.o)
                0x00003aaa                __divsf3x
                0x00003aae                __divsf3_pse
 .text.fplib    0x00003b60       0x58 c:/winavr-20081205/bin/../lib/gcc/avr/4.3.2/../../../../avr/lib/avr5\libm.a(fixunssfsi.o)
                0x00003b60                __fixunssfsi
 .text.fplib    0x00003bb8       0x7a c:/winavr-20081205/bin/../lib/gcc/avr/4.3.2/../../../../avr/lib/avr5\libm.a(floatsisf.o)
                0x00003bbc                __floatsisf
                0x00003bb8                __floatunsisf
 .text.fplib    0x00003c32       0x48 c:/winavr-20081205/bin/../lib/gcc/avr/4.3.2/../../../../avr/lib/avr5\libm.a(fp_cmp.o)
                0x00003c32                __fp_cmp
 .text.fplib    0x00003c7a        0xc c:/winavr-20081205/bin/../lib/gcc/avr/4.3.2/../../../../avr/lib/avr5\libm.a(fp_inf.o)
                0x00003c7a                __fp_inf
 .text.fplib    0x00003c86        0x6 c:/winavr-20081205/bin/../lib/gcc/avr/4.3.2/../../../../avr/lib/avr5\libm.a(fp_nan.o)
                0x00003c86                __fp_nan
 .text.fplib    0x00003c8c        0xe c:/winavr-20081205/bin/../lib/gcc/avr/4.3.2/../../../../avr/lib/avr5\libm.a(fp_pscA.o)
                0x00003c8c                __fp_pscA
 .text.fplib    0x00003c9a        0xe c:/winavr-20081205/bin/../lib/gcc/avr/4.3.2/../../../../avr/lib/avr5\libm.a(fp_pscB.o)
                0x00003c9a                __fp_pscB
 .text.fplib    0x00003ca8       0x22 c:/winavr-20081205/bin/../lib/gcc/avr/4.3.2/../../../../avr/lib/avr5\libm.a(fp_round.o)
                0x00003ca8                __fp_round
 .text.fplib    0x00003cca       0x44 c:/winavr-20081205/bin/../lib/gcc/avr/4.3.2/../../../../avr/lib/avr5\libm.a(fp_split3.o)
                0x00003cca                __fp_split3
                0x00003cda                __fp_splitA
 .text.fplib    0x00003d0e        0xe c:/winavr-20081205/bin/../lib/gcc/avr/4.3.2/../../../../avr/lib/avr5\libm.a(fp_zero.o)
                0x00003d0e                __fp_zero
                0x00003d10                __fp_szero
 .text.fplib    0x00003d1c        0x8 c:/winavr-20081205/bin/../lib/gcc/avr/4.3.2/../../../../avr/lib/avr5\libm.a(gesf2.o)
                0x00003d1c                __gtsf2
                0x00003d1c                __gesf2
 .text.fplib    0x00003d24        0x4 c:/winavr-20081205/bin/../lib/gcc/avr/4.3.2/../../../../avr/lib/avr5\libm.a(mulsf3.o)
                0x00003d24                __mulsf3
 .text.fplib    0x00003d28       0xc2 c:/winavr-20081205/bin/../lib/gcc/avr/4.3.2/../../../../avr/lib/avr5\libm.a(mulsf3x.o)
                0x00003d40                __mulsf3_pse
                0x00003d3c                __mulsf3x
 .text.fplib    0x00003dea       0x98 c:/winavr-20081205/bin/../lib/gcc/avr/4.3.2/../../../../avr/lib/avr5\libm.a(pow.o)
                0x00003dea                pow
 .text.fplib    0x00003e82       0x9c c:/winavr-20081205/bin/../lib/gcc/avr/4.3.2/../../../../avr/lib/avr5\libm.a(sqrt.o)
                0x00003e8a                sqrt
 .text.fplib    0x00003f1e        0x6 c:/winavr-20081205/bin/../lib/gcc/avr/4.3.2/../../../../avr/lib/avr5\libm.a(square.o)
                0x00003f1e                square
 .text.fplib    0x00003f24       0x62 c:/winavr-20081205/bin/../lib/gcc/avr/4.3.2/../../../../avr/lib/avr5\libm.a(exp.o)
                0x00003f2e                exp
 .text.fplib    0x00003f86       0x20 c:/winavr-20081205/bin/../lib/gcc/avr/4.3.2/../../../../avr/lib/avr5\libm.a(fp_mpack.o)
                0x00003f86                __fp_mpack
 .text.fplib    0x00003fa6        0xe c:/winavr-20081205/bin/../lib/gcc/avr/4.3.2/../../../../avr/lib/avr5\libm.a(fp_norm2.o)
                0x00003fa6                __fp_norm2
 .text.fplib    0x00003fb4       0x4a c:/winavr-20081205/bin/../lib/gcc/avr/4.3.2/../../../../avr/lib/avr5\libm.a(fp_powser.o)
                0x00003fb4                __fp_powser
 .text.fplib    0x00003ffe        0xe c:/winavr-20081205/bin/../lib/gcc/avr/4.3.2/../../../../avr/lib/avr5\libm.a(inverse.o)
                0x00003ffe                inverse
 .text.fplib    0x0000400c       0x6c c:/winavr-20081205/bin/../lib/gcc/avr/4.3.2/../../../../avr/lib/avr5\libm.a(ldexp.o)
                0x00004010                ldexp
 .text.fplib    0x00004078       0x8a c:/winavr-20081205/bin/../lib/gcc/avr/4.3.2/../../../../avr/lib/avr5\libm.a(log.o)
                0x00004082                log
 .text.fplib    0x00004102       0x66 c:/winavr-20081205/bin/../lib/gcc/avr/4.3.2/../../../../avr/lib/avr5\libm.a(modf.o)
                0x00004102                modf
 .text.libgcc   0x00004168       0x28 c:/winavr-20081205/bin/../lib/gcc/avr/4.3.2/avr5\libgcc.a(_udivmodhi4.o)
                0x00004168                __udivmodhi4
 .text.libgcc   0x00004190       0x26 c:/winavr-20081205/bin/../lib/gcc/avr/4.3.2/avr5\libgcc.a(_divmodhi4.o)
                0x00004190                __divmodhi4
                0x00004190                _div
 .text.libgcc   0x000041b6       0x44 c:/winavr-20081205/bin/../lib/gcc/avr/4.3.2/avr5\libgcc.a(_udivmodsi4.o)
                0x000041b6                __udivmodsi4
 .text.libgcc   0x000041fa       0x36 c:/winavr-20081205/bin/../lib/gcc/avr/4.3.2/avr5\libgcc.a(_divmodsi4.o)
                0x000041fa                __divmodsi4
 .text.libgcc   0x00004230        0x0 c:/winavr-20081205/bin/../lib/gcc/avr/4.3.2/avr5\libgcc.a(_exit.o)
 .text.libgcc   0x00004230        0x0 c:/winavr-20081205/bin/../lib/gcc/avr/4.3.2/avr5\libgcc.a(_copy_data.o)
 .text.libgcc   0x00004230        0x0 c:/winavr-20081205/bin/../lib/gcc/avr/4.3.2/avr5\libgcc.a(_clear_bss.o)
                0x00004230                . = ALIGN (0x2)
 *(.fini9)
 .fini9         0x00004230        0x0 c:/winavr-20081205/bin/../lib/gcc/avr/4.3.2/avr5\libgcc.a(_exit.o)
                0x00004230                _exit
 *(.fini9)
 *(.fini8)
 *(.fini8)
 *(.fini7)
 *(.fini7)
 *(.fini6)
 *(.fini6)
 *(.fini5)
 *(.fini5)
 *(.fini4)
 *(.fini4)
 *(.fini3)
 *(.fini3)
 *(.fini2)
 *(.fini2)
 *(.fini1)
 *(.fini1)
 *(.fini0)
 .fini0         0x00004230        0x4 c:/winavr-20081205/bin/../lib/gcc/avr/4.3.2/avr5\libgcc.a(_exit.o)
 *(.fini0)
                0x00004234                _etext = .

.data           0x00800200       0x92 load address 0x00004234
                0x00800200                PROVIDE (__data_start, .)
 *(.data)
 .data          0x00800200        0x0 c:/winavr-20081205/bin/../lib/gcc/avr/4.3.2/../../../../avr/lib/avr5/crtm640.o
 .data          0x00800200       0x92 lbRTOS.o
                0x00800200                angtable
 .data          0x00800292        0x0 timer640.o
 .data          0x00800292        0x0 uart4.o
 .data          0x00800292        0x0 a2d.o
 .data          0x00800292        0x0 rprintf.o
 .data          0x00800292        0x0 i2c.o
 .data          0x00800292        0x0 lds.o
 .data          0x00800292        0x0 buffer.o
 .data          0x00800292        0x0 c:/winavr-20081205/bin/../lib/gcc/avr/4.3.2/../../../../avr/lib/avr5\libm.a(addsf3.o)
 .data          0x00800292        0x0 c:/winavr-20081205/bin/../lib/gcc/avr/4.3.2/../../../../avr/lib/avr5\libm.a(addsf3x.o)
 .data          0x00800292        0x0 c:/winavr-20081205/bin/../lib/gcc/avr/4.3.2/../../../../avr/lib/avr5\libm.a(cmpsf2.o)
 .data          0x00800292        0x0 c:/winavr-20081205/bin/../lib/gcc/avr/4.3.2/../../../../avr/lib/avr5\libm.a(divsf3.o)
 .data          0x00800292        0x0 c:/winavr-20081205/bin/../lib/gcc/avr/4.3.2/../../../../avr/lib/avr5\libm.a(divsf3x.o)
 .data          0x00800292        0x0 c:/winavr-20081205/bin/../lib/gcc/avr/4.3.2/../../../../avr/lib/avr5\libm.a(fixunssfsi.o)
 .data          0x00800292        0x0 c:/winavr-20081205/bin/../lib/gcc/avr/4.3.2/../../../../avr/lib/avr5\libm.a(floatsisf.o)
 .data          0x00800292        0x0 c:/winavr-20081205/bin/../lib/gcc/avr/4.3.2/../../../../avr/lib/avr5\libm.a(fp_cmp.o)
 .data          0x00800292        0x0 c:/winavr-20081205/bin/../lib/gcc/avr/4.3.2/../../../../avr/lib/avr5\libm.a(fp_inf.o)
 .data          0x00800292        0x0 c:/winavr-20081205/bin/../lib/gcc/avr/4.3.2/../../../../avr/lib/avr5\libm.a(fp_nan.o)
 .data          0x00800292        0x0 c:/winavr-20081205/bin/../lib/gcc/avr/4.3.2/../../../../avr/lib/avr5\libm.a(fp_pscA.o)
 .data          0x00800292        0x0 c:/winavr-20081205/bin/../lib/gcc/avr/4.3.2/../../../../avr/lib/avr5\libm.a(fp_pscB.o)
 .data          0x00800292        0x0 c:/winavr-20081205/bin/../lib/gcc/avr/4.3.2/../../../../avr/lib/avr5\libm.a(fp_round.o)
 .data          0x00800292        0x0 c:/winavr-20081205/bin/../lib/gcc/avr/4.3.2/../../../../avr/lib/avr5\libm.a(fp_split3.o)
 .data          0x00800292        0x0 c:/winavr-20081205/bin/../lib/gcc/avr/4.3.2/../../../../avr/lib/avr5\libm.a(fp_zero.o)
 .data          0x00800292        0x0 c:/winavr-20081205/bin/../lib/gcc/avr/4.3.2/../../../../avr/lib/avr5\libm.a(gesf2.o)
 .data          0x00800292        0x0 c:/winavr-20081205/bin/../lib/gcc/avr/4.3.2/../../../../avr/lib/avr5\libm.a(mulsf3.o)
 .data          0x00800292        0x0 c:/winavr-20081205/bin/../lib/gcc/avr/4.3.2/../../../../avr/lib/avr5\libm.a(mulsf3x.o)
 .data          0x00800292        0x0 c:/winavr-20081205/bin/../lib/gcc/avr/4.3.2/../../../../avr/lib/avr5\libm.a(pow.o)
 .data          0x00800292        0x0 c:/winavr-20081205/bin/../lib/gcc/avr/4.3.2/../../../../avr/lib/avr5\libm.a(sqrt.o)
 .data          0x00800292        0x0 c:/winavr-20081205/bin/../lib/gcc/avr/4.3.2/../../../../avr/lib/avr5\libm.a(square.o)
 .data          0x00800292        0x0 c:/winavr-20081205/bin/../lib/gcc/avr/4.3.2/../../../../avr/lib/avr5\libm.a(exp.o)
 .data          0x00800292        0x0 c:/winavr-20081205/bin/../lib/gcc/avr/4.3.2/../../../../avr/lib/avr5\libm.a(fp_mpack.o)
 .data          0x00800292        0x0 c:/winavr-20081205/bin/../lib/gcc/avr/4.3.2/../../../../avr/lib/avr5\libm.a(fp_norm2.o)
 .data          0x00800292        0x0 c:/winavr-20081205/bin/../lib/gcc/avr/4.3.2/../../../../avr/lib/avr5\libm.a(fp_powser.o)
 .data          0x00800292        0x0 c:/winavr-20081205/bin/../lib/gcc/avr/4.3.2/../../../../avr/lib/avr5\libm.a(inverse.o)
 .data          0x00800292        0x0 c:/winavr-20081205/bin/../lib/gcc/avr/4.3.2/../../../../avr/lib/avr5\libm.a(ldexp.o)
 .data          0x00800292        0x0 c:/winavr-20081205/bin/../lib/gcc/avr/4.3.2/../../../../avr/lib/avr5\libm.a(log.o)
 .data          0x00800292        0x0 c:/winavr-20081205/bin/../lib/gcc/avr/4.3.2/../../../../avr/lib/avr5\libm.a(modf.o)
 .data          0x00800292        0x0 c:/winavr-20081205/bin/../lib/gcc/avr/4.3.2/../../../../avr/lib/avr5\libc.a(exit.o)
 .data          0x00800292        0x0 c:/winavr-20081205/bin/../lib/gcc/avr/4.3.2/avr5\libgcc.a(_udivmodhi4.o)
 .data          0x00800292        0x0 c:/winavr-20081205/bin/../lib/gcc/avr/4.3.2/avr5\libgcc.a(_divmodhi4.o)
 .data          0x00800292        0x0 c:/winavr-20081205/bin/../lib/gcc/avr/4.3.2/avr5\libgcc.a(_udivmodsi4.o)
 .data          0x00800292        0x0 c:/winavr-20081205/bin/../lib/gcc/avr/4.3.2/avr5\libgcc.a(_divmodsi4.o)
 .data          0x00800292        0x0 c:/winavr-20081205/bin/../lib/gcc/avr/4.3.2/avr5\libgcc.a(_exit.o)
 .data          0x00800292        0x0 c:/winavr-20081205/bin/../lib/gcc/avr/4.3.2/avr5\libgcc.a(_copy_data.o)
 .data          0x00800292        0x0 c:/winavr-20081205/bin/../lib/gcc/avr/4.3.2/avr5\libgcc.a(_clear_bss.o)
 *(.data*)
 *(.rodata)
 *(.rodata*)
 *(.gnu.linkonce.d*)
                0x00800292                . = ALIGN (0x2)
                0x00800292                _edata = .
                0x00800292                PROVIDE (__data_end, .)

.bss            0x00800292      0x445
                0x00800292                PROVIDE (__bss_start, .)
 *(.bss)
 .bss           0x00800292        0x0 c:/winavr-20081205/bin/../lib/gcc/avr/4.3.2/../../../../avr/lib/avr5/crtm640.o
 .bss           0x00800292        0x0 lbRTOS.o
 .bss           0x00800292       0x34 timer640.o
 .bss           0x008002c6      0x248 uart4.o
 .bss           0x0080050e        0x0 a2d.o
 .bss           0x0080050e        0x2 rprintf.o
 .bss           0x00800510       0x4a i2c.o
 .bss           0x0080055a        0x4 lds.o
                0x0080055a                lds_buffer_write_ndx
                0x0080055c                lds_buffer_read_ndx
 .bss           0x0080055e        0x0 buffer.o
 .bss           0x0080055e        0x0 c:/winavr-20081205/bin/../lib/gcc/avr/4.3.2/../../../../avr/lib/avr5\libm.a(addsf3.o)
 .bss           0x0080055e        0x0 c:/winavr-20081205/bin/../lib/gcc/avr/4.3.2/../../../../avr/lib/avr5\libm.a(addsf3x.o)
 .bss           0x0080055e        0x0 c:/winavr-20081205/bin/../lib/gcc/avr/4.3.2/../../../../avr/lib/avr5\libm.a(cmpsf2.o)
 .bss           0x0080055e        0x0 c:/winavr-20081205/bin/../lib/gcc/avr/4.3.2/../../../../avr/lib/avr5\libm.a(divsf3.o)
 .bss           0x0080055e        0x0 c:/winavr-20081205/bin/../lib/gcc/avr/4.3.2/../../../../avr/lib/avr5\libm.a(divsf3x.o)
 .bss           0x0080055e        0x0 c:/winavr-20081205/bin/../lib/gcc/avr/4.3.2/../../../../avr/lib/avr5\libm.a(fixunssfsi.o)
 .bss           0x0080055e        0x0 c:/winavr-20081205/bin/../lib/gcc/avr/4.3.2/../../../../avr/lib/avr5\libm.a(floatsisf.o)
 .bss           0x0080055e        0x0 c:/winavr-20081205/bin/../lib/gcc/avr/4.3.2/../../../../avr/lib/avr5\libm.a(fp_cmp.o)
 .bss           0x0080055e        0x0 c:/winavr-20081205/bin/../lib/gcc/avr/4.3.2/../../../../avr/lib/avr5\libm.a(fp_inf.o)
 .bss           0x0080055e        0x0 c:/winavr-20081205/bin/../lib/gcc/avr/4.3.2/../../../../avr/lib/avr5\libm.a(fp_nan.o)
 .bss           0x0080055e        0x0 c:/winavr-20081205/bin/../lib/gcc/avr/4.3.2/../../../../avr/lib/avr5\libm.a(fp_pscA.o)
 .bss           0x0080055e        0x0 c:/winavr-20081205/bin/../lib/gcc/avr/4.3.2/../../../../avr/lib/avr5\libm.a(fp_pscB.o)
 .bss           0x0080055e        0x0 c:/winavr-20081205/bin/../lib/gcc/avr/4.3.2/../../../../avr/lib/avr5\libm.a(fp_round.o)
 .bss           0x0080055e        0x0 c:/winavr-20081205/bin/../lib/gcc/avr/4.3.2/../../../../avr/lib/avr5\libm.a(fp_split3.o)
 .bss           0x0080055e        0x0 c:/winavr-20081205/bin/../lib/gcc/avr/4.3.2/../../../../avr/lib/avr5\libm.a(fp_zero.o)
 .bss           0x0080055e        0x0 c:/winavr-20081205/bin/../lib/gcc/avr/4.3.2/../../../../avr/lib/avr5\libm.a(gesf2.o)
 .bss           0x0080055e        0x0 c:/winavr-20081205/bin/../lib/gcc/avr/4.3.2/../../../../avr/lib/avr5\libm.a(mulsf3.o)
 .bss           0x0080055e        0x0 c:/winavr-20081205/bin/../lib/gcc/avr/4.3.2/../../../../avr/lib/avr5\libm.a(mulsf3x.o)
 .bss           0x0080055e        0x0 c:/winavr-20081205/bin/../lib/gcc/avr/4.3.2/../../../../avr/lib/avr5\libm.a(pow.o)
 .bss           0x0080055e        0x0 c:/winavr-20081205/bin/../lib/gcc/avr/4.3.2/../../../../avr/lib/avr5\libm.a(sqrt.o)
 .bss           0x0080055e        0x0 c:/winavr-20081205/bin/../lib/gcc/avr/4.3.2/../../../../avr/lib/avr5\libm.a(square.o)
 .bss           0x0080055e        0x0 c:/winavr-20081205/bin/../lib/gcc/avr/4.3.2/../../../../avr/lib/avr5\libm.a(exp.o)
 .bss           0x0080055e        0x0 c:/winavr-20081205/bin/../lib/gcc/avr/4.3.2/../../../../avr/lib/avr5\libm.a(fp_mpack.o)
 .bss           0x0080055e        0x0 c:/winavr-20081205/bin/../lib/gcc/avr/4.3.2/../../../../avr/lib/avr5\libm.a(fp_norm2.o)
 .bss           0x0080055e        0x0 c:/winavr-20081205/bin/../lib/gcc/avr/4.3.2/../../../../avr/lib/avr5\libm.a(fp_powser.o)
 .bss           0x0080055e        0x0 c:/winavr-20081205/bin/../lib/gcc/avr/4.3.2/../../../../avr/lib/avr5\libm.a(inverse.o)
 .bss           0x0080055e        0x0 c:/winavr-20081205/bin/../lib/gcc/avr/4.3.2/../../../../avr/lib/avr5\libm.a(ldexp.o)
 .bss           0x0080055e        0x0 c:/winavr-20081205/bin/../lib/gcc/avr/4.3.2/../../../../avr/lib/avr5\libm.a(log.o)
 .bss           0x0080055e        0x0 c:/winavr-20081205/bin/../lib/gcc/avr/4.3.2/../../../../avr/lib/avr5\libm.a(modf.o)
 .bss           0x0080055e        0x0 c:/winavr-20081205/bin/../lib/gcc/avr/4.3.2/../../../../avr/lib/avr5\libc.a(exit.o)
 .bss           0x0080055e        0x0 c:/winavr-20081205/bin/../lib/gcc/avr/4.3.2/avr5\libgcc.a(_udivmodhi4.o)
 .bss           0x0080055e        0x0 c:/winavr-20081205/bin/../lib/gcc/avr/4.3.2/avr5\libgcc.a(_divmodhi4.o)
 .bss           0x0080055e        0x0 c:/winavr-20081205/bin/../lib/gcc/avr/4.3.2/avr5\libgcc.a(_udivmodsi4.o)
 .bss           0x0080055e        0x0 c:/winavr-20081205/bin/../lib/gcc/avr/4.3.2/avr5\libgcc.a(_divmodsi4.o)
 .bss           0x0080055e        0x0 c:/winavr-20081205/bin/../lib/gcc/avr/4.3.2/avr5\libgcc.a(_exit.o)
 .bss           0x0080055e        0x0 c:/winavr-20081205/bin/../lib/gcc/avr/4.3.2/avr5\libgcc.a(_copy_data.o)
 .bss           0x0080055e        0x0 c:/winavr-20081205/bin/../lib/gcc/avr/4.3.2/avr5\libgcc.a(_clear_bss.o)
 *(.bss*)
 *(COMMON)
 COMMON         0x0080055e        0xc lbRTOS.o
                0x0080055e                robot
 COMMON         0x0080056a       0x1c timer640.o
                0x0080056a                timer4_ovrflow_cnt
                0x0080056e                timer1_ovrflow_cnt
                0x00800572                timer0_ovrflow_cnt
                0x00800576                timer2_ovrflow_cnt
                0x0080057a                timer_sleep_cnt
                0x0080057e                timer3_ovrflow_cnt
                0x00800582                timer5_ovrflow_cnt
 COMMON         0x00800586       0x50 uart4.o
                0x00800586                uartReadyTx
                0x0080058a                uartRxBuffer
                0x008005aa                uartBufferedTx
                0x008005ae                uartTxBuffer
                0x008005ce                uartRxOverflow
 COMMON         0x008005d6        0x1 a2d.o
                0x008005d6                a2dCompleteFlag
 COMMON         0x008005d7      0x100 lds.o
                0x008005d7                lds_buffer
                0x008006d7                PROVIDE (__bss_end, .)
                0x00004234                __data_load_start = LOADADDR (.data)
                0x000042c6                __data_load_end = (__data_load_start + SIZEOF (.data))

.noinit         0x008006d7        0x0
                0x008006d7                PROVIDE (__noinit_start, .)
 *(.noinit*)
                0x008006d7                PROVIDE (__noinit_end, .)
                0x008006d7                _end = .
                0x008006d7                PROVIDE (__heap_start, .)

.eeprom         0x00810000        0x0
 *(.eeprom*)
                0x00810000                __eeprom_end = .

.fuse
 *(.fuse)
 *(.lfuse)
 *(.hfuse)
 *(.efuse)

.lock
 *(.lock*)

.signature
 *(.signature*)

.stab
 *(.stab)

.stabstr
 *(.stabstr)

.stab.excl
 *(.stab.excl)

.stab.exclstr
 *(.stab.exclstr)

.stab.index
 *(.stab.index)

.stab.indexstr
 *(.stab.indexstr)

.comment
 *(.comment)

.debug
 *(.debug)

.line
 *(.line)

.debug_srcinfo
 *(.debug_srcinfo)

.debug_sfnames
 *(.debug_sfnames)

.debug_aranges  0x00000000      0x100
 *(.debug_aranges)
 .debug_aranges
                0x00000000       0x20 lbRTOS.o
 .debug_aranges
                0x00000020       0x20 timer640.o
 .debug_aranges
                0x00000040       0x20 uart4.o
 .debug_aranges
                0x00000060       0x20 a2d.o
 .debug_aranges
                0x00000080       0x20 rprintf.o
 .debug_aranges
                0x000000a0       0x20 i2c.o
 .debug_aranges
                0x000000c0       0x20 lds.o
 .debug_aranges
                0x000000e0       0x20 buffer.o

.debug_pubnames
                0x00000000     0x1216
 *(.debug_pubnames)
 .debug_pubnames
                0x00000000      0x44f lbRTOS.o
 .debug_pubnames
                0x0000044f      0x588 timer640.o
 .debug_pubnames
                0x000009d7      0x386 uart4.o
 .debug_pubnames
                0x00000d5d       0xd4 a2d.o
 .debug_pubnames
                0x00000e31       0xe5 rprintf.o
 .debug_pubnames
                0x00000f16      0x17c i2c.o
 .debug_pubnames
                0x00001092       0xe8 lds.o
 .debug_pubnames
                0x0000117a       0x9c buffer.o

.debug_info     0x00000000     0x37b0
 *(.debug_info)
 .debug_info    0x00000000      0xc60 lbRTOS.o
 .debug_info    0x00000c60      0xbe7 timer640.o
 .debug_info    0x00001847      0x933 uart4.o
 .debug_info    0x0000217a      0x21b a2d.o
 .debug_info    0x00002395      0x580 rprintf.o
 .debug_info    0x00002915      0x68c i2c.o
 .debug_info    0x00002fa1      0x544 lds.o
 .debug_info    0x000034e5      0x2cb buffer.o
 *(.gnu.linkonce.wi.*)

.debug_abbrev   0x00000000      0xee5
 *(.debug_abbrev)
 .debug_abbrev  0x00000000      0x2bd lbRTOS.o
 .debug_abbrev  0x000002bd      0x248 timer640.o
 .debug_abbrev  0x00000505      0x1e0 uart4.o
 .debug_abbrev  0x000006e5      0x12f a2d.o
 .debug_abbrev  0x00000814      0x1c9 rprintf.o
 .debug_abbrev  0x000009dd      0x23f i2c.o
 .debug_abbrev  0x00000c1c      0x1dd lds.o
 .debug_abbrev  0x00000df9       0xec buffer.o

.debug_line     0x00000000     0x2c7a
 *(.debug_line)
 .debug_line    0x00000000      0xcfb lbRTOS.o
 .debug_line    0x00000cfb      0x7a1 timer640.o
 .debug_line    0x0000149c      0x75f uart4.o
 .debug_line    0x00001bfb      0x1dc a2d.o
 .debug_line    0x00001dd7      0x43d rprintf.o
 .debug_line    0x00002214      0x527 i2c.o
 .debug_line    0x0000273b      0x357 lds.o
 .debug_line    0x00002a92      0x1e8 buffer.o

.debug_frame    0x00000000      0xdf0
 *(.debug_frame)
 .debug_frame   0x00000000      0x360 lbRTOS.o
 .debug_frame   0x00000360      0x400 timer640.o
 .debug_frame   0x00000760      0x2b0 uart4.o
 .debug_frame   0x00000a10       0xb0 a2d.o
 .debug_frame   0x00000ac0       0xe0 rprintf.o
 .debug_frame   0x00000ba0      0x130 i2c.o
 .debug_frame   0x00000cd0       0xa0 lds.o
 .debug_frame   0x00000d70       0x80 buffer.o

.debug_str      0x00000000     0x1698
 *(.debug_str)
 .debug_str     0x00000000      0x52d lbRTOS.o
                                0x583 (size before relaxing)
 .debug_str     0x0000052d      0x74f timer640.o
                                0x834 (size before relaxing)
 .debug_str     0x00000c7c      0x3ac uart4.o
                                0x479 (size before relaxing)
 .debug_str     0x00001028       0xac a2d.o
                                0x165 (size before relaxing)
 .debug_str     0x000010d4      0x171 rprintf.o
                                0x273 (size before relaxing)
 .debug_str     0x00001245      0x288 i2c.o
                                0x34d (size before relaxing)
 .debug_str     0x000014cd      0x134 lds.o
                                0x21c (size before relaxing)
 .debug_str     0x00001601       0x97 buffer.o
                                0x1a1 (size before relaxing)

.debug_loc      0x00000000     0x19c4
 *(.debug_loc)
 .debug_loc     0x00000000      0x4ff lbRTOS.o
 .debug_loc     0x000004ff      0x1e6 timer640.o
 .debug_loc     0x000006e5      0x502 uart4.o
 .debug_loc     0x00000be7       0x6d a2d.o
 .debug_loc     0x00000c54      0x7c0 rprintf.o
 .debug_loc     0x00001414      0x232 i2c.o
 .debug_loc     0x00001646      0x1dc lds.o
 .debug_loc     0x00001822      0x1a2 buffer.o

.debug_macinfo
 *(.debug_macinfo)
OUTPUT(lbRTOS.elf elf32-avr)
LOAD linker stubs

.debug_ranges   0x00000000       0x60
 .debug_ranges  0x00000000       0x30 lbRTOS.o
 .debug_ranges  0x00000030       0x30 lds.o
